2026-05-21 19:20:14.405 +03:00 [WRN] Entity 'User' has a global query filter defined and is the required end of a relationship with the entity 'Message'. This may lead to unexpected results when the required entity is filtered out. Either configure the navigation as optional, or define matching query filters for both entities in the navigation. See https://go.microsoft.com/fwlink/?linkid=2131316 for more information.
2026-05-21 19:20:14.434 +03:00 [WRN] Entity 'User' has a global query filter defined and is the required end of a relationship with the entity 'Notification'. This may lead to unexpected results when the required entity is filtered out. Either configure the navigation as optional, or define matching query filters for both entities in the navigation. See https://go.microsoft.com/fwlink/?linkid=2131316 for more information.
2026-05-21 19:20:14.435 +03:00 [WRN] Entity 'Job' has a global query filter defined and is the required end of a relationship with the entity 'SavedJob'. This may lead to unexpected results when the required entity is filtered out. Either configure the navigation as optional, or define matching query filters for both entities in the navigation. See https://go.microsoft.com/fwlink/?linkid=2131316 for more information.
2026-05-21 19:20:14.435 +03:00 [WRN] Entity 'User' has a global query filter defined and is the required end of a relationship with the entity 'Subscription'. This may lead to unexpected results when the required entity is filtered out. Either configure the navigation as optional, or define matching query filters for both entities in the navigation. See https://go.microsoft.com/fwlink/?linkid=2131316 for more information.
2026-05-21 19:20:14.435 +03:00 [WRN] Entity 'User' has a global query filter defined and is the required end of a relationship with the entity 'UsherProfile'. This may lead to unexpected results when the required entity is filtered out. Either configure the navigation as optional, or define matching query filters for both entities in the navigation. See https://go.microsoft.com/fwlink/?linkid=2131316 for more information.
2026-05-21 19:20:14.483 +03:00 [WRN] No store type was specified for the decimal property 'ExpectedSalaryPerDay' on entity type 'UsherProfile'. This will cause values to be silently truncated if they do not fit in the default precision and scale. Explicitly specify the SQL server column type that can accommodate all the values in 'OnModelCreating' using 'HasColumnType', specify precision and scale using 'HasPrecision', or configure a value converter using 'HasConversion'.
2026-05-21 19:20:36.623 +03:00 [WRN] Entity 'User' has a global query filter defined and is the required end of a relationship with the entity 'Message'. This may lead to unexpected results when the required entity is filtered out. Either configure the navigation as optional, or define matching query filters for both entities in the navigation. See https://go.microsoft.com/fwlink/?linkid=2131316 for more information.
2026-05-21 19:20:36.650 +03:00 [WRN] Entity 'User' has a global query filter defined and is the required end of a relationship with the entity 'Notification'. This may lead to unexpected results when the required entity is filtered out. Either configure the navigation as optional, or define matching query filters for both entities in the navigation. See https://go.microsoft.com/fwlink/?linkid=2131316 for more information.
2026-05-21 19:20:36.650 +03:00 [WRN] Entity 'Job' has a global query filter defined and is the required end of a relationship with the entity 'SavedJob'. This may lead to unexpected results when the required entity is filtered out. Either configure the navigation as optional, or define matching query filters for both entities in the navigation. See https://go.microsoft.com/fwlink/?linkid=2131316 for more information.
2026-05-21 19:20:36.650 +03:00 [WRN] Entity 'User' has a global query filter defined and is the required end of a relationship with the entity 'Subscription'. This may lead to unexpected results when the required entity is filtered out. Either configure the navigation as optional, or define matching query filters for both entities in the navigation. See https://go.microsoft.com/fwlink/?linkid=2131316 for more information.
2026-05-21 19:20:36.650 +03:00 [WRN] Entity 'User' has a global query filter defined and is the required end of a relationship with the entity 'UsherProfile'. This may lead to unexpected results when the required entity is filtered out. Either configure the navigation as optional, or define matching query filters for both entities in the navigation. See https://go.microsoft.com/fwlink/?linkid=2131316 for more information.
2026-05-21 19:20:36.703 +03:00 [WRN] No store type was specified for the decimal property 'ExpectedSalaryPerDay' on entity type 'UsherProfile'. This will cause values to be silently truncated if they do not fit in the default precision and scale. Explicitly specify the SQL server column type that can accommodate all the values in 'OnModelCreating' using 'HasColumnType', specify precision and scale using 'HasPrecision', or configure a value converter using 'HasConversion'.
2026-05-21 19:21:35.262 +03:00 [WRN] Entity 'User' has a global query filter defined and is the required end of a relationship with the entity 'Message'. This may lead to unexpected results when the required entity is filtered out. Either configure the navigation as optional, or define matching query filters for both entities in the navigation. See https://go.microsoft.com/fwlink/?linkid=2131316 for more information.
2026-05-21 19:21:35.289 +03:00 [WRN] Entity 'User' has a global query filter defined and is the required end of a relationship with the entity 'Notification'. This may lead to unexpected results when the required entity is filtered out. Either configure the navigation as optional, or define matching query filters for both entities in the navigation. See https://go.microsoft.com/fwlink/?linkid=2131316 for more information.
2026-05-21 19:21:35.289 +03:00 [WRN] Entity 'Job' has a global query filter defined and is the required end of a relationship with the entity 'SavedJob'. This may lead to unexpected results when the required entity is filtered out. Either configure the navigation as optional, or define matching query filters for both entities in the navigation. See https://go.microsoft.com/fwlink/?linkid=2131316 for more information.
2026-05-21 19:21:35.289 +03:00 [WRN] Entity 'User' has a global query filter defined and is the required end of a relationship with the entity 'Subscription'. This may lead to unexpected results when the required entity is filtered out. Either configure the navigation as optional, or define matching query filters for both entities in the navigation. See https://go.microsoft.com/fwlink/?linkid=2131316 for more information.
2026-05-21 19:21:35.289 +03:00 [WRN] Entity 'User' has a global query filter defined and is the required end of a relationship with the entity 'UsherProfile'. This may lead to unexpected results when the required entity is filtered out. Either configure the navigation as optional, or define matching query filters for both entities in the navigation. See https://go.microsoft.com/fwlink/?linkid=2131316 for more information.
2026-05-21 19:21:35.335 +03:00 [WRN] No store type was specified for the decimal property 'ExpectedSalaryPerDay' on entity type 'UsherProfile'. This will cause values to be silently truncated if they do not fit in the default precision and scale. Explicitly specify the SQL server column type that can accommodate all the values in 'OnModelCreating' using 'HasColumnType', specify precision and scale using 'HasPrecision', or configure a value converter using 'HasConversion'.
2026-05-21 19:21:36.124 +03:00 [INF] ✅ Database migrated and seeded successfully
2026-05-21 19:21:36.128 +03:00 [INF] 🚀 UshersEg API running at 
2026-05-21 19:27:34.889 +03:00 [WRN] Entity 'User' has a global query filter defined and is the required end of a relationship with the entity 'Message'. This may lead to unexpected results when the required entity is filtered out. Either configure the navigation as optional, or define matching query filters for both entities in the navigation. See https://go.microsoft.com/fwlink/?linkid=2131316 for more information.
2026-05-21 19:27:34.916 +03:00 [WRN] Entity 'User' has a global query filter defined and is the required end of a relationship with the entity 'Notification'. This may lead to unexpected results when the required entity is filtered out. Either configure the navigation as optional, or define matching query filters for both entities in the navigation. See https://go.microsoft.com/fwlink/?linkid=2131316 for more information.
2026-05-21 19:27:34.916 +03:00 [WRN] Entity 'Job' has a global query filter defined and is the required end of a relationship with the entity 'SavedJob'. This may lead to unexpected results when the required entity is filtered out. Either configure the navigation as optional, or define matching query filters for both entities in the navigation. See https://go.microsoft.com/fwlink/?linkid=2131316 for more information.
2026-05-21 19:27:34.916 +03:00 [WRN] Entity 'User' has a global query filter defined and is the required end of a relationship with the entity 'Subscription'. This may lead to unexpected results when the required entity is filtered out. Either configure the navigation as optional, or define matching query filters for both entities in the navigation. See https://go.microsoft.com/fwlink/?linkid=2131316 for more information.
2026-05-21 19:27:34.916 +03:00 [WRN] Entity 'User' has a global query filter defined and is the required end of a relationship with the entity 'UsherProfile'. This may lead to unexpected results when the required entity is filtered out. Either configure the navigation as optional, or define matching query filters for both entities in the navigation. See https://go.microsoft.com/fwlink/?linkid=2131316 for more information.
2026-05-21 19:27:34.962 +03:00 [WRN] No store type was specified for the decimal property 'ExpectedSalaryPerDay' on entity type 'UsherProfile'. This will cause values to be silently truncated if they do not fit in the default precision and scale. Explicitly specify the SQL server column type that can accommodate all the values in 'OnModelCreating' using 'HasColumnType', specify precision and scale using 'HasPrecision', or configure a value converter using 'HasConversion'.
2026-05-21 19:27:35.701 +03:00 [INF] ✅ Database migrated and seeded successfully
2026-05-21 19:27:35.705 +03:00 [INF] 🚀 UshersEg API running at 
2026-05-21 19:32:34.794 +03:00 [INF] HTTP POST /api/v1/auth/login responded 200 in 791.5084 ms
2026-05-21 19:32:35.364 +03:00 [INF] HTTP GET /api/v1/jobs/saved responded 200 in 343.0519 ms
2026-05-21 19:32:35.382 +03:00 [INF] HTTP GET /api/v1/jobs/saved responded 200 in 14.9564 ms
2026-05-21 19:32:35.470 +03:00 [INF] HTTP GET /api/v1/applications/my responded 200 in 448.5851 ms
2026-05-21 19:32:35.482 +03:00 [INF] HTTP GET /api/v1/applications/my responded 200 in 10.0691 ms
2026-05-21 19:32:39.259 +03:00 [INF] HTTP GET /api/v1/jobs responded 200 in 98.8205 ms
2026-05-21 19:32:41.287 +03:00 [INF] HTTP GET /api/v1/jobs/saved responded 200 in 3.9079 ms
2026-05-21 19:32:41.291 +03:00 [INF] HTTP GET /api/v1/applications/my responded 200 in 7.6787 ms
2026-05-21 19:32:41.295 +03:00 [INF] HTTP GET /api/v1/jobs/saved responded 200 in 6.1835 ms
2026-05-21 19:32:41.298 +03:00 [INF] HTTP GET /api/v1/applications/my responded 200 in 6.0619 ms
2026-05-21 19:32:44.216 +03:00 [INF] HTTP GET /api/v1/users/me responded 200 in 54.2111 ms
2026-05-21 19:32:44.221 +03:00 [INF] HTTP GET /api/v1/users/me responded 200 in 4.1082 ms
2026-05-21 19:33:22.095 +03:00 [INF] HTTP GET /api/v1/jobs responded 200 in 6.6823 ms
2026-05-21 19:33:24.463 +03:00 [INF] HTTP GET /api/v1/companies responded 200 in 115.2426 ms
2026-05-21 19:33:44.129 +03:00 [INF] HTTP GET /api/v1/jobs responded 200 in 12.5584 ms
2026-05-21 19:33:51.618 +03:00 [INF] HTTP GET /api/v1/jobs responded 200 in 4.9016 ms
2026-05-21 19:33:54.964 +03:00 [INF] HTTP GET /api/v1/jobs/saved responded 200 in 60.5617 ms
2026-05-21 19:33:54.964 +03:00 [INF] HTTP GET /api/v1/applications/my responded 200 in 61.7702 ms
2026-05-21 19:33:54.970 +03:00 [INF] HTTP GET /api/v1/jobs/saved responded 200 in 4.9895 ms
2026-05-21 19:33:54.971 +03:00 [INF] HTTP GET /api/v1/applications/my responded 200 in 5.4722 ms
2026-05-21 19:33:57.602 +03:00 [INF] HTTP GET /api/v1/jobs responded 200 in 164.1784 ms
2026-05-21 19:33:58.664 +03:00 [INF] HTTP GET /api/v1/jobs/saved responded 200 in 22.6434 ms
2026-05-21 19:33:58.669 +03:00 [INF] HTTP GET /api/v1/jobs/saved responded 200 in 4.1145 ms
2026-05-21 19:33:58.677 +03:00 [INF] HTTP GET /api/v1/applications/my responded 200 in 35.3046 ms
2026-05-21 19:33:58.683 +03:00 [INF] HTTP GET /api/v1/applications/my responded 200 in 4.6931 ms
2026-05-21 19:34:01.187 +03:00 [INF] HTTP GET /api/v1/users/me responded 200 in 237.9644 ms
2026-05-21 19:34:01.213 +03:00 [INF] HTTP GET /api/v1/users/me responded 200 in 2.5433 ms
2026-05-21 19:36:45.618 +03:00 [INF] HTTP POST /api/v1/auth/login responded 200 in 281.0592 ms
2026-05-21 19:36:45.815 +03:00 [INF] HTTP GET /api/v1/jobs/saved responded 200 in 21.4884 ms
2026-05-21 19:36:45.819 +03:00 [INF] HTTP GET /api/v1/applications/my responded 200 in 25.7823 ms
2026-05-21 19:36:45.823 +03:00 [INF] HTTP GET /api/v1/jobs/saved responded 200 in 6.2586 ms
2026-05-21 19:36:45.826 +03:00 [INF] HTTP GET /api/v1/applications/my responded 200 in 4.2206 ms
2026-05-21 19:39:10.603 +03:00 [INF] HTTP GET /api/v1/jobs responded 200 in 18.4830 ms
2026-05-21 19:39:14.629 +03:00 [INF] HTTP GET /api/v1/jobs/68b433b0-6906-4b2f-a94f-ac0abb2c6a04 responded 200 in 93.4186 ms
2026-05-21 19:39:14.635 +03:00 [INF] HTTP GET /api/v1/jobs/68b433b0-6906-4b2f-a94f-ac0abb2c6a04 responded 200 in 4.2618 ms
2026-05-21 19:39:16.552 +03:00 [INF] HTTP POST /api/v1/applications responded 200 in 182.7501 ms
2026-05-21 19:39:16.577 +03:00 [INF] HTTP GET /api/v1/jobs/68b433b0-6906-4b2f-a94f-ac0abb2c6a04 responded 200 in 19.7450 ms
2026-05-21 19:39:58.202 +03:00 [INF] HTTP GET /api/v1/users/me responded 200 in 12.2456 ms
2026-05-21 19:39:58.208 +03:00 [INF] HTTP GET /api/v1/users/me responded 200 in 3.0691 ms
2026-05-21 19:39:58.221 +03:00 [INF] HTTP GET /api/v1/applications/my responded 200 in 28.5270 ms
2026-05-21 19:39:58.225 +03:00 [INF] HTTP GET /api/v1/jobs/saved responded 200 in 29.8380 ms
2026-05-21 19:39:58.227 +03:00 [INF] HTTP GET /api/v1/applications/my responded 200 in 5.1491 ms
2026-05-21 19:39:58.234 +03:00 [INF] HTTP GET /api/v1/jobs/saved responded 200 in 7.7823 ms
