2026-05-18 01:22:41.438 +03:00 [WRN] Entity 'User' has a global query filter defined and is the required end of a relationship with the entity 'Message'. This may lead to unexpected results when the required entity is filtered out. Either configure the navigation as optional, or define matching query filters for both entities in the navigation. See https://go.microsoft.com/fwlink/?linkid=2131316 for more information.
2026-05-18 01:22:41.466 +03:00 [WRN] Entity 'User' has a global query filter defined and is the required end of a relationship with the entity 'Notification'. This may lead to unexpected results when the required entity is filtered out. Either configure the navigation as optional, or define matching query filters for both entities in the navigation. See https://go.microsoft.com/fwlink/?linkid=2131316 for more information.
2026-05-18 01:22:41.466 +03:00 [WRN] Entity 'Job' has a global query filter defined and is the required end of a relationship with the entity 'SavedJob'. This may lead to unexpected results when the required entity is filtered out. Either configure the navigation as optional, or define matching query filters for both entities in the navigation. See https://go.microsoft.com/fwlink/?linkid=2131316 for more information.
2026-05-18 01:22:41.466 +03:00 [WRN] Entity 'User' has a global query filter defined and is the required end of a relationship with the entity 'Subscription'. This may lead to unexpected results when the required entity is filtered out. Either configure the navigation as optional, or define matching query filters for both entities in the navigation. See https://go.microsoft.com/fwlink/?linkid=2131316 for more information.
2026-05-18 01:22:41.466 +03:00 [WRN] Entity 'User' has a global query filter defined and is the required end of a relationship with the entity 'UsherProfile'. This may lead to unexpected results when the required entity is filtered out. Either configure the navigation as optional, or define matching query filters for both entities in the navigation. See https://go.microsoft.com/fwlink/?linkid=2131316 for more information.
2026-05-18 01:22:41.513 +03:00 [WRN] No store type was specified for the decimal property 'ExpectedSalaryPerDay' on entity type 'UsherProfile'. This will cause values to be silently truncated if they do not fit in the default precision and scale. Explicitly specify the SQL server column type that can accommodate all the values in 'OnModelCreating' using 'HasColumnType', specify precision and scale using 'HasPrecision', or configure a value converter using 'HasConversion'.
2026-05-18 01:22:42.335 +03:00 [INF] ✅ Database migrated and seeded successfully
2026-05-18 01:22:42.340 +03:00 [INF] 🚀 UshersEg API running at 
2026-05-18 01:31:14.443 +03:00 [INF] HTTP POST /api/v1/auth/login responded 200 in 750.3611 ms
2026-05-18 01:31:15.085 +03:00 [INF] HTTP GET /api/v1/jobs/my responded 200 in 360.5953 ms
2026-05-18 01:31:15.102 +03:00 [INF] HTTP GET /api/v1/jobs/my responded 200 in 14.5652 ms
2026-05-18 01:32:35.088 +03:00 [INF] HTTP GET /api/v1/jobs/my responded 200 in 10.8580 ms
2026-05-18 01:32:35.094 +03:00 [INF] HTTP GET /api/v1/jobs/my responded 200 in 5.1119 ms
2026-05-18 01:32:49.399 +03:00 [INF] HTTP GET /api/v1/jobs/my responded 200 in 6.5107 ms
2026-05-18 01:32:49.649 +03:00 [INF] HTTP GET /api/v1/applications/job/415bc38b-a537-431c-b630-0d2766cad730 responded 200 in 241.0925 ms
2026-05-18 01:33:47.997 +03:00 [INF] HTTP GET /api/v1/users/me responded 200 in 94.1734 ms
2026-05-18 01:33:48.222 +03:00 [INF] HTTP GET /api/v1/jobs/my responded 200 in 9.4495 ms
2026-05-18 01:33:48.239 +03:00 [INF] HTTP GET /api/v1/jobs/my responded 200 in 12.6534 ms
2026-05-18 01:33:48.257 +03:00 [INF] HTTP GET /api/v1/applications/job/415bc38b-a537-431c-b630-0d2766cad730 responded 200 in 10.3853 ms
2026-05-18 01:33:48.289 +03:00 [INF] HTTP GET /api/v1/applications/job/415bc38b-a537-431c-b630-0d2766cad730 responded 200 in 11.1558 ms
2026-05-18 01:34:43.262 +03:00 [INF] HTTP GET /api/v1/companies/my responded 200 in 53.9591 ms
2026-05-18 01:34:43.267 +03:00 [INF] HTTP GET /api/v1/companies/my responded 200 in 3.2183 ms
2026-05-18 01:34:46.757 +03:00 [INF] HTTP GET /api/v1/users/me responded 200 in 2.8180 ms
2026-05-18 01:34:46.861 +03:00 [INF] HTTP GET /api/v1/jobs/my responded 200 in 4.7367 ms
2026-05-18 01:34:46.867 +03:00 [INF] HTTP GET /api/v1/jobs/my responded 200 in 4.2587 ms
2026-05-18 01:34:46.872 +03:00 [INF] HTTP GET /api/v1/applications/job/415bc38b-a537-431c-b630-0d2766cad730 responded 200 in 5.2638 ms
2026-05-18 01:34:46.882 +03:00 [INF] HTTP GET /api/v1/applications/job/415bc38b-a537-431c-b630-0d2766cad730 responded 200 in 5.3341 ms
2026-05-18 01:39:21.112 +03:00 [INF] HTTP POST /api/v1/auth/login responded 200 in 293.3390 ms
2026-05-18 01:39:21.505 +03:00 [INF] HTTP GET /api/v1/jobs/saved responded 200 in 168.3854 ms
2026-05-18 01:39:21.535 +03:00 [INF] HTTP GET /api/v1/jobs/saved responded 200 in 29.0327 ms
2026-05-18 01:39:21.567 +03:00 [INF] HTTP GET /api/v1/applications/my responded 200 in 234.6821 ms
2026-05-18 01:39:21.591 +03:00 [INF] HTTP GET /api/v1/applications/my responded 200 in 21.2569 ms
2026-05-18 01:39:24.241 +03:00 [INF] HTTP GET /api/v1/jobs responded 200 in 96.1900 ms
2026-05-18 01:39:28.503 +03:00 [INF] HTTP GET /api/v1/jobs responded 200 in 14.8178 ms
2026-05-18 01:39:29.346 +03:00 [INF] HTTP GET /api/v1/jobs/saved responded 200 in 17.2631 ms
2026-05-18 01:39:29.352 +03:00 [INF] HTTP GET /api/v1/applications/my responded 200 in 23.1783 ms
2026-05-18 01:39:29.353 +03:00 [INF] HTTP GET /api/v1/jobs/saved responded 200 in 4.5239 ms
2026-05-18 01:39:29.359 +03:00 [INF] HTTP GET /api/v1/applications/my responded 200 in 6.1008 ms
2026-05-18 01:39:30.505 +03:00 [INF] HTTP GET /api/v1/users/me responded 200 in 11.8813 ms
2026-05-18 01:39:30.508 +03:00 [INF] HTTP GET /api/v1/users/me responded 200 in 2.5512 ms
2026-05-18 01:39:38.940 +03:00 [INF] HTTP POST /api/v1/users/upload-formal-photo responded 200 in 62.4804 ms
2026-05-18 01:39:45.030 +03:00 [INF] HTTP POST /api/v1/users/upload-casual-photo responded 200 in 34.3763 ms
2026-05-18 01:39:48.394 +03:00 [INF] HTTP POST /api/v1/users/upload-formal-photo responded 200 in 52.8768 ms
2026-05-18 01:39:50.809 +03:00 [INF] HTTP PUT /api/v1/users/profile responded 200 in 39.5904 ms
2026-05-18 01:39:50.827 +03:00 [INF] HTTP PUT /api/v1/users/usher-profile responded 200 in 14.4295 ms
2026-05-18 01:39:53.082 +03:00 [INF] HTTP GET /api/v1/users/me responded 200 in 6.8876 ms
2026-05-18 01:39:53.143 +03:00 [INF] HTTP GET /api/v1/users/me responded 200 in 3.1908 ms
2026-05-18 01:39:53.147 +03:00 [INF] HTTP GET /api/v1/users/me responded 200 in 2.8539 ms
2026-05-18 01:39:53.165 +03:00 [INF] HTTP GET /api/v1/jobs/saved responded 200 in 17.9141 ms
2026-05-18 01:39:53.169 +03:00 [INF] HTTP GET /api/v1/applications/my responded 200 in 22.2640 ms
2026-05-18 01:39:53.170 +03:00 [INF] HTTP GET /api/v1/jobs/saved responded 200 in 3.7372 ms
2026-05-18 01:39:53.175 +03:00 [INF] HTTP GET /api/v1/applications/my responded 200 in 4.3739 ms
2026-05-18 01:39:57.136 +03:00 [INF] HTTP GET /api/v1/users/me responded 200 in 7.0472 ms
2026-05-18 01:39:57.342 +03:00 [INF] HTTP GET /api/v1/jobs/my responded 200 in 48.2734 ms
2026-05-18 01:39:57.351 +03:00 [INF] HTTP GET /api/v1/jobs/my responded 200 in 7.5334 ms
2026-05-18 01:39:57.383 +03:00 [INF] HTTP GET /api/v1/applications/job/415bc38b-a537-431c-b630-0d2766cad730 responded 200 in 26.3133 ms
2026-05-18 01:39:57.411 +03:00 [INF] HTTP GET /api/v1/applications/job/415bc38b-a537-431c-b630-0d2766cad730 responded 200 in 26.9300 ms
2026-05-18 01:40:06.007 +03:00 [INF] HTTP POST /api/v1/users/upload-formal-photo responded 200 in 10.1948 ms
2026-05-18 01:41:17.304 +03:00 [INF] HTTP GET /api/v1/users/me responded 200 in 7.6125 ms
2026-05-18 01:41:26.713 +03:00 [INF] HTTP GET /api/v1/users/me responded 200 in 7.9267 ms
2026-05-18 01:41:31.944 +03:00 [INF] HTTP GET /api/v1/users/me responded 200 in 6.7618 ms
2026-05-18 01:41:32.138 +03:00 [INF] HTTP GET /api/v1/applications/my responded 403 in 8.9557 ms
2026-05-18 01:41:32.143 +03:00 [INF] HTTP GET /api/v1/applications/my responded 403 in 1.8142 ms
2026-05-18 01:41:32.173 +03:00 [INF] HTTP GET /api/v1/jobs/saved responded 200 in 40.9034 ms
2026-05-18 01:41:32.189 +03:00 [INF] HTTP GET /api/v1/jobs/saved responded 200 in 12.2825 ms
2026-05-18 01:41:36.326 +03:00 [INF] HTTP GET /api/v1/users/me responded 200 in 25.0331 ms
2026-05-18 01:41:36.488 +03:00 [INF] HTTP GET /api/v1/users/me responded 200 in 21.1215 ms
2026-05-18 01:41:36.507 +03:00 [INF] HTTP GET /api/v1/users/me responded 200 in 14.4386 ms
2026-05-18 01:41:36.521 +03:00 [INF] HTTP GET /api/v1/jobs/saved responded 200 in 43.5219 ms
2026-05-18 01:41:36.572 +03:00 [INF] HTTP GET /api/v1/applications/my responded 200 in 95.2903 ms
2026-05-18 01:41:36.583 +03:00 [INF] HTTP GET /api/v1/jobs/saved responded 200 in 55.7674 ms
2026-05-18 01:41:36.594 +03:00 [INF] HTTP GET /api/v1/applications/my responded 200 in 18.7597 ms
2026-05-18 01:41:37.446 +03:00 [INF] HTTP GET /api/v1/users/me responded 200 in 21.3139 ms
2026-05-18 01:41:37.452 +03:00 [INF] HTTP GET /api/v1/users/me responded 200 in 4.0902 ms
2026-05-18 01:41:55.342 +03:00 [INF] HTTP GET /api/v1/users/me responded 200 in 15.6282 ms
2026-05-18 01:41:55.477 +03:00 [INF] HTTP GET /api/v1/jobs/my responded 200 in 15.1968 ms
2026-05-18 01:41:55.482 +03:00 [INF] HTTP GET /api/v1/jobs/my responded 200 in 3.0974 ms
2026-05-18 01:41:55.504 +03:00 [INF] HTTP GET /api/v1/applications/job/415bc38b-a537-431c-b630-0d2766cad730 responded 200 in 19.9273 ms
2026-05-18 01:41:55.510 +03:00 [INF] HTTP GET /api/v1/applications/job/415bc38b-a537-431c-b630-0d2766cad730 responded 200 in 4.8120 ms
2026-05-18 01:41:59.727 +03:00 [INF] HTTP GET /api/v1/users/me responded 200 in 6.5807 ms
2026-05-18 01:41:59.858 +03:00 [INF] HTTP GET /api/v1/jobs/my responded 200 in 18.9037 ms
2026-05-18 01:41:59.864 +03:00 [INF] HTTP GET /api/v1/jobs/my responded 200 in 3.1625 ms
2026-05-18 01:41:59.885 +03:00 [INF] HTTP GET /api/v1/applications/job/415bc38b-a537-431c-b630-0d2766cad730 responded 200 in 20.7494 ms
2026-05-18 01:41:59.891 +03:00 [INF] HTTP GET /api/v1/applications/job/415bc38b-a537-431c-b630-0d2766cad730 responded 200 in 4.8382 ms
2026-05-18 01:44:01.325 +03:00 [INF] HTTP GET /api/v1/users/me responded 200 in 6.7807 ms
2026-05-18 01:44:01.331 +03:00 [INF] HTTP GET /api/v1/users/me responded 200 in 2.1185 ms
2026-05-18 01:44:01.382 +03:00 [INF] HTTP GET /api/v1/users/me responded 200 in 7.7444 ms
2026-05-18 01:44:01.390 +03:00 [INF] HTTP GET /api/v1/users/me responded 200 in 6.6860 ms
2026-05-18 01:44:01.399 +03:00 [INF] HTTP GET /api/v1/applications/my responded 200 in 18.1131 ms
2026-05-18 01:44:01.402 +03:00 [INF] HTTP GET /api/v1/jobs/saved responded 200 in 20.6140 ms
2026-05-18 01:44:01.407 +03:00 [INF] HTTP GET /api/v1/applications/my responded 200 in 7.1755 ms
2026-05-18 01:44:01.413 +03:00 [INF] HTTP GET /api/v1/jobs/saved responded 200 in 10.4044 ms
2026-05-18 01:44:01.449 +03:00 [INF] HTTP GET /api/v1/jobs/my responded 200 in 19.9660 ms
2026-05-18 01:44:01.475 +03:00 [INF] HTTP GET /api/v1/jobs/my responded 200 in 23.9013 ms
2026-05-18 01:44:01.485 +03:00 [INF] HTTP GET /api/v1/applications/job/415bc38b-a537-431c-b630-0d2766cad730 responded 200 in 24.3367 ms
2026-05-18 01:44:01.499 +03:00 [INF] HTTP GET /api/v1/applications/job/415bc38b-a537-431c-b630-0d2766cad730 responded 200 in 12.5196 ms
2026-05-18 02:11:13.836 +03:00 [INF] HTTP HEAD /health responded 200 in 6.4395 ms
2026-05-18 02:11:13.837 +03:00 [INF] HTTP GET /health responded 200 in 0.2889 ms
2026-05-18 02:12:59.175 +03:00 [INF] HTTP GET /favicon.ico responded 404 in 0.2354 ms
2026-05-18 02:14:27.672 +03:00 [INF] HTTP GET / responded 404 in 0.0621 ms
2026-05-18 02:14:39.368 +03:00 [INF] HTTP GET / responded 404 in 0.0457 ms
