2026-05-16 02:31:46.616 +03:00 [WRN] Entity 'User' has a global query filter defined and is the required end of a relationship with the entity 'Message'. This may lead to unexpected results when the required entity is filtered out. Either configure the navigation as optional, or define matching query filters for both entities in the navigation. See https://go.microsoft.com/fwlink/?linkid=2131316 for more information.
2026-05-16 02:31:46.647 +03:00 [WRN] Entity 'User' has a global query filter defined and is the required end of a relationship with the entity 'Notification'. This may lead to unexpected results when the required entity is filtered out. Either configure the navigation as optional, or define matching query filters for both entities in the navigation. See https://go.microsoft.com/fwlink/?linkid=2131316 for more information.
2026-05-16 02:31:46.648 +03:00 [WRN] Entity 'Job' has a global query filter defined and is the required end of a relationship with the entity 'SavedJob'. This may lead to unexpected results when the required entity is filtered out. Either configure the navigation as optional, or define matching query filters for both entities in the navigation. See https://go.microsoft.com/fwlink/?linkid=2131316 for more information.
2026-05-16 02:31:46.648 +03:00 [WRN] Entity 'User' has a global query filter defined and is the required end of a relationship with the entity 'Subscription'. This may lead to unexpected results when the required entity is filtered out. Either configure the navigation as optional, or define matching query filters for both entities in the navigation. See https://go.microsoft.com/fwlink/?linkid=2131316 for more information.
2026-05-16 02:31:46.648 +03:00 [WRN] Entity 'User' has a global query filter defined and is the required end of a relationship with the entity 'UsherProfile'. This may lead to unexpected results when the required entity is filtered out. Either configure the navigation as optional, or define matching query filters for both entities in the navigation. See https://go.microsoft.com/fwlink/?linkid=2131316 for more information.
2026-05-16 02:31:46.701 +03:00 [WRN] No store type was specified for the decimal property 'ExpectedSalaryPerDay' on entity type 'UsherProfile'. This will cause values to be silently truncated if they do not fit in the default precision and scale. Explicitly specify the SQL server column type that can accommodate all the values in 'OnModelCreating' using 'HasColumnType', specify precision and scale using 'HasPrecision', or configure a value converter using 'HasConversion'.
2026-05-16 02:31:59.775 +03:00 [WRN] Entity 'User' has a global query filter defined and is the required end of a relationship with the entity 'Message'. This may lead to unexpected results when the required entity is filtered out. Either configure the navigation as optional, or define matching query filters for both entities in the navigation. See https://go.microsoft.com/fwlink/?linkid=2131316 for more information.
2026-05-16 02:31:59.800 +03:00 [WRN] Entity 'User' has a global query filter defined and is the required end of a relationship with the entity 'Notification'. This may lead to unexpected results when the required entity is filtered out. Either configure the navigation as optional, or define matching query filters for both entities in the navigation. See https://go.microsoft.com/fwlink/?linkid=2131316 for more information.
2026-05-16 02:31:59.800 +03:00 [WRN] Entity 'Job' has a global query filter defined and is the required end of a relationship with the entity 'SavedJob'. This may lead to unexpected results when the required entity is filtered out. Either configure the navigation as optional, or define matching query filters for both entities in the navigation. See https://go.microsoft.com/fwlink/?linkid=2131316 for more information.
2026-05-16 02:31:59.800 +03:00 [WRN] Entity 'User' has a global query filter defined and is the required end of a relationship with the entity 'Subscription'. This may lead to unexpected results when the required entity is filtered out. Either configure the navigation as optional, or define matching query filters for both entities in the navigation. See https://go.microsoft.com/fwlink/?linkid=2131316 for more information.
2026-05-16 02:31:59.800 +03:00 [WRN] Entity 'User' has a global query filter defined and is the required end of a relationship with the entity 'UsherProfile'. This may lead to unexpected results when the required entity is filtered out. Either configure the navigation as optional, or define matching query filters for both entities in the navigation. See https://go.microsoft.com/fwlink/?linkid=2131316 for more information.
2026-05-16 02:31:59.845 +03:00 [WRN] No store type was specified for the decimal property 'ExpectedSalaryPerDay' on entity type 'UsherProfile'. This will cause values to be silently truncated if they do not fit in the default precision and scale. Explicitly specify the SQL server column type that can accommodate all the values in 'OnModelCreating' using 'HasColumnType', specify precision and scale using 'HasPrecision', or configure a value converter using 'HasConversion'.
2026-05-16 02:32:20.091 +03:00 [WRN] Entity 'User' has a global query filter defined and is the required end of a relationship with the entity 'Message'. This may lead to unexpected results when the required entity is filtered out. Either configure the navigation as optional, or define matching query filters for both entities in the navigation. See https://go.microsoft.com/fwlink/?linkid=2131316 for more information.
2026-05-16 02:32:20.115 +03:00 [WRN] Entity 'User' has a global query filter defined and is the required end of a relationship with the entity 'Notification'. This may lead to unexpected results when the required entity is filtered out. Either configure the navigation as optional, or define matching query filters for both entities in the navigation. See https://go.microsoft.com/fwlink/?linkid=2131316 for more information.
2026-05-16 02:32:20.115 +03:00 [WRN] Entity 'Job' has a global query filter defined and is the required end of a relationship with the entity 'SavedJob'. This may lead to unexpected results when the required entity is filtered out. Either configure the navigation as optional, or define matching query filters for both entities in the navigation. See https://go.microsoft.com/fwlink/?linkid=2131316 for more information.
2026-05-16 02:32:20.115 +03:00 [WRN] Entity 'User' has a global query filter defined and is the required end of a relationship with the entity 'Subscription'. This may lead to unexpected results when the required entity is filtered out. Either configure the navigation as optional, or define matching query filters for both entities in the navigation. See https://go.microsoft.com/fwlink/?linkid=2131316 for more information.
2026-05-16 02:32:20.115 +03:00 [WRN] Entity 'User' has a global query filter defined and is the required end of a relationship with the entity 'UsherProfile'. This may lead to unexpected results when the required entity is filtered out. Either configure the navigation as optional, or define matching query filters for both entities in the navigation. See https://go.microsoft.com/fwlink/?linkid=2131316 for more information.
2026-05-16 02:32:20.159 +03:00 [WRN] No store type was specified for the decimal property 'ExpectedSalaryPerDay' on entity type 'UsherProfile'. This will cause values to be silently truncated if they do not fit in the default precision and scale. Explicitly specify the SQL server column type that can accommodate all the values in 'OnModelCreating' using 'HasColumnType', specify precision and scale using 'HasPrecision', or configure a value converter using 'HasConversion'.
2026-05-16 02:32:41.892 +03:00 [WRN] Entity 'User' has a global query filter defined and is the required end of a relationship with the entity 'Message'. This may lead to unexpected results when the required entity is filtered out. Either configure the navigation as optional, or define matching query filters for both entities in the navigation. See https://go.microsoft.com/fwlink/?linkid=2131316 for more information.
2026-05-16 02:32:41.920 +03:00 [WRN] Entity 'User' has a global query filter defined and is the required end of a relationship with the entity 'Notification'. This may lead to unexpected results when the required entity is filtered out. Either configure the navigation as optional, or define matching query filters for both entities in the navigation. See https://go.microsoft.com/fwlink/?linkid=2131316 for more information.
2026-05-16 02:32:41.920 +03:00 [WRN] Entity 'Job' has a global query filter defined and is the required end of a relationship with the entity 'SavedJob'. This may lead to unexpected results when the required entity is filtered out. Either configure the navigation as optional, or define matching query filters for both entities in the navigation. See https://go.microsoft.com/fwlink/?linkid=2131316 for more information.
2026-05-16 02:32:41.920 +03:00 [WRN] Entity 'User' has a global query filter defined and is the required end of a relationship with the entity 'Subscription'. This may lead to unexpected results when the required entity is filtered out. Either configure the navigation as optional, or define matching query filters for both entities in the navigation. See https://go.microsoft.com/fwlink/?linkid=2131316 for more information.
2026-05-16 02:32:41.920 +03:00 [WRN] Entity 'User' has a global query filter defined and is the required end of a relationship with the entity 'UsherProfile'. This may lead to unexpected results when the required entity is filtered out. Either configure the navigation as optional, or define matching query filters for both entities in the navigation. See https://go.microsoft.com/fwlink/?linkid=2131316 for more information.
2026-05-16 02:32:41.967 +03:00 [WRN] No store type was specified for the decimal property 'ExpectedSalaryPerDay' on entity type 'UsherProfile'. This will cause values to be silently truncated if they do not fit in the default precision and scale. Explicitly specify the SQL server column type that can accommodate all the values in 'OnModelCreating' using 'HasColumnType', specify precision and scale using 'HasPrecision', or configure a value converter using 'HasConversion'.
2026-05-16 02:32:43.587 +03:00 [INF] ✅ Database migrated and seeded successfully
2026-05-16 02:32:43.591 +03:00 [INF] 🚀 UshersEg API running at 
2026-05-16 02:35:39.087 +03:00 [WRN] Entity 'User' has a global query filter defined and is the required end of a relationship with the entity 'Message'. This may lead to unexpected results when the required entity is filtered out. Either configure the navigation as optional, or define matching query filters for both entities in the navigation. See https://go.microsoft.com/fwlink/?linkid=2131316 for more information.
2026-05-16 02:35:39.113 +03:00 [WRN] Entity 'User' has a global query filter defined and is the required end of a relationship with the entity 'Notification'. This may lead to unexpected results when the required entity is filtered out. Either configure the navigation as optional, or define matching query filters for both entities in the navigation. See https://go.microsoft.com/fwlink/?linkid=2131316 for more information.
2026-05-16 02:35:39.113 +03:00 [WRN] Entity 'Job' has a global query filter defined and is the required end of a relationship with the entity 'SavedJob'. This may lead to unexpected results when the required entity is filtered out. Either configure the navigation as optional, or define matching query filters for both entities in the navigation. See https://go.microsoft.com/fwlink/?linkid=2131316 for more information.
2026-05-16 02:35:39.113 +03:00 [WRN] Entity 'User' has a global query filter defined and is the required end of a relationship with the entity 'Subscription'. This may lead to unexpected results when the required entity is filtered out. Either configure the navigation as optional, or define matching query filters for both entities in the navigation. See https://go.microsoft.com/fwlink/?linkid=2131316 for more information.
2026-05-16 02:35:39.113 +03:00 [WRN] Entity 'User' has a global query filter defined and is the required end of a relationship with the entity 'UsherProfile'. This may lead to unexpected results when the required entity is filtered out. Either configure the navigation as optional, or define matching query filters for both entities in the navigation. See https://go.microsoft.com/fwlink/?linkid=2131316 for more information.
2026-05-16 02:35:39.161 +03:00 [WRN] No store type was specified for the decimal property 'ExpectedSalaryPerDay' on entity type 'UsherProfile'. This will cause values to be silently truncated if they do not fit in the default precision and scale. Explicitly specify the SQL server column type that can accommodate all the values in 'OnModelCreating' using 'HasColumnType', specify precision and scale using 'HasPrecision', or configure a value converter using 'HasConversion'.
2026-05-16 02:35:39.845 +03:00 [INF] ✅ Database migrated and seeded successfully
2026-05-16 02:35:39.849 +03:00 [INF] 🚀 UshersEg API running at 
2026-05-16 02:37:57.503 +03:00 [INF] HTTP GET /api/v1/jobs responded 200 in 1517.0226 ms
2026-05-16 02:37:57.547 +03:00 [INF] HTTP GET /favicon.ico responded 404 in 3.6917 ms
2026-05-16 02:39:04.171 +03:00 [INF] HTTP GET /api/v1/jobs responded 200 in 84.0989 ms
2026-05-16 02:39:04.771 +03:00 [INF] HTTP GET /api/v1/jobs responded 200 in 14.4765 ms
2026-05-16 02:39:33.529 +03:00 [INF] HTTP POST /api/v1/auth/login responded 200 in 1565.2240 ms
2026-05-16 02:39:33.827 +03:00 [INF] HTTP GET /api/v1/jobs/my responded 401 in 41.0544 ms
2026-05-16 02:39:33.955 +03:00 [INF] HTTP POST /api/v1/auth/refresh-token responded 200 in 111.1225 ms
2026-05-16 02:39:33.975 +03:00 [INF] HTTP GET /api/v1/jobs/my responded 401 in 5.7404 ms
2026-05-16 02:40:20.949 +03:00 [INF] HTTP GET /api/v1/users/me responded 401 in 3.6686 ms
2026-05-16 02:40:20.972 +03:00 [INF] HTTP POST /api/v1/auth/refresh-token responded 200 in 17.3224 ms
2026-05-16 02:40:20.979 +03:00 [INF] HTTP GET /api/v1/users/me responded 401 in 0.3458 ms
2026-05-16 11:49:29.624 +03:00 [WRN] Entity 'User' has a global query filter defined and is the required end of a relationship with the entity 'Message'. This may lead to unexpected results when the required entity is filtered out. Either configure the navigation as optional, or define matching query filters for both entities in the navigation. See https://go.microsoft.com/fwlink/?linkid=2131316 for more information.
2026-05-16 11:49:29.650 +03:00 [WRN] Entity 'User' has a global query filter defined and is the required end of a relationship with the entity 'Notification'. This may lead to unexpected results when the required entity is filtered out. Either configure the navigation as optional, or define matching query filters for both entities in the navigation. See https://go.microsoft.com/fwlink/?linkid=2131316 for more information.
2026-05-16 11:49:29.650 +03:00 [WRN] Entity 'Job' has a global query filter defined and is the required end of a relationship with the entity 'SavedJob'. This may lead to unexpected results when the required entity is filtered out. Either configure the navigation as optional, or define matching query filters for both entities in the navigation. See https://go.microsoft.com/fwlink/?linkid=2131316 for more information.
2026-05-16 11:49:29.650 +03:00 [WRN] Entity 'User' has a global query filter defined and is the required end of a relationship with the entity 'Subscription'. This may lead to unexpected results when the required entity is filtered out. Either configure the navigation as optional, or define matching query filters for both entities in the navigation. See https://go.microsoft.com/fwlink/?linkid=2131316 for more information.
2026-05-16 11:49:29.650 +03:00 [WRN] Entity 'User' has a global query filter defined and is the required end of a relationship with the entity 'UsherProfile'. This may lead to unexpected results when the required entity is filtered out. Either configure the navigation as optional, or define matching query filters for both entities in the navigation. See https://go.microsoft.com/fwlink/?linkid=2131316 for more information.
2026-05-16 11:49:29.699 +03:00 [WRN] No store type was specified for the decimal property 'ExpectedSalaryPerDay' on entity type 'UsherProfile'. This will cause values to be silently truncated if they do not fit in the default precision and scale. Explicitly specify the SQL server column type that can accommodate all the values in 'OnModelCreating' using 'HasColumnType', specify precision and scale using 'HasPrecision', or configure a value converter using 'HasConversion'.
2026-05-16 11:49:30.520 +03:00 [INF] ✅ Database migrated and seeded successfully
2026-05-16 11:49:30.525 +03:00 [INF] 🚀 UshersEg API running at 
2026-05-16 11:55:23.899 +03:00 [WRN] Entity 'User' has a global query filter defined and is the required end of a relationship with the entity 'Message'. This may lead to unexpected results when the required entity is filtered out. Either configure the navigation as optional, or define matching query filters for both entities in the navigation. See https://go.microsoft.com/fwlink/?linkid=2131316 for more information.
2026-05-16 11:55:23.924 +03:00 [WRN] Entity 'User' has a global query filter defined and is the required end of a relationship with the entity 'Notification'. This may lead to unexpected results when the required entity is filtered out. Either configure the navigation as optional, or define matching query filters for both entities in the navigation. See https://go.microsoft.com/fwlink/?linkid=2131316 for more information.
2026-05-16 11:55:23.924 +03:00 [WRN] Entity 'Job' has a global query filter defined and is the required end of a relationship with the entity 'SavedJob'. This may lead to unexpected results when the required entity is filtered out. Either configure the navigation as optional, or define matching query filters for both entities in the navigation. See https://go.microsoft.com/fwlink/?linkid=2131316 for more information.
2026-05-16 11:55:23.924 +03:00 [WRN] Entity 'User' has a global query filter defined and is the required end of a relationship with the entity 'Subscription'. This may lead to unexpected results when the required entity is filtered out. Either configure the navigation as optional, or define matching query filters for both entities in the navigation. See https://go.microsoft.com/fwlink/?linkid=2131316 for more information.
2026-05-16 11:55:23.924 +03:00 [WRN] Entity 'User' has a global query filter defined and is the required end of a relationship with the entity 'UsherProfile'. This may lead to unexpected results when the required entity is filtered out. Either configure the navigation as optional, or define matching query filters for both entities in the navigation. See https://go.microsoft.com/fwlink/?linkid=2131316 for more information.
2026-05-16 11:55:23.968 +03:00 [WRN] No store type was specified for the decimal property 'ExpectedSalaryPerDay' on entity type 'UsherProfile'. This will cause values to be silently truncated if they do not fit in the default precision and scale. Explicitly specify the SQL server column type that can accommodate all the values in 'OnModelCreating' using 'HasColumnType', specify precision and scale using 'HasPrecision', or configure a value converter using 'HasConversion'.
2026-05-16 11:55:58.093 +03:00 [WRN] Entity 'User' has a global query filter defined and is the required end of a relationship with the entity 'Message'. This may lead to unexpected results when the required entity is filtered out. Either configure the navigation as optional, or define matching query filters for both entities in the navigation. See https://go.microsoft.com/fwlink/?linkid=2131316 for more information.
2026-05-16 11:55:58.120 +03:00 [WRN] Entity 'User' has a global query filter defined and is the required end of a relationship with the entity 'Notification'. This may lead to unexpected results when the required entity is filtered out. Either configure the navigation as optional, or define matching query filters for both entities in the navigation. See https://go.microsoft.com/fwlink/?linkid=2131316 for more information.
2026-05-16 11:55:58.120 +03:00 [WRN] Entity 'Job' has a global query filter defined and is the required end of a relationship with the entity 'SavedJob'. This may lead to unexpected results when the required entity is filtered out. Either configure the navigation as optional, or define matching query filters for both entities in the navigation. See https://go.microsoft.com/fwlink/?linkid=2131316 for more information.
2026-05-16 11:55:58.120 +03:00 [WRN] Entity 'User' has a global query filter defined and is the required end of a relationship with the entity 'Subscription'. This may lead to unexpected results when the required entity is filtered out. Either configure the navigation as optional, or define matching query filters for both entities in the navigation. See https://go.microsoft.com/fwlink/?linkid=2131316 for more information.
2026-05-16 11:55:58.120 +03:00 [WRN] Entity 'User' has a global query filter defined and is the required end of a relationship with the entity 'UsherProfile'. This may lead to unexpected results when the required entity is filtered out. Either configure the navigation as optional, or define matching query filters for both entities in the navigation. See https://go.microsoft.com/fwlink/?linkid=2131316 for more information.
2026-05-16 11:55:58.169 +03:00 [WRN] No store type was specified for the decimal property 'ExpectedSalaryPerDay' on entity type 'UsherProfile'. This will cause values to be silently truncated if they do not fit in the default precision and scale. Explicitly specify the SQL server column type that can accommodate all the values in 'OnModelCreating' using 'HasColumnType', specify precision and scale using 'HasPrecision', or configure a value converter using 'HasConversion'.
2026-05-16 11:55:58.948 +03:00 [INF] ✅ Database migrated and seeded successfully
2026-05-16 11:55:58.953 +03:00 [INF] 🚀 UshersEg API running at 
2026-05-16 12:00:01.395 +03:00 [INF] 📧 [MOCK EMAIL] Welcome to testusher@example.com (Test) as Usher
2026-05-16 12:00:01.550 +03:00 [INF] HTTP POST /api/v1/auth/register responded 200 in 1562.1375 ms
2026-05-16 12:00:11.785 +03:00 [INF] HTTP POST /api/v1/auth/login responded 200 in 932.9392 ms
2026-05-16 12:00:12.102 +03:00 [INF] HTTP GET /api/v1/applications/my responded 401 in 23.0357 ms
2026-05-16 12:00:12.102 +03:00 [INF] HTTP GET /api/v1/jobs/saved responded 401 in 21.2857 ms
2026-05-16 12:00:12.106 +03:00 [INF] HTTP GET /api/v1/applications/my responded 401 in 2.3695 ms
2026-05-16 12:00:12.106 +03:00 [INF] HTTP GET /api/v1/jobs/saved responded 401 in 2.3696 ms
2026-05-16 12:00:12.170 +03:00 [INF] HTTP POST /api/v1/auth/refresh-token responded 200 in 53.8294 ms
2026-05-16 12:00:12.171 +03:00 [INF] HTTP POST /api/v1/auth/refresh-token responded 200 in 60.8414 ms
2026-05-16 12:00:12.175 +03:00 [INF] HTTP POST /api/v1/auth/refresh-token responded 401 in 64.5039 ms
2026-05-16 12:00:12.175 +03:00 [INF] HTTP POST /api/v1/auth/refresh-token responded 401 in 65.7821 ms
2026-05-16 12:00:12.179 +03:00 [INF] HTTP GET /api/v1/jobs/saved responded 401 in 0.7185 ms
2026-05-16 12:00:12.182 +03:00 [INF] HTTP GET /api/v1/jobs/saved responded 401 in 0.7643 ms
2026-05-16 12:00:23.736 +03:00 [INF] HTTP POST /api/v1/auth/login responded 200 in 167.3558 ms
2026-05-16 12:00:24.106 +03:00 [INF] HTTP GET /api/v1/applications/my responded 401 in 3.5606 ms
2026-05-16 12:00:24.112 +03:00 [INF] HTTP GET /api/v1/jobs/saved responded 401 in 0.2691 ms
2026-05-16 12:00:24.112 +03:00 [INF] HTTP GET /api/v1/applications/my responded 401 in 1.0144 ms
2026-05-16 12:00:24.115 +03:00 [INF] HTTP GET /api/v1/jobs/saved responded 401 in 0.5275 ms
2026-05-16 12:00:24.133 +03:00 [INF] HTTP POST /api/v1/auth/refresh-token responded 200 in 13.0922 ms
2026-05-16 12:00:24.146 +03:00 [INF] HTTP POST /api/v1/auth/refresh-token responded 401 in 11.0660 ms
2026-05-16 12:00:24.146 +03:00 [INF] HTTP POST /api/v1/auth/refresh-token responded 401 in 9.9865 ms
2026-05-16 12:00:24.146 +03:00 [INF] HTTP POST /api/v1/auth/refresh-token responded 401 in 6.5602 ms
2026-05-16 12:00:24.150 +03:00 [INF] HTTP GET /api/v1/applications/my responded 401 in 0.2586 ms
2026-05-16 12:00:37.465 +03:00 [INF] HTTP POST /api/v1/auth/login responded 200 in 197.1573 ms
2026-05-16 12:00:37.967 +03:00 [INF] HTTP GET /api/v1/applications/my responded 401 in 2.0467 ms
2026-05-16 12:00:37.973 +03:00 [INF] HTTP GET /api/v1/applications/my responded 401 in 0.3678 ms
2026-05-16 12:00:37.974 +03:00 [INF] HTTP GET /api/v1/jobs/saved responded 401 in 0.2770 ms
2026-05-16 12:00:37.976 +03:00 [INF] HTTP GET /api/v1/jobs/saved responded 401 in 0.3097 ms
2026-05-16 12:00:38.035 +03:00 [INF] HTTP POST /api/v1/auth/refresh-token responded 200 in 51.8952 ms
2026-05-16 12:00:38.059 +03:00 [INF] HTTP GET /api/v1/applications/my responded 401 in 0.4107 ms
2026-05-16 12:00:38.068 +03:00 [INF] HTTP POST /api/v1/auth/refresh-token responded 200 in 82.3226 ms
2026-05-16 12:00:38.072 +03:00 [INF] HTTP POST /api/v1/auth/refresh-token responded 401 in 87.7225 ms
2026-05-16 12:00:38.081 +03:00 [INF] HTTP POST /api/v1/auth/refresh-token responded 401 in 82.0815 ms
2026-05-16 12:00:38.094 +03:00 [INF] HTTP GET /api/v1/jobs/saved responded 401 in 0.8465 ms
2026-05-16 12:01:41.547 +03:00 [INF] 📧 [MOCK EMAIL] Welcome to testusher2@example.com (Test) as Usher
2026-05-16 12:01:41.572 +03:00 [INF] HTTP POST /api/v1/auth/register responded 200 in 378.1256 ms
2026-05-16 12:01:53.029 +03:00 [INF] HTTP POST /api/v1/auth/login responded 200 in 194.2586 ms
2026-05-16 12:01:53.474 +03:00 [INF] HTTP GET /api/v1/applications/my responded 401 in 1.2699 ms
2026-05-16 12:01:53.477 +03:00 [INF] HTTP GET /api/v1/jobs/saved responded 401 in 0.5843 ms
2026-05-16 12:01:53.477 +03:00 [INF] HTTP GET /api/v1/applications/my responded 401 in 0.1591 ms
2026-05-16 12:01:53.482 +03:00 [INF] HTTP GET /api/v1/jobs/saved responded 401 in 1.3990 ms
2026-05-16 12:01:53.521 +03:00 [INF] HTTP POST /api/v1/auth/refresh-token responded 200 in 32.8015 ms
2026-05-16 12:01:53.526 +03:00 [INF] HTTP POST /api/v1/auth/refresh-token responded 200 in 37.3181 ms
2026-05-16 12:01:53.528 +03:00 [INF] HTTP POST /api/v1/auth/refresh-token responded 200 in 40.1977 ms
2026-05-16 12:01:53.530 +03:00 [INF] HTTP POST /api/v1/auth/refresh-token responded 200 in 35.0615 ms
2026-05-16 12:01:53.534 +03:00 [INF] HTTP GET /api/v1/applications/my responded 401 in 0.3735 ms
2026-05-16 12:01:53.538 +03:00 [INF] HTTP GET /api/v1/jobs/saved responded 401 in 0.3347 ms
2026-05-16 12:01:53.539 +03:00 [INF] HTTP GET /api/v1/applications/my responded 401 in 0.1753 ms
2026-05-16 12:01:53.542 +03:00 [INF] HTTP GET /api/v1/jobs/saved responded 401 in 0.2831 ms
2026-05-16 12:02:00.328 +03:00 [INF] HTTP GET /api/v1/users/me responded 401 in 1.6033 ms
2026-05-16 12:02:00.341 +03:00 [INF] HTTP GET /api/v1/users/me responded 401 in 1.0235 ms
2026-05-16 12:02:00.447 +03:00 [INF] HTTP POST /api/v1/auth/refresh-token responded 200 in 72.2635 ms
2026-05-16 12:02:00.447 +03:00 [INF] HTTP POST /api/v1/auth/refresh-token responded 200 in 72.3341 ms
2026-05-16 12:02:00.453 +03:00 [INF] HTTP GET /api/v1/users/me responded 401 in 0.6739 ms
2026-05-16 12:02:00.456 +03:00 [INF] HTTP GET /api/v1/users/me responded 401 in 0.2548 ms
2026-05-16 12:02:46.026 +03:00 [INF] HTTP GET /api/v1/jobs responded 200 in 204.1267 ms
2026-05-16 12:02:53.143 +03:00 [INF] HTTP GET /api/v1/jobs responded 200 in 78.2247 ms
2026-05-16 12:02:55.482 +03:00 [INF] HTTP GET /api/v1/jobs responded 200 in 10.5988 ms
2026-05-16 12:02:56.029 +03:00 [INF] HTTP GET /api/v1/jobs responded 200 in 5.4569 ms
2026-05-16 12:03:00.404 +03:00 [INF] HTTP GET /api/v1/jobs responded 200 in 5.2632 ms
2026-05-16 12:03:02.604 +03:00 [INF] HTTP GET /api/v1/jobs responded 200 in 4.5132 ms
2026-05-16 12:03:08.372 +03:00 [INF] HTTP GET /api/v1/users/me responded 401 in 0.8685 ms
2026-05-16 12:03:08.391 +03:00 [INF] HTTP POST /api/v1/auth/refresh-token responded 200 in 10.2272 ms
2026-05-16 12:03:08.395 +03:00 [INF] HTTP GET /api/v1/users/me responded 401 in 0.1851 ms
2026-05-16 12:03:08.870 +03:00 [INF] HTTP GET /api/v1/jobs responded 200 in 3.1431 ms
2026-05-16 12:10:18.059 +03:00 [INF] HTTP POST /api/v1/auth/login responded 401 in 135.7584 ms
2026-05-16 12:10:28.780 +03:00 [INF] HTTP POST /api/v1/auth/login responded 401 in 132.2774 ms
2026-05-16 12:10:44.449 +03:00 [INF] HTTP GET /api/v1/jobs responded 200 in 10.9166 ms
2026-05-16 12:15:18.982 +03:00 [INF] HTTP POST /api/v1/auth/register responded 400 in 5.5052 ms
2026-05-16 12:15:27.493 +03:00 [INF] HTTP POST /api/v1/auth/login responded 401 in 142.0409 ms
2026-05-16 12:15:51.586 +03:00 [INF] HTTP POST /api/v1/auth/login responded 401 in 131.4332 ms
2026-05-16 12:16:01.143 +03:00 [INF] HTTP POST /api/v1/auth/login responded 401 in 127.0132 ms
2026-05-16 12:16:52.525 +03:00 [INF] 📧 [MOCK EMAIL] Welcome to testusher3@example.com (Test) as Employer
2026-05-16 12:16:52.530 +03:00 [INF] HTTP POST /api/v1/auth/register responded 200 in 143.5219 ms
2026-05-16 12:17:02.337 +03:00 [INF] HTTP POST /api/v1/auth/login responded 200 in 133.4710 ms
2026-05-16 12:17:03.109 +03:00 [INF] HTTP GET /api/v1/jobs/my responded 401 in 0.8087 ms
2026-05-16 12:17:03.111 +03:00 [INF] HTTP GET /api/v1/jobs/my responded 401 in 0.2153 ms
2026-05-16 12:17:03.123 +03:00 [INF] HTTP POST /api/v1/auth/refresh-token responded 200 in 6.5549 ms
2026-05-16 12:17:03.130 +03:00 [INF] HTTP GET /api/v1/jobs/my responded 401 in 0.5189 ms
2026-05-16 12:17:03.131 +03:00 [INF] HTTP POST /api/v1/auth/refresh-token responded 401 in 13.3296 ms
2026-05-16 12:17:58.117 +03:00 [INF] HTTP POST /api/v1/auth/login responded 200 in 132.6172 ms
2026-05-16 12:17:58.293 +03:00 [INF] HTTP GET /api/v1/jobs/my responded 401 in 0.1864 ms
2026-05-16 12:17:58.294 +03:00 [INF] HTTP GET /api/v1/jobs/my responded 401 in 0.2495 ms
2026-05-16 12:17:58.307 +03:00 [INF] HTTP POST /api/v1/auth/refresh-token responded 200 in 6.6095 ms
2026-05-16 12:17:58.307 +03:00 [INF] HTTP POST /api/v1/auth/refresh-token responded 200 in 6.6429 ms
2026-05-16 12:17:58.311 +03:00 [INF] HTTP GET /api/v1/jobs/my responded 401 in 0.2417 ms
2026-05-16 12:17:58.313 +03:00 [INF] HTTP GET /api/v1/jobs/my responded 401 in 0.3952 ms
2026-05-16 12:18:11.390 +03:00 [INF] HTTP GET /api/v1/companies/my responded 401 in 0.4072 ms
2026-05-16 12:18:11.391 +03:00 [INF] HTTP GET /api/v1/companies/my responded 401 in 0.1582 ms
2026-05-16 12:18:11.408 +03:00 [INF] HTTP POST /api/v1/auth/refresh-token responded 200 in 6.8842 ms
2026-05-16 12:18:11.408 +03:00 [INF] HTTP POST /api/v1/auth/refresh-token responded 200 in 7.8552 ms
2026-05-16 12:18:11.412 +03:00 [INF] HTTP GET /api/v1/companies/my responded 401 in 0.2841 ms
2026-05-16 12:18:11.413 +03:00 [INF] HTTP GET /api/v1/companies/my responded 401 in 0.1604 ms
2026-05-16 12:18:23.580 +03:00 [INF] HTTP GET /api/v1/companies/my responded 401 in 0.1754 ms
2026-05-16 12:18:23.581 +03:00 [INF] HTTP GET /api/v1/companies/my responded 401 in 0.1673 ms
2026-05-16 12:18:23.599 +03:00 [INF] HTTP POST /api/v1/auth/refresh-token responded 200 in 10.1307 ms
2026-05-16 12:18:23.599 +03:00 [INF] HTTP POST /api/v1/auth/refresh-token responded 200 in 10.1853 ms
2026-05-16 12:18:23.603 +03:00 [INF] HTTP GET /api/v1/companies/my responded 401 in 0.1420 ms
2026-05-16 12:18:23.604 +03:00 [INF] HTTP GET /api/v1/companies/my responded 401 in 0.3070 ms
2026-05-16 12:18:32.067 +03:00 [INF] HTTP GET /api/v1/users/me responded 401 in 0.1358 ms
2026-05-16 12:18:32.079 +03:00 [INF] HTTP POST /api/v1/auth/refresh-token responded 200 in 3.5611 ms
2026-05-16 12:18:32.084 +03:00 [INF] HTTP GET /api/v1/users/me responded 401 in 0.1570 ms
2026-05-16 12:18:41.856 +03:00 [INF] HTTP POST /api/v1/auth/login responded 200 in 138.9667 ms
2026-05-16 12:18:41.980 +03:00 [INF] HTTP GET /api/v1/jobs/my responded 401 in 0.1623 ms
2026-05-16 12:18:41.981 +03:00 [INF] HTTP GET /api/v1/jobs/my responded 401 in 0.1445 ms
2026-05-16 12:18:41.995 +03:00 [INF] HTTP POST /api/v1/auth/refresh-token responded 200 in 8.9685 ms
2026-05-16 12:18:41.997 +03:00 [INF] HTTP POST /api/v1/auth/refresh-token responded 200 in 10.5477 ms
2026-05-16 12:18:42.001 +03:00 [INF] HTTP GET /api/v1/jobs/my responded 401 in 0.1955 ms
2026-05-16 12:18:42.004 +03:00 [INF] HTTP GET /api/v1/jobs/my responded 401 in 0.2755 ms
2026-05-16 12:26:32.709 +03:00 [INF] HTTP GET /api/v1/jobs/my responded 401 in 0.2825 ms
2026-05-16 12:26:32.984 +03:00 [INF] HTTP GET /api/v1/users/me responded 401 in 0.2279 ms
2026-05-16 12:26:33.006 +03:00 [INF] HTTP POST /api/v1/auth/refresh-token responded 200 in 15.5558 ms
2026-05-16 12:26:33.010 +03:00 [INF] HTTP GET /api/v1/users/me responded 401 in 0.1761 ms
2026-05-16 12:27:22.571 +03:00 [INF] HTTP POST /api/v1/auth/login responded 200 in 134.1398 ms
2026-05-16 12:27:22.763 +03:00 [INF] HTTP GET /api/v1/jobs/my responded 401 in 0.2491 ms
2026-05-16 12:27:22.764 +03:00 [INF] HTTP GET /api/v1/jobs/my responded 401 in 0.1620 ms
2026-05-16 12:27:22.777 +03:00 [INF] HTTP POST /api/v1/auth/refresh-token responded 200 in 6.6824 ms
2026-05-16 12:27:22.785 +03:00 [INF] HTTP GET /api/v1/jobs/my responded 401 in 0.2124 ms
2026-05-16 12:27:22.830 +03:00 [INF] HTTP POST /api/v1/auth/refresh-token responded 401 in 57.4323 ms
2026-05-16 12:27:26.519 +03:00 [INF] HTTP POST /api/v1/auth/login responded 200 in 125.3869 ms
2026-05-16 12:27:26.722 +03:00 [INF] HTTP GET /api/v1/jobs/my responded 401 in 0.2014 ms
2026-05-16 12:27:26.724 +03:00 [INF] HTTP GET /api/v1/jobs/my responded 401 in 0.1770 ms
2026-05-16 12:27:26.739 +03:00 [INF] HTTP POST /api/v1/auth/refresh-token responded 200 in 3.9423 ms
2026-05-16 12:27:26.740 +03:00 [INF] HTTP POST /api/v1/auth/refresh-token responded 200 in 4.2571 ms
2026-05-16 12:27:26.745 +03:00 [INF] HTTP GET /api/v1/jobs/my responded 401 in 0.3292 ms
2026-05-16 12:27:26.748 +03:00 [INF] HTTP GET /api/v1/jobs/my responded 401 in 0.1767 ms
2026-05-16 12:33:24.831 +03:00 [INF] HTTP GET /api/v1/companies/my responded 401 in 0.2319 ms
2026-05-16 12:33:24.832 +03:00 [INF] HTTP GET /api/v1/companies/my responded 401 in 0.1365 ms
2026-05-16 12:33:24.851 +03:00 [INF] HTTP POST /api/v1/auth/refresh-token responded 200 in 12.8090 ms
2026-05-16 12:33:24.851 +03:00 [INF] HTTP POST /api/v1/auth/refresh-token responded 200 in 12.4724 ms
2026-05-16 12:33:24.857 +03:00 [INF] HTTP GET /api/v1/companies/my responded 401 in 0.1625 ms
2026-05-16 12:33:24.858 +03:00 [INF] HTTP GET /api/v1/companies/my responded 401 in 0.1288 ms
2026-05-16 12:33:32.821 +03:00 [INF] HTTP GET /api/v1/users/me responded 401 in 0.2302 ms
2026-05-16 12:33:32.830 +03:00 [INF] HTTP POST /api/v1/auth/refresh-token responded 401 in 1.9675 ms
2026-05-16 12:36:08.018 +03:00 [INF] 📧 [MOCK EMAIL] Password Reset to testusher3@example.com: http://localhost:3000/reset-password?token=e3ed4a78ca8445da94187f5c61990e97
2026-05-16 12:36:08.019 +03:00 [INF] HTTP POST /api/v1/auth/forgot-password responded 200 in 32.3448 ms
2026-05-16 12:36:52.408 +03:00 [INF] 📧 [MOCK EMAIL] Welcome to ahmohamed324@gmail.com (Ahmed) as Usher
2026-05-16 12:36:52.411 +03:00 [INF] HTTP POST /api/v1/auth/register responded 200 in 150.6003 ms
2026-05-16 12:37:06.289 +03:00 [INF] HTTP POST /api/v1/auth/login responded 401 in 128.9911 ms
2026-05-16 12:37:17.155 +03:00 [INF] 📧 [MOCK EMAIL] Password Reset to ahmohamed324@gmail.com: http://localhost:3000/reset-password?token=d4a2d82f88f949789421c3c3bc24a439
2026-05-16 12:37:17.155 +03:00 [INF] HTTP POST /api/v1/auth/forgot-password responded 200 in 8.3414 ms
2026-05-16 12:37:42.261 +03:00 [INF] 📧 [MOCK EMAIL] Password Reset to ahmohamed324@gmail.com: http://localhost:3000/reset-password?token=66bd67950d0644b48ab7463409a9b8a5
2026-05-16 12:37:42.261 +03:00 [INF] HTTP POST /api/v1/auth/forgot-password responded 200 in 9.2351 ms
2026-05-16 12:43:34.792 +03:00 [INF] 📧 [MOCK EMAIL] Password Reset to ahmohamed324@gmail.com: http://localhost:3000/reset-password?token=03c5c01d91f4423f913851f9d61bf7f3
2026-05-16 12:43:34.793 +03:00 [INF] HTTP POST /api/v1/auth/forgot-password responded 200 in 14.3339 ms
2026-05-16 12:49:21.512 +03:00 [WRN] Entity 'User' has a global query filter defined and is the required end of a relationship with the entity 'Message'. This may lead to unexpected results when the required entity is filtered out. Either configure the navigation as optional, or define matching query filters for both entities in the navigation. See https://go.microsoft.com/fwlink/?linkid=2131316 for more information.
2026-05-16 12:49:21.539 +03:00 [WRN] Entity 'User' has a global query filter defined and is the required end of a relationship with the entity 'Notification'. This may lead to unexpected results when the required entity is filtered out. Either configure the navigation as optional, or define matching query filters for both entities in the navigation. See https://go.microsoft.com/fwlink/?linkid=2131316 for more information.
2026-05-16 12:49:21.540 +03:00 [WRN] Entity 'Job' has a global query filter defined and is the required end of a relationship with the entity 'SavedJob'. This may lead to unexpected results when the required entity is filtered out. Either configure the navigation as optional, or define matching query filters for both entities in the navigation. See https://go.microsoft.com/fwlink/?linkid=2131316 for more information.
2026-05-16 12:49:21.540 +03:00 [WRN] Entity 'User' has a global query filter defined and is the required end of a relationship with the entity 'Subscription'. This may lead to unexpected results when the required entity is filtered out. Either configure the navigation as optional, or define matching query filters for both entities in the navigation. See https://go.microsoft.com/fwlink/?linkid=2131316 for more information.
2026-05-16 12:49:21.540 +03:00 [WRN] Entity 'User' has a global query filter defined and is the required end of a relationship with the entity 'UsherProfile'. This may lead to unexpected results when the required entity is filtered out. Either configure the navigation as optional, or define matching query filters for both entities in the navigation. See https://go.microsoft.com/fwlink/?linkid=2131316 for more information.
2026-05-16 12:49:21.589 +03:00 [WRN] No store type was specified for the decimal property 'ExpectedSalaryPerDay' on entity type 'UsherProfile'. This will cause values to be silently truncated if they do not fit in the default precision and scale. Explicitly specify the SQL server column type that can accommodate all the values in 'OnModelCreating' using 'HasColumnType', specify precision and scale using 'HasPrecision', or configure a value converter using 'HasConversion'.
2026-05-16 12:49:22.268 +03:00 [INF] ✅ Database migrated and seeded successfully
2026-05-16 12:49:22.273 +03:00 [INF] 🚀 UshersEg API running at 
2026-05-16 12:50:23.330 +03:00 [INF] 📧 [LINK GENERATED] Password Reset to ahmohamed324@gmail.com: http://localhost:3000/reset-password?token=d473fba79381458ebbe0d2416861cf76
2026-05-16 12:50:26.181 +03:00 [INF] ✅ Email sent successfully to ahmohamed324@gmail.com
2026-05-16 12:50:26.222 +03:00 [INF] HTTP POST /api/v1/auth/forgot-password responded 200 in 3874.6331 ms
