2026-05-20 01:42:07.309 +03:00 [WRN] Entity 'User' has a global query filter defined and is the required end of a relationship with the entity 'Message'. This may lead to unexpected results when the required entity is filtered out. Either configure the navigation as optional, or define matching query filters for both entities in the navigation. See https://go.microsoft.com/fwlink/?linkid=2131316 for more information.
2026-05-20 01:42:07.340 +03:00 [WRN] Entity 'User' has a global query filter defined and is the required end of a relationship with the entity 'Notification'. This may lead to unexpected results when the required entity is filtered out. Either configure the navigation as optional, or define matching query filters for both entities in the navigation. See https://go.microsoft.com/fwlink/?linkid=2131316 for more information.
2026-05-20 01:42:07.341 +03:00 [WRN] Entity 'Job' has a global query filter defined and is the required end of a relationship with the entity 'SavedJob'. This may lead to unexpected results when the required entity is filtered out. Either configure the navigation as optional, or define matching query filters for both entities in the navigation. See https://go.microsoft.com/fwlink/?linkid=2131316 for more information.
2026-05-20 01:42:07.341 +03:00 [WRN] Entity 'User' has a global query filter defined and is the required end of a relationship with the entity 'Subscription'. This may lead to unexpected results when the required entity is filtered out. Either configure the navigation as optional, or define matching query filters for both entities in the navigation. See https://go.microsoft.com/fwlink/?linkid=2131316 for more information.
2026-05-20 01:42:07.341 +03:00 [WRN] Entity 'User' has a global query filter defined and is the required end of a relationship with the entity 'UsherProfile'. This may lead to unexpected results when the required entity is filtered out. Either configure the navigation as optional, or define matching query filters for both entities in the navigation. See https://go.microsoft.com/fwlink/?linkid=2131316 for more information.
2026-05-20 01:42:07.393 +03:00 [WRN] No store type was specified for the decimal property 'ExpectedSalaryPerDay' on entity type 'UsherProfile'. This will cause values to be silently truncated if they do not fit in the default precision and scale. Explicitly specify the SQL server column type that can accommodate all the values in 'OnModelCreating' using 'HasColumnType', specify precision and scale using 'HasPrecision', or configure a value converter using 'HasConversion'.
2026-05-20 01:42:08.500 +03:00 [INF] ✅ Database migrated and seeded successfully
2026-05-20 01:42:08.506 +03:00 [INF] 🚀 UshersEg API running at 
2026-05-20 01:42:33.693 +03:00 [INF] HTTP POST /api/v1/auth/login responded 200 in 715.3971 ms
2026-05-20 01:42:34.353 +03:00 [INF] HTTP GET /api/v1/jobs/my responded 200 in 334.3099 ms
2026-05-20 01:42:34.385 +03:00 [INF] HTTP GET /api/v1/jobs/my responded 200 in 29.0494 ms
2026-05-20 01:42:34.498 +03:00 [INF] HTTP GET /api/v1/applications/job/ff8e2add-1f47-42ec-8f8c-a9decb140e87 responded 200 in 136.9427 ms
2026-05-20 01:42:34.498 +03:00 [INF] HTTP GET /api/v1/applications/job/b92689a3-9af1-46be-a059-43836c9eb4d9 responded 200 in 134.6960 ms
2026-05-20 01:42:34.498 +03:00 [INF] HTTP GET /api/v1/applications/job/00074b4a-a66a-4be6-9e6a-8ccdc7ed59b3 responded 200 in 134.6946 ms
2026-05-20 01:42:34.510 +03:00 [INF] HTTP GET /api/v1/applications/job/ff8e2add-1f47-42ec-8f8c-a9decb140e87 responded 200 in 9.7639 ms
2026-05-20 01:42:34.510 +03:00 [INF] HTTP GET /api/v1/applications/job/b92689a3-9af1-46be-a059-43836c9eb4d9 responded 200 in 10.0262 ms
2026-05-20 01:42:34.510 +03:00 [INF] HTTP GET /api/v1/applications/job/00074b4a-a66a-4be6-9e6a-8ccdc7ed59b3 responded 200 in 10.3958 ms
2026-05-20 01:42:59.004 +03:00 [INF] HTTP GET /api/v1/companies/my responded 200 in 59.8080 ms
2026-05-20 01:42:59.009 +03:00 [INF] HTTP GET /api/v1/companies/my responded 200 in 3.6972 ms
2026-05-20 01:43:04.671 +03:00 [INF] HTTP GET /api/v1/users/me responded 200 in 40.8848 ms
2026-05-20 01:43:04.824 +03:00 [INF] HTTP GET /api/v1/jobs/my responded 200 in 7.4674 ms
2026-05-20 01:43:04.832 +03:00 [INF] HTTP GET /api/v1/jobs/my responded 200 in 6.7914 ms
2026-05-20 01:43:04.837 +03:00 [INF] HTTP GET /api/v1/applications/job/b92689a3-9af1-46be-a059-43836c9eb4d9 responded 200 in 5.1325 ms
2026-05-20 01:43:04.838 +03:00 [INF] HTTP GET /api/v1/applications/job/00074b4a-a66a-4be6-9e6a-8ccdc7ed59b3 responded 200 in 5.9544 ms
2026-05-20 01:43:04.840 +03:00 [INF] HTTP GET /api/v1/applications/job/ff8e2add-1f47-42ec-8f8c-a9decb140e87 responded 200 in 8.7389 ms
2026-05-20 01:43:04.857 +03:00 [INF] HTTP GET /api/v1/applications/job/ff8e2add-1f47-42ec-8f8c-a9decb140e87 responded 200 in 5.9892 ms
2026-05-20 01:43:04.857 +03:00 [INF] HTTP GET /api/v1/applications/job/b92689a3-9af1-46be-a059-43836c9eb4d9 responded 200 in 5.4330 ms
2026-05-20 01:43:04.858 +03:00 [INF] HTTP GET /api/v1/applications/job/00074b4a-a66a-4be6-9e6a-8ccdc7ed59b3 responded 200 in 6.8364 ms
2026-05-20 01:43:06.664 +03:00 [INF] HTTP GET /api/v1/companies/my responded 200 in 3.8676 ms
2026-05-20 01:43:06.667 +03:00 [INF] HTTP GET /api/v1/companies/my responded 200 in 2.1445 ms
2026-05-20 01:43:14.848 +03:00 [INF] HTTP GET /api/v1/users/me responded 200 in 15.6091 ms
2026-05-20 01:43:14.998 +03:00 [INF] HTTP GET /api/v1/jobs/my responded 200 in 21.1362 ms
2026-05-20 01:43:15.006 +03:00 [INF] HTTP GET /api/v1/jobs/my responded 200 in 6.8276 ms
2026-05-20 01:43:15.033 +03:00 [INF] HTTP GET /api/v1/applications/job/b92689a3-9af1-46be-a059-43836c9eb4d9 responded 200 in 26.1680 ms
2026-05-20 01:43:15.034 +03:00 [INF] HTTP GET /api/v1/applications/job/ff8e2add-1f47-42ec-8f8c-a9decb140e87 responded 200 in 28.4315 ms
2026-05-20 01:43:15.034 +03:00 [INF] HTTP GET /api/v1/applications/job/00074b4a-a66a-4be6-9e6a-8ccdc7ed59b3 responded 200 in 28.4704 ms
2026-05-20 01:43:15.042 +03:00 [INF] HTTP GET /api/v1/applications/job/b92689a3-9af1-46be-a059-43836c9eb4d9 responded 200 in 5.5364 ms
2026-05-20 01:43:15.043 +03:00 [INF] HTTP GET /api/v1/applications/job/ff8e2add-1f47-42ec-8f8c-a9decb140e87 responded 200 in 6.4001 ms
2026-05-20 01:43:15.043 +03:00 [INF] HTTP GET /api/v1/applications/job/00074b4a-a66a-4be6-9e6a-8ccdc7ed59b3 responded 200 in 6.3762 ms
2026-05-20 01:44:38.146 +03:00 [INF] HTTP GET /api/v1/users/me responded 200 in 13.0115 ms
2026-05-20 01:44:50.868 +03:00 [INF] HTTP GET /api/v1/jobs/my responded 200 in 24.0227 ms
2026-05-20 01:44:50.888 +03:00 [INF] HTTP GET /api/v1/jobs/my responded 200 in 19.1674 ms
2026-05-20 01:44:50.896 +03:00 [INF] HTTP GET /api/v1/applications/job/00074b4a-a66a-4be6-9e6a-8ccdc7ed59b3 responded 200 in 21.6269 ms
2026-05-20 01:44:50.898 +03:00 [INF] HTTP GET /api/v1/applications/job/b92689a3-9af1-46be-a059-43836c9eb4d9 responded 200 in 22.6049 ms
2026-05-20 01:44:50.898 +03:00 [INF] HTTP GET /api/v1/applications/job/ff8e2add-1f47-42ec-8f8c-a9decb140e87 responded 200 in 23.7819 ms
2026-05-20 01:44:50.906 +03:00 [INF] HTTP GET /api/v1/applications/job/ff8e2add-1f47-42ec-8f8c-a9decb140e87 responded 200 in 4.7707 ms
2026-05-20 01:44:50.906 +03:00 [INF] HTTP GET /api/v1/applications/job/b92689a3-9af1-46be-a059-43836c9eb4d9 responded 200 in 4.1696 ms
2026-05-20 01:44:50.907 +03:00 [INF] HTTP GET /api/v1/applications/job/00074b4a-a66a-4be6-9e6a-8ccdc7ed59b3 responded 200 in 4.6059 ms
2026-05-20 01:44:55.210 +03:00 [INF] HTTP GET /api/v1/users/me responded 200 in 3.0668 ms
2026-05-20 01:45:14.971 +03:00 [INF] HTTP GET /api/v1/jobs/my responded 200 in 4.3473 ms
2026-05-20 01:45:14.975 +03:00 [INF] HTTP GET /api/v1/jobs/my responded 200 in 3.7614 ms
2026-05-20 01:45:14.993 +03:00 [INF] HTTP GET /api/v1/applications/job/ff8e2add-1f47-42ec-8f8c-a9decb140e87 responded 200 in 4.5763 ms
2026-05-20 01:45:14.994 +03:00 [INF] HTTP GET /api/v1/applications/job/b92689a3-9af1-46be-a059-43836c9eb4d9 responded 200 in 3.4038 ms
2026-05-20 01:45:14.996 +03:00 [INF] HTTP GET /api/v1/applications/job/00074b4a-a66a-4be6-9e6a-8ccdc7ed59b3 responded 200 in 7.6235 ms
2026-05-20 01:45:15.011 +03:00 [INF] HTTP GET /api/v1/applications/job/ff8e2add-1f47-42ec-8f8c-a9decb140e87 responded 200 in 2.9542 ms
2026-05-20 01:45:15.011 +03:00 [INF] HTTP GET /api/v1/applications/job/00074b4a-a66a-4be6-9e6a-8ccdc7ed59b3 responded 200 in 2.9541 ms
2026-05-20 01:45:15.024 +03:00 [INF] HTTP GET /api/v1/applications/job/b92689a3-9af1-46be-a059-43836c9eb4d9 responded 200 in 15.7803 ms
2026-05-20 01:46:51.730 +03:00 [INF] HTTP GET /api/v1/jobs/my responded 200 in 29.9842 ms
2026-05-20 01:46:51.735 +03:00 [INF] HTTP GET /api/v1/jobs/my responded 200 in 3.2567 ms
2026-05-20 01:46:51.754 +03:00 [INF] HTTP GET /api/v1/applications/job/b92689a3-9af1-46be-a059-43836c9eb4d9 responded 200 in 17.5445 ms
2026-05-20 01:46:51.754 +03:00 [INF] HTTP GET /api/v1/applications/job/00074b4a-a66a-4be6-9e6a-8ccdc7ed59b3 responded 200 in 17.6121 ms
2026-05-20 01:46:51.754 +03:00 [INF] HTTP GET /api/v1/applications/job/ff8e2add-1f47-42ec-8f8c-a9decb140e87 responded 200 in 17.5753 ms
2026-05-20 01:46:51.759 +03:00 [INF] HTTP GET /api/v1/applications/job/b92689a3-9af1-46be-a059-43836c9eb4d9 responded 200 in 3.3604 ms
2026-05-20 01:46:51.760 +03:00 [INF] HTTP GET /api/v1/applications/job/ff8e2add-1f47-42ec-8f8c-a9decb140e87 responded 200 in 4.0729 ms
2026-05-20 01:46:51.761 +03:00 [INF] HTTP GET /api/v1/applications/job/00074b4a-a66a-4be6-9e6a-8ccdc7ed59b3 responded 200 in 4.8396 ms
2026-05-20 01:47:12.591 +03:00 [INF] HTTP GET /api/v1/jobs/my responded 200 in 16.3641 ms
2026-05-20 01:47:12.598 +03:00 [INF] HTTP GET /api/v1/jobs/my responded 200 in 5.7493 ms
2026-05-20 01:47:12.607 +03:00 [INF] HTTP GET /api/v1/applications/job/ff8e2add-1f47-42ec-8f8c-a9decb140e87 responded 200 in 9.6753 ms
2026-05-20 01:47:12.619 +03:00 [INF] HTTP GET /api/v1/applications/job/ff8e2add-1f47-42ec-8f8c-a9decb140e87 responded 200 in 7.9637 ms
2026-05-20 01:47:12.619 +03:00 [INF] HTTP GET /api/v1/applications/job/00074b4a-a66a-4be6-9e6a-8ccdc7ed59b3 responded 200 in 21.8388 ms
2026-05-20 01:47:12.626 +03:00 [INF] HTTP GET /api/v1/applications/job/00074b4a-a66a-4be6-9e6a-8ccdc7ed59b3 responded 200 in 5.0444 ms
2026-05-20 01:47:12.631 +03:00 [INF] HTTP GET /api/v1/applications/job/b92689a3-9af1-46be-a059-43836c9eb4d9 responded 200 in 31.3630 ms
2026-05-20 01:47:12.638 +03:00 [INF] HTTP GET /api/v1/applications/job/b92689a3-9af1-46be-a059-43836c9eb4d9 responded 200 in 6.0824 ms
2026-05-20 01:47:45.843 +03:00 [INF] HTTP GET /api/v1/users/me responded 200 in 20.9585 ms
2026-05-20 01:47:46.014 +03:00 [INF] HTTP GET /api/v1/jobs/my responded 200 in 20.2313 ms
2026-05-20 01:47:46.021 +03:00 [INF] HTTP GET /api/v1/jobs/my responded 200 in 5.1521 ms
2026-05-20 01:47:46.050 +03:00 [INF] HTTP GET /api/v1/applications/job/00074b4a-a66a-4be6-9e6a-8ccdc7ed59b3 responded 200 in 24.2370 ms
2026-05-20 01:47:46.051 +03:00 [INF] HTTP GET /api/v1/applications/job/ff8e2add-1f47-42ec-8f8c-a9decb140e87 responded 200 in 24.9592 ms
2026-05-20 01:47:46.052 +03:00 [INF] HTTP GET /api/v1/applications/job/b92689a3-9af1-46be-a059-43836c9eb4d9 responded 200 in 23.8521 ms
2026-05-20 01:47:46.062 +03:00 [INF] HTTP GET /api/v1/applications/job/b92689a3-9af1-46be-a059-43836c9eb4d9 responded 200 in 2.8243 ms
2026-05-20 01:47:46.062 +03:00 [INF] HTTP GET /api/v1/applications/job/ff8e2add-1f47-42ec-8f8c-a9decb140e87 responded 200 in 3.4772 ms
2026-05-20 01:47:46.062 +03:00 [INF] HTTP GET /api/v1/applications/job/00074b4a-a66a-4be6-9e6a-8ccdc7ed59b3 responded 200 in 3.5945 ms
2026-05-20 01:49:13.405 +03:00 [INF] HTTP GET /api/v1/companies/my responded 200 in 23.5889 ms
2026-05-20 01:49:13.408 +03:00 [INF] HTTP GET /api/v1/companies/my responded 200 in 1.9904 ms
2026-05-20 01:49:20.242 +03:00 [INF] HTTP POST /api/v1/companies responded 200 in 75.2821 ms
2026-05-20 01:50:17.147 +03:00 [INF] HTTP GET /api/v1/jobs/my responded 200 in 27.4735 ms
2026-05-20 01:50:17.151 +03:00 [INF] HTTP GET /api/v1/jobs/my responded 200 in 3.2230 ms
2026-05-20 01:50:17.176 +03:00 [INF] HTTP GET /api/v1/applications/job/00074b4a-a66a-4be6-9e6a-8ccdc7ed59b3 responded 200 in 21.8876 ms
2026-05-20 01:50:17.177 +03:00 [INF] HTTP GET /api/v1/applications/job/b92689a3-9af1-46be-a059-43836c9eb4d9 responded 200 in 22.2219 ms
2026-05-20 01:50:17.178 +03:00 [INF] HTTP GET /api/v1/applications/job/ff8e2add-1f47-42ec-8f8c-a9decb140e87 responded 200 in 23.8005 ms
2026-05-20 01:50:17.182 +03:00 [INF] HTTP GET /api/v1/applications/job/00074b4a-a66a-4be6-9e6a-8ccdc7ed59b3 responded 200 in 4.3337 ms
2026-05-20 01:50:17.183 +03:00 [INF] HTTP GET /api/v1/applications/job/b92689a3-9af1-46be-a059-43836c9eb4d9 responded 200 in 4.5256 ms
2026-05-20 01:50:17.183 +03:00 [INF] HTTP GET /api/v1/applications/job/ff8e2add-1f47-42ec-8f8c-a9decb140e87 responded 200 in 3.8101 ms
2026-05-20 01:55:22.070 +03:00 [INF] HTTP GET /api/v1/jobs responded 200 in 107.1833 ms
2026-05-20 01:55:24.380 +03:00 [INF] HTTP GET /api/v1/jobs/my responded 200 in 16.0663 ms
2026-05-20 01:55:24.389 +03:00 [INF] HTTP GET /api/v1/jobs/my responded 200 in 7.6894 ms
2026-05-20 01:55:24.413 +03:00 [INF] HTTP GET /api/v1/applications/job/b92689a3-9af1-46be-a059-43836c9eb4d9 responded 200 in 21.9296 ms
2026-05-20 01:55:24.414 +03:00 [INF] HTTP GET /api/v1/applications/job/ff8e2add-1f47-42ec-8f8c-a9decb140e87 responded 200 in 24.7774 ms
2026-05-20 01:55:24.417 +03:00 [INF] HTTP GET /api/v1/applications/job/00074b4a-a66a-4be6-9e6a-8ccdc7ed59b3 responded 200 in 26.3735 ms
2026-05-20 01:55:24.419 +03:00 [INF] HTTP GET /api/v1/applications/job/b92689a3-9af1-46be-a059-43836c9eb4d9 responded 200 in 4.6994 ms
2026-05-20 01:55:24.420 +03:00 [INF] HTTP GET /api/v1/applications/job/ff8e2add-1f47-42ec-8f8c-a9decb140e87 responded 200 in 4.5756 ms
2026-05-20 01:55:24.422 +03:00 [INF] HTTP GET /api/v1/applications/job/00074b4a-a66a-4be6-9e6a-8ccdc7ed59b3 responded 200 in 3.0536 ms
2026-05-20 01:55:27.314 +03:00 [INF] HTTP GET /api/v1/companies/my responded 200 in 11.1642 ms
2026-05-20 01:55:27.320 +03:00 [INF] HTTP GET /api/v1/companies/my responded 200 in 2.1997 ms
2026-05-20 01:55:54.070 +03:00 [INF] HTTP GET /api/v1/users/me responded 200 in 6.4166 ms
2026-05-20 01:55:54.232 +03:00 [INF] HTTP GET /api/v1/jobs/my responded 200 in 2.5037 ms
2026-05-20 01:55:54.236 +03:00 [INF] HTTP GET /api/v1/jobs/my responded 200 in 2.6082 ms
2026-05-20 01:55:54.243 +03:00 [INF] HTTP GET /api/v1/applications/job/00074b4a-a66a-4be6-9e6a-8ccdc7ed59b3 responded 200 in 3.3896 ms
2026-05-20 01:55:54.243 +03:00 [INF] HTTP GET /api/v1/applications/job/b92689a3-9af1-46be-a059-43836c9eb4d9 responded 200 in 2.9496 ms
2026-05-20 01:55:54.243 +03:00 [INF] HTTP GET /api/v1/applications/job/ff8e2add-1f47-42ec-8f8c-a9decb140e87 responded 200 in 4.1479 ms
2026-05-20 01:55:54.266 +03:00 [INF] HTTP GET /api/v1/applications/job/ff8e2add-1f47-42ec-8f8c-a9decb140e87 responded 200 in 2.6340 ms
2026-05-20 01:55:54.266 +03:00 [INF] HTTP GET /api/v1/applications/job/00074b4a-a66a-4be6-9e6a-8ccdc7ed59b3 responded 200 in 2.6326 ms
2026-05-20 01:55:54.266 +03:00 [INF] HTTP GET /api/v1/applications/job/b92689a3-9af1-46be-a059-43836c9eb4d9 responded 200 in 2.6520 ms
2026-05-20 01:57:09.099 +03:00 [INF] HTTP GET /api/v1/users/me responded 200 in 21.2105 ms
2026-05-20 01:57:09.286 +03:00 [INF] HTTP GET /api/v1/jobs/my responded 200 in 20.9987 ms
2026-05-20 01:57:09.293 +03:00 [INF] HTTP GET /api/v1/jobs/my responded 200 in 5.6683 ms
2026-05-20 01:57:09.317 +03:00 [INF] HTTP GET /api/v1/applications/job/b92689a3-9af1-46be-a059-43836c9eb4d9 responded 200 in 21.4380 ms
2026-05-20 01:57:09.319 +03:00 [INF] HTTP GET /api/v1/applications/job/ff8e2add-1f47-42ec-8f8c-a9decb140e87 responded 200 in 23.4730 ms
2026-05-20 01:57:09.320 +03:00 [INF] HTTP GET /api/v1/applications/job/00074b4a-a66a-4be6-9e6a-8ccdc7ed59b3 responded 200 in 24.3283 ms
2026-05-20 01:57:09.328 +03:00 [INF] HTTP GET /api/v1/applications/job/ff8e2add-1f47-42ec-8f8c-a9decb140e87 responded 200 in 3.2372 ms
2026-05-20 01:57:09.328 +03:00 [INF] HTTP GET /api/v1/applications/job/b92689a3-9af1-46be-a059-43836c9eb4d9 responded 200 in 3.0502 ms
2026-05-20 01:57:09.330 +03:00 [INF] HTTP GET /api/v1/applications/job/00074b4a-a66a-4be6-9e6a-8ccdc7ed59b3 responded 200 in 4.7485 ms
2026-05-20 01:57:21.916 +03:00 [INF] HTTP GET /api/v1/companies/my responded 200 in 13.5879 ms
2026-05-20 01:57:21.919 +03:00 [INF] HTTP GET /api/v1/companies/my responded 200 in 1.5698 ms
2026-05-20 01:57:24.379 +03:00 [INF] HTTP GET /api/v1/companies/my responded 200 in 1.8420 ms
2026-05-20 01:57:24.383 +03:00 [INF] HTTP GET /api/v1/companies/my responded 200 in 1.9119 ms
2026-05-20 01:57:30.580 +03:00 [INF] HTTP GET /api/v1/jobs/my responded 200 in 14.8034 ms
2026-05-20 01:57:30.602 +03:00 [INF] HTTP GET /api/v1/jobs/my responded 200 in 19.7904 ms
2026-05-20 01:57:30.613 +03:00 [INF] HTTP GET /api/v1/applications/job/ff8e2add-1f47-42ec-8f8c-a9decb140e87 responded 200 in 25.9126 ms
2026-05-20 01:57:30.613 +03:00 [INF] HTTP GET /api/v1/applications/job/b92689a3-9af1-46be-a059-43836c9eb4d9 responded 200 in 25.8728 ms
2026-05-20 01:57:30.615 +03:00 [INF] HTTP GET /api/v1/applications/job/00074b4a-a66a-4be6-9e6a-8ccdc7ed59b3 responded 200 in 27.7183 ms
2026-05-20 01:57:30.628 +03:00 [INF] HTTP GET /api/v1/applications/job/00074b4a-a66a-4be6-9e6a-8ccdc7ed59b3 responded 200 in 11.0497 ms
2026-05-20 01:57:30.628 +03:00 [INF] HTTP GET /api/v1/applications/job/ff8e2add-1f47-42ec-8f8c-a9decb140e87 responded 200 in 11.5532 ms
2026-05-20 01:57:30.628 +03:00 [INF] HTTP GET /api/v1/applications/job/b92689a3-9af1-46be-a059-43836c9eb4d9 responded 200 in 10.6135 ms
2026-05-20 01:57:51.940 +03:00 [INF] HTTP GET /api/v1/users/me responded 200 in 6.5846 ms
2026-05-20 01:57:52.109 +03:00 [INF] HTTP GET /api/v1/jobs/my responded 200 in 14.5233 ms
2026-05-20 01:57:52.116 +03:00 [INF] HTTP GET /api/v1/jobs/my responded 200 in 5.8079 ms
2026-05-20 01:57:52.136 +03:00 [INF] HTTP GET /api/v1/applications/job/ff8e2add-1f47-42ec-8f8c-a9decb140e87 responded 200 in 19.6347 ms
2026-05-20 01:57:52.138 +03:00 [INF] HTTP GET /api/v1/applications/job/00074b4a-a66a-4be6-9e6a-8ccdc7ed59b3 responded 200 in 21.5505 ms
2026-05-20 01:57:52.138 +03:00 [INF] HTTP GET /api/v1/applications/job/b92689a3-9af1-46be-a059-43836c9eb4d9 responded 200 in 22.0725 ms
2026-05-20 01:57:52.142 +03:00 [INF] HTTP GET /api/v1/applications/job/ff8e2add-1f47-42ec-8f8c-a9decb140e87 responded 200 in 4.9316 ms
2026-05-20 01:57:52.143 +03:00 [INF] HTTP GET /api/v1/applications/job/00074b4a-a66a-4be6-9e6a-8ccdc7ed59b3 responded 200 in 3.8038 ms
2026-05-20 01:57:52.144 +03:00 [INF] HTTP GET /api/v1/applications/job/b92689a3-9af1-46be-a059-43836c9eb4d9 responded 200 in 3.3850 ms
2026-05-20 01:58:42.921 +03:00 [INF] HTTP GET /api/v1/companies/my responded 200 in 15.1723 ms
2026-05-20 01:58:42.925 +03:00 [INF] HTTP GET /api/v1/companies/my responded 200 in 1.6430 ms
2026-05-20 02:03:05.334 +03:00 [INF] HTTP GET /api/v1/companies/my responded 200 in 53.1993 ms
2026-05-20 02:03:05.339 +03:00 [INF] HTTP GET /api/v1/companies/my responded 200 in 3.2135 ms
2026-05-20 02:03:05.360 +03:00 [INF] HTTP GET /api/v1/jobs/my responded 200 in 79.1355 ms
2026-05-20 02:03:05.372 +03:00 [INF] HTTP GET /api/v1/jobs/my responded 200 in 10.1513 ms
2026-05-20 02:03:05.440 +03:00 [INF] HTTP GET /api/v1/applications/job/b92689a3-9af1-46be-a059-43836c9eb4d9 responded 200 in 36.4970 ms
2026-05-20 02:03:05.451 +03:00 [INF] HTTP GET /api/v1/applications/job/b92689a3-9af1-46be-a059-43836c9eb4d9 responded 200 in 8.5788 ms
2026-05-20 02:03:05.455 +03:00 [INF] HTTP GET /api/v1/applications/job/00074b4a-a66a-4be6-9e6a-8ccdc7ed59b3 responded 200 in 53.8413 ms
2026-05-20 02:03:05.464 +03:00 [INF] HTTP GET /api/v1/applications/job/00074b4a-a66a-4be6-9e6a-8ccdc7ed59b3 responded 200 in 6.5873 ms
2026-05-20 02:03:05.470 +03:00 [INF] HTTP GET /api/v1/applications/job/ff8e2add-1f47-42ec-8f8c-a9decb140e87 responded 200 in 68.6446 ms
2026-05-20 02:03:05.479 +03:00 [INF] HTTP GET /api/v1/applications/job/ff8e2add-1f47-42ec-8f8c-a9decb140e87 responded 200 in 6.9931 ms
2026-05-20 02:04:49.221 +03:00 [INF] HTTP GET /api/v1/users/me responded 200 in 15.3493 ms
2026-05-20 02:04:49.416 +03:00 [INF] HTTP GET /api/v1/companies/my responded 200 in 15.0806 ms
2026-05-20 02:04:49.419 +03:00 [INF] HTTP GET /api/v1/companies/my responded 200 in 1.4379 ms
2026-05-20 02:04:49.422 +03:00 [INF] HTTP GET /api/v1/jobs/my responded 200 in 21.0893 ms
2026-05-20 02:04:49.426 +03:00 [INF] HTTP GET /api/v1/jobs/my responded 200 in 2.4233 ms
2026-05-20 02:04:49.470 +03:00 [INF] HTTP GET /api/v1/applications/job/b92689a3-9af1-46be-a059-43836c9eb4d9 responded 200 in 19.8900 ms
2026-05-20 02:04:49.470 +03:00 [INF] HTTP GET /api/v1/applications/job/ff8e2add-1f47-42ec-8f8c-a9decb140e87 responded 200 in 21.7381 ms
2026-05-20 02:04:49.473 +03:00 [INF] HTTP GET /api/v1/applications/job/00074b4a-a66a-4be6-9e6a-8ccdc7ed59b3 responded 200 in 24.7010 ms
2026-05-20 02:04:49.476 +03:00 [INF] HTTP GET /api/v1/applications/job/b92689a3-9af1-46be-a059-43836c9eb4d9 responded 200 in 3.6718 ms
2026-05-20 02:04:49.476 +03:00 [INF] HTTP GET /api/v1/applications/job/00074b4a-a66a-4be6-9e6a-8ccdc7ed59b3 responded 200 in 2.6589 ms
2026-05-20 02:04:49.477 +03:00 [INF] HTTP GET /api/v1/applications/job/ff8e2add-1f47-42ec-8f8c-a9decb140e87 responded 200 in 4.6544 ms
2026-05-20 02:05:02.793 +03:00 [INF] HTTP GET /api/v1/users/me responded 200 in 6.5258 ms
2026-05-20 02:05:02.944 +03:00 [INF] HTTP GET /api/v1/companies/my responded 200 in 16.3369 ms
2026-05-20 02:05:02.948 +03:00 [INF] HTTP GET /api/v1/companies/my responded 200 in 2.6927 ms
2026-05-20 02:05:02.951 +03:00 [INF] HTTP GET /api/v1/jobs/my responded 200 in 23.4033 ms
2026-05-20 02:05:02.956 +03:00 [INF] HTTP GET /api/v1/jobs/my responded 200 in 3.5008 ms
2026-05-20 02:05:02.994 +03:00 [INF] HTTP GET /api/v1/applications/job/ff8e2add-1f47-42ec-8f8c-a9decb140e87 responded 200 in 18.4648 ms
2026-05-20 02:05:02.995 +03:00 [INF] HTTP GET /api/v1/applications/job/b92689a3-9af1-46be-a059-43836c9eb4d9 responded 200 in 18.5259 ms
2026-05-20 02:05:02.995 +03:00 [INF] HTTP GET /api/v1/applications/job/00074b4a-a66a-4be6-9e6a-8ccdc7ed59b3 responded 200 in 19.1168 ms
2026-05-20 02:05:03.000 +03:00 [INF] HTTP GET /api/v1/applications/job/ff8e2add-1f47-42ec-8f8c-a9decb140e87 responded 200 in 4.0879 ms
2026-05-20 02:05:03.000 +03:00 [INF] HTTP GET /api/v1/applications/job/b92689a3-9af1-46be-a059-43836c9eb4d9 responded 200 in 3.1074 ms
2026-05-20 02:05:03.001 +03:00 [INF] HTTP GET /api/v1/applications/job/00074b4a-a66a-4be6-9e6a-8ccdc7ed59b3 responded 200 in 4.0126 ms
2026-05-20 02:05:07.306 +03:00 [INF] HTTP GET /api/v1/companies/my responded 200 in 1.7917 ms
2026-05-20 02:05:07.309 +03:00 [INF] HTTP GET /api/v1/companies/my responded 200 in 1.7758 ms
2026-05-20 02:06:11.817 +03:00 [INF] HTTP POST /api/v1/auth/login responded 200 in 195.7446 ms
2026-05-20 02:06:12.087 +03:00 [INF] HTTP GET /api/v1/jobs/my responded 200 in 20.1193 ms
2026-05-20 02:06:12.091 +03:00 [INF] HTTP GET /api/v1/jobs/my responded 200 in 3.1354 ms
2026-05-20 02:06:12.114 +03:00 [INF] HTTP GET /api/v1/applications/job/b92689a3-9af1-46be-a059-43836c9eb4d9 responded 200 in 19.0406 ms
2026-05-20 02:06:12.114 +03:00 [INF] HTTP GET /api/v1/applications/job/00074b4a-a66a-4be6-9e6a-8ccdc7ed59b3 responded 200 in 19.0745 ms
2026-05-20 02:06:12.118 +03:00 [INF] HTTP GET /api/v1/applications/job/ff8e2add-1f47-42ec-8f8c-a9decb140e87 responded 200 in 23.9481 ms
2026-05-20 02:06:12.131 +03:00 [INF] HTTP GET /api/v1/applications/job/ff8e2add-1f47-42ec-8f8c-a9decb140e87 responded 200 in 5.8219 ms
2026-05-20 02:06:12.132 +03:00 [INF] HTTP GET /api/v1/applications/job/00074b4a-a66a-4be6-9e6a-8ccdc7ed59b3 responded 200 in 6.6950 ms
2026-05-20 02:06:12.132 +03:00 [INF] HTTP GET /api/v1/applications/job/b92689a3-9af1-46be-a059-43836c9eb4d9 responded 200 in 6.0481 ms
2026-05-20 02:06:19.866 +03:00 [INF] HTTP GET /api/v1/companies/my responded 200 in 13.1477 ms
2026-05-20 02:06:19.869 +03:00 [INF] HTTP GET /api/v1/companies/my responded 200 in 1.6586 ms
2026-05-20 02:10:00.800 +03:00 [INF] HTTP GET /api/v1/users/me responded 200 in 17.5976 ms
2026-05-20 02:10:01.045 +03:00 [INF] HTTP GET /api/v1/jobs/my responded 200 in 29.5516 ms
2026-05-20 02:10:01.051 +03:00 [INF] HTTP GET /api/v1/jobs/my responded 200 in 4.1400 ms
2026-05-20 02:10:01.082 +03:00 [INF] HTTP GET /api/v1/applications/job/ff8e2add-1f47-42ec-8f8c-a9decb140e87 responded 200 in 23.6928 ms
2026-05-20 02:10:01.082 +03:00 [INF] HTTP GET /api/v1/applications/job/b92689a3-9af1-46be-a059-43836c9eb4d9 responded 200 in 22.4651 ms
2026-05-20 02:10:01.084 +03:00 [INF] HTTP GET /api/v1/applications/job/00074b4a-a66a-4be6-9e6a-8ccdc7ed59b3 responded 200 in 24.1387 ms
2026-05-20 02:10:01.102 +03:00 [INF] HTTP GET /api/v1/applications/job/ff8e2add-1f47-42ec-8f8c-a9decb140e87 responded 200 in 3.9993 ms
2026-05-20 02:10:01.104 +03:00 [INF] HTTP GET /api/v1/applications/job/00074b4a-a66a-4be6-9e6a-8ccdc7ed59b3 responded 200 in 4.7334 ms
2026-05-20 02:10:01.106 +03:00 [INF] HTTP GET /api/v1/applications/job/b92689a3-9af1-46be-a059-43836c9eb4d9 responded 200 in 6.1394 ms
2026-05-20 02:11:33.865 +03:00 [INF] HTTP GET /api/v1/jobs/my responded 200 in 29.1777 ms
2026-05-20 02:11:33.871 +03:00 [INF] HTTP GET /api/v1/jobs/my responded 200 in 4.4141 ms
2026-05-20 02:11:33.898 +03:00 [INF] HTTP GET /api/v1/applications/job/00074b4a-a66a-4be6-9e6a-8ccdc7ed59b3 responded 200 in 23.8969 ms
2026-05-20 02:11:33.898 +03:00 [INF] HTTP GET /api/v1/applications/job/ff8e2add-1f47-42ec-8f8c-a9decb140e87 responded 200 in 24.0998 ms
2026-05-20 02:11:33.900 +03:00 [INF] HTTP GET /api/v1/applications/job/b92689a3-9af1-46be-a059-43836c9eb4d9 responded 200 in 23.0095 ms
2026-05-20 02:11:33.914 +03:00 [INF] HTTP GET /api/v1/applications/job/ff8e2add-1f47-42ec-8f8c-a9decb140e87 responded 200 in 6.4289 ms
2026-05-20 02:11:33.917 +03:00 [INF] HTTP GET /api/v1/applications/job/b92689a3-9af1-46be-a059-43836c9eb4d9 responded 200 in 7.4373 ms
2026-05-20 02:11:33.917 +03:00 [INF] HTTP GET /api/v1/applications/job/00074b4a-a66a-4be6-9e6a-8ccdc7ed59b3 responded 200 in 7.9286 ms
2026-05-20 02:11:37.007 +03:00 [INF] HTTP GET /api/v1/companies/my responded 200 in 10.7796 ms
2026-05-20 02:11:37.010 +03:00 [INF] HTTP GET /api/v1/companies/my responded 200 in 1.4944 ms
2026-05-20 02:12:03.530 +03:00 [INF] HTTP GET /api/v1/jobs/00074b4a-a66a-4be6-9e6a-8ccdc7ed59b3 responded 200 in 184.1759 ms
2026-05-20 02:12:03.541 +03:00 [INF] HTTP GET /api/v1/jobs/00074b4a-a66a-4be6-9e6a-8ccdc7ed59b3 responded 200 in 8.2373 ms
2026-05-20 02:12:07.714 +03:00 [INF] HTTP GET /api/v1/jobs/my responded 200 in 20.7291 ms
2026-05-20 02:12:07.719 +03:00 [INF] HTTP GET /api/v1/jobs/my responded 200 in 4.2266 ms
2026-05-20 02:12:07.747 +03:00 [INF] HTTP GET /api/v1/applications/job/b92689a3-9af1-46be-a059-43836c9eb4d9 responded 200 in 23.5963 ms
2026-05-20 02:12:07.748 +03:00 [INF] HTTP GET /api/v1/applications/job/ff8e2add-1f47-42ec-8f8c-a9decb140e87 responded 200 in 25.7580 ms
2026-05-20 02:12:07.749 +03:00 [INF] HTTP GET /api/v1/applications/job/00074b4a-a66a-4be6-9e6a-8ccdc7ed59b3 responded 200 in 25.7626 ms
2026-05-20 02:12:07.761 +03:00 [INF] HTTP GET /api/v1/applications/job/ff8e2add-1f47-42ec-8f8c-a9decb140e87 responded 200 in 5.9133 ms
2026-05-20 02:12:07.762 +03:00 [INF] HTTP GET /api/v1/applications/job/00074b4a-a66a-4be6-9e6a-8ccdc7ed59b3 responded 200 in 4.0352 ms
2026-05-20 02:12:07.763 +03:00 [INF] HTTP GET /api/v1/applications/job/b92689a3-9af1-46be-a059-43836c9eb4d9 responded 200 in 3.8966 ms
2026-05-20 02:12:25.129 +03:00 [INF] HTTP POST /api/v1/auth/login responded 401 in 173.8019 ms
2026-05-20 02:12:34.204 +03:00 [INF] HTTP POST /api/v1/auth/login responded 401 in 132.3094 ms
2026-05-20 02:12:59.569 +03:00 [INF] HTTP POST /api/v1/auth/login responded 200 in 137.5350 ms
2026-05-20 02:13:00.082 +03:00 [INF] HTTP GET /api/v1/jobs/my responded 200 in 55.1544 ms
2026-05-20 02:13:00.091 +03:00 [INF] HTTP GET /api/v1/jobs/my responded 200 in 6.5908 ms
2026-05-20 02:13:00.125 +03:00 [INF] HTTP GET /api/v1/applications/job/68b433b0-6906-4b2f-a94f-ac0abb2c6a04 responded 200 in 32.5365 ms
2026-05-20 02:13:00.137 +03:00 [INF] HTTP GET /api/v1/applications/job/68b433b0-6906-4b2f-a94f-ac0abb2c6a04 responded 200 in 8.8867 ms
2026-05-20 02:13:00.138 +03:00 [INF] HTTP GET /api/v1/applications/job/8cbedae5-747b-4e90-98c5-2eb3c0963d7b responded 200 in 43.6985 ms
2026-05-20 02:13:00.150 +03:00 [INF] HTTP GET /api/v1/applications/job/8cbedae5-747b-4e90-98c5-2eb3c0963d7b responded 200 in 7.9312 ms
2026-05-20 02:13:05.626 +03:00 [INF] HTTP GET /api/v1/companies/my responded 200 in 13.6977 ms
2026-05-20 02:13:05.629 +03:00 [INF] HTTP GET /api/v1/companies/my responded 200 in 1.8917 ms
2026-05-20 02:13:14.021 +03:00 [INF] HTTP POST /api/v1/auth/login responded 401 in 135.9934 ms
2026-05-20 02:13:18.324 +03:00 [INF] HTTP POST /api/v1/auth/login responded 401 in 132.7778 ms
2026-05-20 02:13:26.777 +03:00 [INF] HTTP POST /api/v1/auth/login responded 200 in 139.7583 ms
2026-05-20 02:13:27.244 +03:00 [INF] HTTP GET /api/v1/jobs/my responded 200 in 21.6368 ms
2026-05-20 02:13:27.251 +03:00 [INF] HTTP GET /api/v1/jobs/my responded 200 in 5.2282 ms
2026-05-20 02:13:27.276 +03:00 [INF] HTTP GET /api/v1/applications/job/415bc38b-a537-431c-b630-0d2766cad730 responded 200 in 22.8013 ms
2026-05-20 02:13:27.284 +03:00 [INF] HTTP GET /api/v1/applications/job/415bc38b-a537-431c-b630-0d2766cad730 responded 200 in 5.4982 ms
2026-05-20 02:13:35.874 +03:00 [INF] HTTP POST /api/v1/auth/login responded 200 in 131.5166 ms
2026-05-20 02:13:36.134 +03:00 [INF] HTTP GET /api/v1/jobs/my responded 200 in 5.7324 ms
2026-05-20 02:13:36.140 +03:00 [INF] HTTP GET /api/v1/jobs/my responded 200 in 4.3974 ms
2026-05-20 02:13:36.152 +03:00 [INF] HTTP GET /api/v1/applications/job/68b433b0-6906-4b2f-a94f-ac0abb2c6a04 responded 200 in 6.2080 ms
2026-05-20 02:13:36.153 +03:00 [INF] HTTP GET /api/v1/applications/job/8cbedae5-747b-4e90-98c5-2eb3c0963d7b responded 200 in 6.6969 ms
2026-05-20 02:13:36.180 +03:00 [INF] HTTP GET /api/v1/applications/job/68b433b0-6906-4b2f-a94f-ac0abb2c6a04 responded 200 in 5.7508 ms
2026-05-20 02:13:36.181 +03:00 [INF] HTTP GET /api/v1/applications/job/8cbedae5-747b-4e90-98c5-2eb3c0963d7b responded 200 in 5.7979 ms
2026-05-20 02:13:56.575 +03:00 [INF] HTTP POST /api/v1/auth/register responded 400 in 34.5937 ms
2026-05-20 02:14:13.306 +03:00 [INF] 📧 [LINK GENERATED] Password Reset to ahmohamed324@gmail.com: http://localhost:3000/reset-password?token=f6a262022361401a8aee250830191601
2026-05-20 02:14:15.701 +03:00 [INF] ✅ Email sent successfully to ahmohamed324@gmail.com
2026-05-20 02:14:15.703 +03:00 [INF] HTTP POST /api/v1/auth/forgot-password responded 200 in 2439.9289 ms
2026-05-20 02:14:42.879 +03:00 [INF] HTTP POST /api/v1/auth/reset-password responded 200 in 211.0728 ms
2026-05-20 02:14:57.515 +03:00 [INF] HTTP POST /api/v1/auth/login responded 200 in 161.2677 ms
2026-05-20 02:14:57.899 +03:00 [INF] HTTP GET /api/v1/jobs/saved responded 200 in 88.8413 ms
2026-05-20 02:14:57.905 +03:00 [INF] HTTP GET /api/v1/jobs/saved responded 200 in 3.8384 ms
2026-05-20 02:14:57.922 +03:00 [INF] HTTP GET /api/v1/applications/my responded 200 in 113.8705 ms
2026-05-20 02:14:57.928 +03:00 [INF] HTTP GET /api/v1/applications/my responded 200 in 4.1053 ms
2026-05-20 02:15:02.306 +03:00 [INF] HTTP GET /api/v1/jobs responded 200 in 14.6287 ms
2026-05-20 02:15:06.604 +03:00 [INF] HTTP GET /api/v1/jobs/saved responded 200 in 2.2284 ms
2026-05-20 02:15:06.604 +03:00 [INF] HTTP GET /api/v1/applications/my responded 200 in 2.2840 ms
2026-05-20 02:15:06.608 +03:00 [INF] HTTP GET /api/v1/applications/my responded 200 in 3.1049 ms
2026-05-20 02:15:06.608 +03:00 [INF] HTTP GET /api/v1/jobs/saved responded 200 in 2.6606 ms
2026-05-20 02:15:11.843 +03:00 [INF] HTTP GET /api/v1/users/me responded 200 in 6.5039 ms
2026-05-20 02:15:11.846 +03:00 [INF] HTTP GET /api/v1/users/me responded 200 in 1.9194 ms
2026-05-20 02:19:19.651 +03:00 [INF] HTTP GET /api/v1/jobs responded 200 in 29.4144 ms
2026-05-20 02:19:20.578 +03:00 [INF] HTTP GET /api/v1/users/me responded 200 in 9.0521 ms
2026-05-20 02:19:20.583 +03:00 [INF] HTTP GET /api/v1/users/me responded 200 in 3.5995 ms
2026-05-20 02:19:20.586 +03:00 [INF] HTTP GET /api/v1/jobs/saved responded 200 in 16.7106 ms
2026-05-20 02:19:20.591 +03:00 [INF] HTTP GET /api/v1/jobs/saved responded 200 in 2.8250 ms
2026-05-20 02:19:20.600 +03:00 [INF] HTTP GET /api/v1/applications/my responded 200 in 30.2614 ms
2026-05-20 02:19:20.606 +03:00 [INF] HTTP GET /api/v1/applications/my responded 200 in 4.9330 ms
2026-05-20 02:19:39.698 +03:00 [INF] HTTP GET /api/v1/jobs responded 200 in 23.1211 ms
2026-05-20 02:19:41.713 +03:00 [INF] HTTP GET /api/v1/applications/my responded 200 in 29.5959 ms
2026-05-20 02:19:41.718 +03:00 [INF] HTTP GET /api/v1/jobs/saved responded 200 in 34.4342 ms
2026-05-20 02:19:41.722 +03:00 [INF] HTTP GET /api/v1/applications/my responded 200 in 6.0772 ms
2026-05-20 02:19:41.724 +03:00 [INF] HTTP GET /api/v1/jobs/saved responded 200 in 3.2623 ms
2026-05-20 02:19:45.862 +03:00 [INF] HTTP GET /api/v1/users/me responded 200 in 27.3604 ms
2026-05-20 02:19:45.868 +03:00 [INF] HTTP GET /api/v1/users/me responded 200 in 3.0118 ms
2026-05-20 02:19:52.030 +03:00 [INF] HTTP GET /api/v1/jobs responded 200 in 17.4275 ms
2026-05-20 02:22:26.106 +03:00 [INF] HTTP GET /api/v1/jobs/saved responded 200 in 30.4775 ms
2026-05-20 02:22:26.112 +03:00 [INF] HTTP GET /api/v1/jobs/saved responded 200 in 3.7253 ms
2026-05-20 02:22:26.112 +03:00 [INF] HTTP GET /api/v1/applications/my responded 200 in 37.3530 ms
2026-05-20 02:22:26.121 +03:00 [INF] HTTP GET /api/v1/applications/my responded 200 in 5.7890 ms
2026-05-20 02:24:05.876 +03:00 [INF] HTTP GET /api/v1/jobs responded 200 in 18.5847 ms
2026-05-20 02:24:15.368 +03:00 [INF] HTTP GET /api/v1/jobs/saved responded 200 in 11.2301 ms
2026-05-20 02:24:15.371 +03:00 [INF] HTTP GET /api/v1/jobs/saved responded 200 in 2.2974 ms
2026-05-20 02:24:15.373 +03:00 [INF] HTTP GET /api/v1/applications/my responded 200 in 16.1178 ms
2026-05-20 02:24:15.377 +03:00 [INF] HTTP GET /api/v1/applications/my responded 200 in 3.3133 ms
2026-05-20 02:24:49.676 +03:00 [INF] HTTP GET /api/v1/jobs responded 200 in 12.7164 ms
2026-05-20 02:24:50.773 +03:00 [INF] HTTP GET /api/v1/jobs/saved responded 200 in 3.8895 ms
2026-05-20 02:24:50.773 +03:00 [INF] HTTP GET /api/v1/applications/my responded 200 in 3.6178 ms
2026-05-20 02:24:50.778 +03:00 [INF] HTTP GET /api/v1/jobs/saved responded 200 in 3.8149 ms
2026-05-20 02:24:50.778 +03:00 [INF] HTTP GET /api/v1/applications/my responded 200 in 3.4282 ms
2026-05-20 02:24:52.391 +03:00 [INF] HTTP GET /api/v1/users/me responded 200 in 8.7701 ms
2026-05-20 02:24:52.395 +03:00 [INF] HTTP GET /api/v1/users/me responded 200 in 2.0688 ms
2026-05-20 02:25:27.937 +03:00 [INF] HTTP GET /api/v1/users/me responded 200 in 16.8400 ms
2026-05-20 02:25:27.940 +03:00 [INF] HTTP GET /api/v1/users/me responded 200 in 1.7458 ms
2026-05-20 02:25:27.944 +03:00 [INF] HTTP GET /api/v1/jobs/saved responded 200 in 21.8605 ms
2026-05-20 02:25:27.946 +03:00 [INF] HTTP GET /api/v1/applications/my responded 200 in 25.5222 ms
2026-05-20 02:25:27.948 +03:00 [INF] HTTP GET /api/v1/jobs/saved responded 200 in 2.6008 ms
2026-05-20 02:25:27.949 +03:00 [INF] HTTP GET /api/v1/applications/my responded 200 in 1.8910 ms
2026-05-20 02:25:35.654 +03:00 [INF] HTTP GET /api/v1/jobs responded 200 in 11.7450 ms
2026-05-20 02:25:38.231 +03:00 [INF] HTTP GET /api/v1/users/me responded 200 in 1.5958 ms
2026-05-20 02:27:04.335 +03:00 [INF] HTTP GET /api/v1/users/me responded 200 in 17.5114 ms
2026-05-20 02:27:04.879 +03:00 [INF] HTTP GET /api/v1/companies responded 200 in 69.4072 ms
2026-05-20 02:27:17.067 +03:00 [INF] HTTP GET /api/v1/users/me responded 200 in 1.6428 ms
2026-05-20 02:27:17.567 +03:00 [INF] HTTP GET /api/v1/companies responded 200 in 2.5603 ms
2026-05-20 02:27:38.029 +03:00 [INF] HTTP GET /api/v1/users/me responded 200 in 2845.7168 ms
2026-05-20 02:27:38.143 +03:00 [INF] HTTP GET /api/v1/companies responded 200 in 2462.8305 ms
2026-05-20 02:32:15.943 +03:00 [INF] HTTP POST /api/v1/auth/login responded 401 in 151.1835 ms
2026-05-20 02:32:24.194 +03:00 [INF] HTTP POST /api/v1/auth/login responded 401 in 125.5084 ms
2026-05-20 02:32:36.647 +03:00 [INF] HTTP POST /api/v1/auth/login responded 401 in 127.4836 ms
2026-05-20 02:35:28.821 +03:00 [INF] HTTP POST /api/v1/auth/login responded 401 in 145.0026 ms
2026-05-20 02:35:57.355 +03:00 [INF] HTTP POST /api/v1/auth/login responded 401 in 137.3731 ms
2026-05-20 02:36:57.206 +03:00 [INF] HTTP GET /api/v1/auth/setup-admin responded 404 in 1.2461 ms
2026-05-20 02:38:34.784 +03:00 [INF] HTTP POST /api/v1/auth/login responded 401 in 141.1274 ms
2026-05-20 02:39:41.820 +03:00 [WRN] Entity 'User' has a global query filter defined and is the required end of a relationship with the entity 'Message'. This may lead to unexpected results when the required entity is filtered out. Either configure the navigation as optional, or define matching query filters for both entities in the navigation. See https://go.microsoft.com/fwlink/?linkid=2131316 for more information.
2026-05-20 02:39:41.851 +03:00 [WRN] Entity 'User' has a global query filter defined and is the required end of a relationship with the entity 'Notification'. This may lead to unexpected results when the required entity is filtered out. Either configure the navigation as optional, or define matching query filters for both entities in the navigation. See https://go.microsoft.com/fwlink/?linkid=2131316 for more information.
2026-05-20 02:39:41.851 +03:00 [WRN] Entity 'Job' has a global query filter defined and is the required end of a relationship with the entity 'SavedJob'. This may lead to unexpected results when the required entity is filtered out. Either configure the navigation as optional, or define matching query filters for both entities in the navigation. See https://go.microsoft.com/fwlink/?linkid=2131316 for more information.
2026-05-20 02:39:41.851 +03:00 [WRN] Entity 'User' has a global query filter defined and is the required end of a relationship with the entity 'Subscription'. This may lead to unexpected results when the required entity is filtered out. Either configure the navigation as optional, or define matching query filters for both entities in the navigation. See https://go.microsoft.com/fwlink/?linkid=2131316 for more information.
2026-05-20 02:39:41.851 +03:00 [WRN] Entity 'User' has a global query filter defined and is the required end of a relationship with the entity 'UsherProfile'. This may lead to unexpected results when the required entity is filtered out. Either configure the navigation as optional, or define matching query filters for both entities in the navigation. See https://go.microsoft.com/fwlink/?linkid=2131316 for more information.
2026-05-20 02:39:41.907 +03:00 [WRN] No store type was specified for the decimal property 'ExpectedSalaryPerDay' on entity type 'UsherProfile'. This will cause values to be silently truncated if they do not fit in the default precision and scale. Explicitly specify the SQL server column type that can accommodate all the values in 'OnModelCreating' using 'HasColumnType', specify precision and scale using 'HasPrecision', or configure a value converter using 'HasConversion'.
2026-05-20 02:39:42.822 +03:00 [INF] ✅ Database migrated and seeded successfully
2026-05-20 02:39:42.827 +03:00 [INF] 🚀 UshersEg API running at 
2026-05-20 02:40:00.886 +03:00 [INF] HTTP POST /api/v1/auth/login responded 401 in 648.6987 ms
2026-05-20 02:40:11.261 +03:00 [INF] HTTP GET /api/v1/auth/setup-admin responded 200 in 85.0053 ms
2026-05-20 02:40:29.559 +03:00 [INF] HTTP GET /api/v1/auth/setup-admin responded 200 in 10.7907 ms
2026-05-20 02:41:21.683 +03:00 [WRN] Entity 'User' has a global query filter defined and is the required end of a relationship with the entity 'Message'. This may lead to unexpected results when the required entity is filtered out. Either configure the navigation as optional, or define matching query filters for both entities in the navigation. See https://go.microsoft.com/fwlink/?linkid=2131316 for more information.
2026-05-20 02:41:21.718 +03:00 [WRN] Entity 'User' has a global query filter defined and is the required end of a relationship with the entity 'Notification'. This may lead to unexpected results when the required entity is filtered out. Either configure the navigation as optional, or define matching query filters for both entities in the navigation. See https://go.microsoft.com/fwlink/?linkid=2131316 for more information.
2026-05-20 02:41:21.719 +03:00 [WRN] Entity 'Job' has a global query filter defined and is the required end of a relationship with the entity 'SavedJob'. This may lead to unexpected results when the required entity is filtered out. Either configure the navigation as optional, or define matching query filters for both entities in the navigation. See https://go.microsoft.com/fwlink/?linkid=2131316 for more information.
2026-05-20 02:41:21.719 +03:00 [WRN] Entity 'User' has a global query filter defined and is the required end of a relationship with the entity 'Subscription'. This may lead to unexpected results when the required entity is filtered out. Either configure the navigation as optional, or define matching query filters for both entities in the navigation. See https://go.microsoft.com/fwlink/?linkid=2131316 for more information.
2026-05-20 02:41:21.719 +03:00 [WRN] Entity 'User' has a global query filter defined and is the required end of a relationship with the entity 'UsherProfile'. This may lead to unexpected results when the required entity is filtered out. Either configure the navigation as optional, or define matching query filters for both entities in the navigation. See https://go.microsoft.com/fwlink/?linkid=2131316 for more information.
2026-05-20 02:41:21.793 +03:00 [WRN] No store type was specified for the decimal property 'ExpectedSalaryPerDay' on entity type 'UsherProfile'. This will cause values to be silently truncated if they do not fit in the default precision and scale. Explicitly specify the SQL server column type that can accommodate all the values in 'OnModelCreating' using 'HasColumnType', specify precision and scale using 'HasPrecision', or configure a value converter using 'HasConversion'.
2026-05-20 02:41:22.860 +03:00 [INF] ✅ Database migrated and seeded successfully
2026-05-20 02:41:22.866 +03:00 [INF] 🚀 UshersEg API running at 
2026-05-20 02:42:05.421 +03:00 [INF] HTTP GET /api/v1/auth/setup-admin responded 200 in 651.1848 ms
2026-05-20 02:42:26.358 +03:00 [INF] HTTP POST /api/v1/auth/login responded 200 in 555.7843 ms
2026-05-20 02:43:07.206 +03:00 [INF] HTTP POST /api/v1/auth/login responded 200 in 153.2058 ms
2026-05-20 02:43:09.289 +03:00 [INF] HTTP GET /api/v1/admin/dashboard responded 200 in 292.0306 ms
2026-05-20 02:43:09.306 +03:00 [INF] HTTP GET /api/v1/admin/dashboard responded 200 in 14.3712 ms
2026-05-20 02:44:03.679 +03:00 [INF] HTTP GET /api/v1/jobs responded 200 in 420.6130 ms
2026-05-20 02:44:06.854 +03:00 [INF] HTTP GET /api/v1/admin/dashboard responded 200 in 35.9051 ms
2026-05-20 02:44:06.865 +03:00 [INF] HTTP GET /api/v1/admin/dashboard responded 200 in 8.6774 ms
2026-05-20 02:44:08.522 +03:00 [INF] HTTP GET /api/v1/companies responded 200 in 69.4311 ms
2026-05-20 02:44:10.263 +03:00 [INF] HTTP GET /api/v1/admin/dashboard responded 200 in 10.0655 ms
2026-05-20 02:44:10.271 +03:00 [INF] HTTP GET /api/v1/admin/dashboard responded 200 in 6.5837 ms
2026-05-20 02:44:24.791 +03:00 [INF] HTTP GET /api/v1/admin/dashboard responded 200 in 10.4417 ms
2026-05-20 02:44:24.802 +03:00 [INF] HTTP GET /api/v1/admin/dashboard responded 200 in 9.3725 ms
2026-05-20 02:44:34.481 +03:00 [INF] HTTP GET /api/v1/jobs responded 200 in 12.4700 ms
2026-05-20 02:44:35.634 +03:00 [INF] HTTP GET /api/v1/jobs/b92689a3-9af1-46be-a059-43836c9eb4d9 responded 200 in 110.6987 ms
2026-05-20 02:44:35.640 +03:00 [INF] HTTP GET /api/v1/jobs/b92689a3-9af1-46be-a059-43836c9eb4d9 responded 200 in 4.2341 ms
2026-05-20 02:44:41.194 +03:00 [INF] HTTP GET /api/v1/jobs responded 200 in 4.1992 ms
2026-05-20 02:44:42.765 +03:00 [INF] HTTP GET /api/v1/admin/dashboard responded 200 in 6.0316 ms
2026-05-20 02:44:42.773 +03:00 [INF] HTTP GET /api/v1/admin/dashboard responded 200 in 7.0143 ms
2026-05-20 02:45:13.630 +03:00 [INF] HTTP GET /api/v1/users/me responded 200 in 58.9152 ms
2026-05-20 02:45:13.889 +03:00 [INF] HTTP GET /api/v1/admin/dashboard responded 200 in 63.7909 ms
2026-05-20 02:45:13.904 +03:00 [INF] HTTP GET /api/v1/admin/dashboard responded 200 in 11.5783 ms
2026-05-20 02:45:13.924 +03:00 [INF] HTTP GET /api/v1/admin/users responded 200 in 98.1743 ms
2026-05-20 02:45:13.933 +03:00 [INF] HTTP GET /api/v1/admin/users responded 200 in 5.7736 ms
2026-05-20 02:45:13.950 +03:00 [INF] HTTP GET /api/v1/admin/jobs responded 200 in 123.5197 ms
2026-05-20 02:45:13.957 +03:00 [INF] HTTP GET /api/v1/admin/jobs responded 200 in 5.4910 ms
2026-05-20 02:45:59.996 +03:00 [INF] HTTP GET /api/v1/jobs responded 200 in 12.3743 ms
2026-05-20 02:46:03.627 +03:00 [INF] HTTP GET /api/v1/admin/users responded 200 in 3.9371 ms
2026-05-20 02:46:03.628 +03:00 [INF] HTTP GET /api/v1/admin/jobs responded 200 in 3.2898 ms
2026-05-20 02:46:03.631 +03:00 [INF] HTTP GET /api/v1/admin/dashboard responded 200 in 7.3834 ms
2026-05-20 02:46:03.632 +03:00 [INF] HTTP GET /api/v1/admin/users responded 200 in 2.8284 ms
2026-05-20 02:46:03.632 +03:00 [INF] HTTP GET /api/v1/admin/jobs responded 200 in 2.4312 ms
2026-05-20 02:46:03.640 +03:00 [INF] HTTP GET /api/v1/admin/dashboard responded 200 in 7.1703 ms
2026-05-20 02:46:05.439 +03:00 [INF] HTTP GET /api/v1/companies responded 200 in 12.3253 ms
2026-05-20 02:46:07.311 +03:00 [INF] HTTP GET /api/v1/admin/users responded 200 in 2.9682 ms
2026-05-20 02:46:07.311 +03:00 [INF] HTTP GET /api/v1/admin/jobs responded 200 in 2.4780 ms
2026-05-20 02:46:07.315 +03:00 [INF] HTTP GET /api/v1/admin/jobs responded 200 in 2.9283 ms
2026-05-20 02:46:07.315 +03:00 [INF] HTTP GET /api/v1/admin/users responded 200 in 3.2651 ms
2026-05-20 02:46:07.327 +03:00 [INF] HTTP GET /api/v1/admin/dashboard responded 200 in 18.8548 ms
2026-05-20 02:46:07.337 +03:00 [INF] HTTP GET /api/v1/admin/dashboard responded 200 in 8.1028 ms
2026-05-20 02:47:08.018 +03:00 [INF] HTTP GET /api/v1/users/me responded 200 in 17.5207 ms
2026-05-20 02:47:08.139 +03:00 [INF] HTTP GET /api/v1/admin/users responded 200 in 6.3691 ms
2026-05-20 02:47:08.151 +03:00 [INF] HTTP GET /api/v1/admin/jobs responded 200 in 16.8698 ms
2026-05-20 02:47:08.153 +03:00 [INF] HTTP GET /api/v1/admin/users responded 200 in 12.0858 ms
2026-05-20 02:47:08.158 +03:00 [INF] HTTP GET /api/v1/admin/jobs responded 200 in 5.0284 ms
2026-05-20 02:47:08.177 +03:00 [INF] HTTP GET /api/v1/admin/dashboard responded 200 in 43.8458 ms
2026-05-20 02:47:08.190 +03:00 [INF] HTTP GET /api/v1/admin/dashboard responded 200 in 10.5050 ms
2026-05-20 02:48:21.275 +03:00 [WRN] Entity 'User' has a global query filter defined and is the required end of a relationship with the entity 'Message'. This may lead to unexpected results when the required entity is filtered out. Either configure the navigation as optional, or define matching query filters for both entities in the navigation. See https://go.microsoft.com/fwlink/?linkid=2131316 for more information.
2026-05-20 02:48:21.302 +03:00 [WRN] Entity 'User' has a global query filter defined and is the required end of a relationship with the entity 'Notification'. This may lead to unexpected results when the required entity is filtered out. Either configure the navigation as optional, or define matching query filters for both entities in the navigation. See https://go.microsoft.com/fwlink/?linkid=2131316 for more information.
2026-05-20 02:48:21.302 +03:00 [WRN] Entity 'Job' has a global query filter defined and is the required end of a relationship with the entity 'SavedJob'. This may lead to unexpected results when the required entity is filtered out. Either configure the navigation as optional, or define matching query filters for both entities in the navigation. See https://go.microsoft.com/fwlink/?linkid=2131316 for more information.
2026-05-20 02:48:21.302 +03:00 [WRN] Entity 'User' has a global query filter defined and is the required end of a relationship with the entity 'Subscription'. This may lead to unexpected results when the required entity is filtered out. Either configure the navigation as optional, or define matching query filters for both entities in the navigation. See https://go.microsoft.com/fwlink/?linkid=2131316 for more information.
2026-05-20 02:48:21.302 +03:00 [WRN] Entity 'User' has a global query filter defined and is the required end of a relationship with the entity 'UsherProfile'. This may lead to unexpected results when the required entity is filtered out. Either configure the navigation as optional, or define matching query filters for both entities in the navigation. See https://go.microsoft.com/fwlink/?linkid=2131316 for more information.
2026-05-20 02:48:21.352 +03:00 [WRN] No store type was specified for the decimal property 'ExpectedSalaryPerDay' on entity type 'UsherProfile'. This will cause values to be silently truncated if they do not fit in the default precision and scale. Explicitly specify the SQL server column type that can accommodate all the values in 'OnModelCreating' using 'HasColumnType', specify precision and scale using 'HasPrecision', or configure a value converter using 'HasConversion'.
2026-05-20 02:48:22.101 +03:00 [INF] ✅ Database migrated and seeded successfully
2026-05-20 02:48:22.105 +03:00 [INF] 🚀 UshersEg API running at 
2026-05-20 02:49:15.595 +03:00 [INF] HTTP GET /api/v1/users/me responded 200 in 372.3778 ms
2026-05-20 02:49:15.872 +03:00 [INF] HTTP GET /api/v1/admin/users responded 200 in 139.5359 ms
2026-05-20 02:49:15.885 +03:00 [INF] HTTP GET /api/v1/admin/users responded 200 in 12.0152 ms
2026-05-20 02:49:15.972 +03:00 [INF] HTTP GET /api/v1/admin/dashboard responded 200 in 239.5214 ms
2026-05-20 02:49:15.983 +03:00 [INF] HTTP GET /api/v1/admin/dashboard responded 200 in 9.5084 ms
2026-05-20 02:49:15.994 +03:00 [INF] HTTP GET /api/v1/admin/jobs responded 200 in 262.2548 ms
2026-05-20 02:49:16.001 +03:00 [INF] HTTP GET /api/v1/admin/jobs responded 200 in 4.6268 ms
2026-05-20 02:49:22.894 +03:00 [INF] HTTP GET /api/v1/admin/users/440b93df-2618-4418-ae0e-d8b5368dafee/profile responded 200 in 52.6505 ms
2026-05-20 02:50:00.876 +03:00 [INF] HTTP GET /api/v1/admin/users/440b93df-2618-4418-ae0e-d8b5368dafee/profile responded 200 in 28.9894 ms
2026-05-20 02:50:04.282 +03:00 [INF] HTTP GET /api/v1/admin/users/496d1dc1-9fa7-4fa6-a7cf-b4838bdfae11/profile responded 200 in 4.6915 ms
2026-05-20 02:50:26.386 +03:00 [INF] HTTP GET /api/v1/companies responded 200 in 80.9392 ms
2026-05-20 02:50:28.331 +03:00 [INF] HTTP GET /api/v1/admin/users responded 200 in 7.4746 ms
2026-05-20 02:50:28.333 +03:00 [INF] HTTP GET /api/v1/admin/jobs responded 200 in 10.0833 ms
2026-05-20 02:50:28.338 +03:00 [INF] HTTP GET /api/v1/admin/users responded 200 in 4.7753 ms
2026-05-20 02:50:28.340 +03:00 [INF] HTTP GET /api/v1/admin/jobs responded 200 in 4.8233 ms
2026-05-20 02:50:28.354 +03:00 [INF] HTTP GET /api/v1/admin/dashboard responded 200 in 31.2743 ms
2026-05-20 02:50:28.372 +03:00 [INF] HTTP GET /api/v1/admin/dashboard responded 200 in 15.8097 ms
2026-05-20 02:50:34.751 +03:00 [INF] HTTP GET /api/v1/jobs responded 200 in 112.4363 ms
2026-05-20 02:50:36.718 +03:00 [INF] HTTP GET /api/v1/admin/users responded 200 in 10.9871 ms
2026-05-20 02:50:36.721 +03:00 [INF] HTTP GET /api/v1/admin/jobs responded 200 in 13.6494 ms
2026-05-20 02:50:36.728 +03:00 [INF] HTTP GET /api/v1/admin/users responded 200 in 6.9199 ms
2026-05-20 02:50:36.729 +03:00 [INF] HTTP GET /api/v1/admin/jobs responded 200 in 6.7079 ms
2026-05-20 02:50:36.755 +03:00 [INF] HTTP GET /api/v1/admin/dashboard responded 200 in 47.9091 ms
2026-05-20 02:50:36.793 +03:00 [INF] HTTP GET /api/v1/admin/dashboard responded 200 in 36.0873 ms
2026-05-20 02:54:11.654 +03:00 [WRN] Entity 'User' has a global query filter defined and is the required end of a relationship with the entity 'Message'. This may lead to unexpected results when the required entity is filtered out. Either configure the navigation as optional, or define matching query filters for both entities in the navigation. See https://go.microsoft.com/fwlink/?linkid=2131316 for more information.
2026-05-20 02:54:11.684 +03:00 [WRN] Entity 'User' has a global query filter defined and is the required end of a relationship with the entity 'Notification'. This may lead to unexpected results when the required entity is filtered out. Either configure the navigation as optional, or define matching query filters for both entities in the navigation. See https://go.microsoft.com/fwlink/?linkid=2131316 for more information.
2026-05-20 02:54:11.685 +03:00 [WRN] Entity 'Job' has a global query filter defined and is the required end of a relationship with the entity 'SavedJob'. This may lead to unexpected results when the required entity is filtered out. Either configure the navigation as optional, or define matching query filters for both entities in the navigation. See https://go.microsoft.com/fwlink/?linkid=2131316 for more information.
2026-05-20 02:54:11.685 +03:00 [WRN] Entity 'User' has a global query filter defined and is the required end of a relationship with the entity 'Subscription'. This may lead to unexpected results when the required entity is filtered out. Either configure the navigation as optional, or define matching query filters for both entities in the navigation. See https://go.microsoft.com/fwlink/?linkid=2131316 for more information.
2026-05-20 02:54:11.685 +03:00 [WRN] Entity 'User' has a global query filter defined and is the required end of a relationship with the entity 'UsherProfile'. This may lead to unexpected results when the required entity is filtered out. Either configure the navigation as optional, or define matching query filters for both entities in the navigation. See https://go.microsoft.com/fwlink/?linkid=2131316 for more information.
2026-05-20 02:54:11.752 +03:00 [WRN] No store type was specified for the decimal property 'ExpectedSalaryPerDay' on entity type 'UsherProfile'. This will cause values to be silently truncated if they do not fit in the default precision and scale. Explicitly specify the SQL server column type that can accommodate all the values in 'OnModelCreating' using 'HasColumnType', specify precision and scale using 'HasPrecision', or configure a value converter using 'HasConversion'.
2026-05-20 02:54:12.537 +03:00 [INF] ✅ Database migrated and seeded successfully
2026-05-20 02:54:12.542 +03:00 [INF] 🚀 UshersEg API running at 
2026-05-20 02:54:23.104 +03:00 [INF] HTTP GET /api/v1/users/me responded 200 in 394.4521 ms
2026-05-20 02:54:34.149 +03:00 [INF] HTTP GET /api/v1/users/me responded 200 in 254.4671 ms
2026-05-20 02:55:13.007 +03:00 [INF] HTTP POST /api/v1/auth/login responded 200 in 822.4990 ms
2026-05-20 02:55:13.751 +03:00 [INF] HTTP GET /api/v1/admin/users responded 200 in 123.3053 ms
2026-05-20 02:55:13.766 +03:00 [INF] HTTP GET /api/v1/admin/users responded 200 in 12.6550 ms
2026-05-20 02:55:13.981 +03:00 [INF] HTTP GET /api/v1/admin/dashboard responded 200 in 355.2019 ms
2026-05-20 02:55:14.006 +03:00 [INF] HTTP GET /api/v1/admin/jobs responded 200 in 377.1639 ms
2026-05-20 02:55:14.019 +03:00 [INF] HTTP GET /api/v1/admin/dashboard responded 200 in 34.1872 ms
2026-05-20 02:55:14.019 +03:00 [INF] HTTP GET /api/v1/admin/jobs responded 200 in 9.5540 ms
2026-05-20 02:55:44.876 +03:00 [INF] HTTP GET /api/v1/users/me responded 200 in 16.8188 ms
2026-05-20 02:55:45.097 +03:00 [INF] HTTP GET /api/v1/admin/jobs responded 200 in 7.6967 ms
2026-05-20 02:55:45.097 +03:00 [INF] HTTP GET /api/v1/admin/users responded 200 in 7.4428 ms
2026-05-20 02:55:45.115 +03:00 [INF] HTTP GET /api/v1/admin/users responded 200 in 13.6069 ms
2026-05-20 02:55:45.117 +03:00 [INF] HTTP GET /api/v1/admin/jobs responded 200 in 15.8069 ms
2026-05-20 02:55:45.129 +03:00 [INF] HTTP GET /api/v1/admin/dashboard responded 200 in 40.2183 ms
2026-05-20 02:55:45.166 +03:00 [INF] HTTP GET /api/v1/admin/dashboard responded 200 in 34.1406 ms
2026-05-20 02:56:34.718 +03:00 [WRN] Entity 'User' has a global query filter defined and is the required end of a relationship with the entity 'Message'. This may lead to unexpected results when the required entity is filtered out. Either configure the navigation as optional, or define matching query filters for both entities in the navigation. See https://go.microsoft.com/fwlink/?linkid=2131316 for more information.
2026-05-20 02:56:34.747 +03:00 [WRN] Entity 'User' has a global query filter defined and is the required end of a relationship with the entity 'Notification'. This may lead to unexpected results when the required entity is filtered out. Either configure the navigation as optional, or define matching query filters for both entities in the navigation. See https://go.microsoft.com/fwlink/?linkid=2131316 for more information.
2026-05-20 02:56:34.747 +03:00 [WRN] Entity 'Job' has a global query filter defined and is the required end of a relationship with the entity 'SavedJob'. This may lead to unexpected results when the required entity is filtered out. Either configure the navigation as optional, or define matching query filters for both entities in the navigation. See https://go.microsoft.com/fwlink/?linkid=2131316 for more information.
2026-05-20 02:56:34.747 +03:00 [WRN] Entity 'User' has a global query filter defined and is the required end of a relationship with the entity 'Subscription'. This may lead to unexpected results when the required entity is filtered out. Either configure the navigation as optional, or define matching query filters for both entities in the navigation. See https://go.microsoft.com/fwlink/?linkid=2131316 for more information.
2026-05-20 02:56:34.747 +03:00 [WRN] Entity 'User' has a global query filter defined and is the required end of a relationship with the entity 'UsherProfile'. This may lead to unexpected results when the required entity is filtered out. Either configure the navigation as optional, or define matching query filters for both entities in the navigation. See https://go.microsoft.com/fwlink/?linkid=2131316 for more information.
2026-05-20 02:56:34.795 +03:00 [WRN] No store type was specified for the decimal property 'ExpectedSalaryPerDay' on entity type 'UsherProfile'. This will cause values to be silently truncated if they do not fit in the default precision and scale. Explicitly specify the SQL server column type that can accommodate all the values in 'OnModelCreating' using 'HasColumnType', specify precision and scale using 'HasPrecision', or configure a value converter using 'HasConversion'.
2026-05-20 02:56:35.536 +03:00 [INF] ✅ Database migrated and seeded successfully
2026-05-20 02:56:35.540 +03:00 [INF] 🚀 UshersEg API running at 
2026-05-20 02:57:23.131 +03:00 [INF] HTTP GET /api/v1/users/me responded 200 in 950.0638 ms
2026-05-20 02:57:24.303 +03:00 [INF] HTTP GET /api/v1/admin/users responded 200 in 416.9131 ms
2026-05-20 02:57:24.605 +03:00 [INF] HTTP GET /api/v1/admin/dashboard responded 200 in 718.2694 ms
2026-05-20 02:57:24.610 +03:00 [INF] HTTP GET /api/v1/users/me responded 200 in 64.3854 ms
2026-05-20 02:57:24.708 +03:00 [INF] HTTP GET /api/v1/admin/jobs responded 200 in 820.3154 ms
2026-05-20 02:57:25.045 +03:00 [INF] HTTP GET /api/v1/admin/jobs responded 200 in 31.3292 ms
2026-05-20 02:57:25.045 +03:00 [INF] HTTP GET /api/v1/admin/users responded 200 in 36.5502 ms
2026-05-20 02:57:25.064 +03:00 [INF] HTTP GET /api/v1/admin/users responded 200 in 12.6045 ms
2026-05-20 02:57:25.065 +03:00 [INF] HTTP GET /api/v1/admin/jobs responded 200 in 12.5452 ms
2026-05-20 02:57:25.097 +03:00 [INF] HTTP GET /api/v1/admin/dashboard responded 200 in 97.9698 ms
2026-05-20 02:57:25.119 +03:00 [INF] HTTP GET /api/v1/admin/dashboard responded 200 in 20.6004 ms
2026-05-20 02:58:22.615 +03:00 [INF] HTTP GET /api/v1/users/me responded 200 in 59.3049 ms
2026-05-20 02:58:23.372 +03:00 [INF] HTTP GET /api/v1/admin/users responded 200 in 29.0055 ms
2026-05-20 02:58:23.384 +03:00 [INF] HTTP GET /api/v1/admin/jobs responded 200 in 40.6153 ms
2026-05-20 02:58:23.393 +03:00 [INF] HTTP GET /api/v1/admin/users responded 200 in 18.3222 ms
2026-05-20 02:58:23.399 +03:00 [INF] HTTP GET /api/v1/admin/jobs responded 200 in 12.6568 ms
2026-05-20 02:58:23.505 +03:00 [INF] HTTP GET /api/v1/admin/dashboard responded 200 in 161.8167 ms
2026-05-20 02:58:23.537 +03:00 [INF] HTTP GET /api/v1/admin/dashboard responded 200 in 27.9907 ms
2026-05-20 02:58:54.701 +03:00 [INF] HTTP GET /api/v1/users/me responded 200 in 8.6887 ms
2026-05-20 02:58:54.827 +03:00 [INF] HTTP GET /api/v1/admin/users responded 200 in 22.6877 ms
2026-05-20 02:58:54.838 +03:00 [INF] HTTP GET /api/v1/admin/jobs responded 200 in 17.8282 ms
2026-05-20 02:58:54.842 +03:00 [INF] HTTP GET /api/v1/admin/users responded 200 in 12.8800 ms
2026-05-20 02:58:54.855 +03:00 [INF] HTTP GET /api/v1/admin/jobs responded 200 in 14.4575 ms
2026-05-20 02:58:54.916 +03:00 [INF] HTTP GET /api/v1/admin/dashboard responded 200 in 111.3840 ms
2026-05-20 02:58:54.931 +03:00 [INF] HTTP GET /api/v1/admin/dashboard responded 200 in 13.7392 ms
2026-05-20 03:00:13.321 +03:00 [INF] HTTP POST /api/v1/auth/login responded 200 in 433.8033 ms
2026-05-20 03:00:17.987 +03:00 [INF] HTTP GET /api/v1/admin/jobs responded 200 in 9.6356 ms
2026-05-20 03:00:33.882 +03:00 [INF] HTTP GET /api/v1/admin/users responded 200 in 12.8817 ms
2026-05-20 03:00:36.350 +03:00 [INF] HTTP GET /api/v1/users/me responded 200 in 15.9863 ms
2026-05-20 03:00:36.437 +03:00 [INF] HTTP GET /api/v1/admin/users responded 200 in 6.5735 ms
2026-05-20 03:00:36.442 +03:00 [INF] HTTP GET /api/v1/admin/users responded 200 in 3.7073 ms
2026-05-20 03:00:36.445 +03:00 [INF] HTTP GET /api/v1/admin/jobs responded 200 in 14.7104 ms
2026-05-20 03:00:36.451 +03:00 [INF] HTTP GET /api/v1/admin/jobs responded 200 in 4.3530 ms
2026-05-20 03:00:36.490 +03:00 [INF] HTTP GET /api/v1/admin/dashboard responded 200 in 59.7199 ms
2026-05-20 03:00:36.515 +03:00 [INF] HTTP GET /api/v1/admin/dashboard responded 200 in 22.2031 ms
2026-05-20 03:01:24.614 +03:00 [INF] HTTP DELETE /api/v1/jobs/415bc38b-a537-431c-b630-0d2766cad730 responded 200 in 79.1613 ms
2026-05-20 03:01:32.434 +03:00 [INF] HTTP GET /api/v1/users/me responded 200 in 6.6343 ms
2026-05-20 03:01:32.544 +03:00 [INF] HTTP GET /api/v1/admin/users responded 200 in 15.1494 ms
2026-05-20 03:01:32.548 +03:00 [INF] HTTP GET /api/v1/admin/jobs responded 200 in 18.5304 ms
2026-05-20 03:01:32.554 +03:00 [INF] HTTP GET /api/v1/admin/users responded 200 in 7.0683 ms
2026-05-20 03:01:32.558 +03:00 [INF] HTTP GET /api/v1/admin/jobs responded 200 in 7.7346 ms
2026-05-20 03:01:32.595 +03:00 [INF] HTTP GET /api/v1/admin/dashboard responded 200 in 67.3392 ms
2026-05-20 03:01:32.641 +03:00 [INF] HTTP GET /api/v1/admin/dashboard responded 200 in 44.7490 ms
2026-05-20 03:02:13.273 +03:00 [INF] HTTP GET /api/v1/admin/jobs responded 200 in 12.7462 ms
2026-05-20 03:02:21.657 +03:00 [INF] HTTP GET /api/v1/users/me responded 200 in 7.8552 ms
2026-05-20 03:02:21.790 +03:00 [INF] HTTP GET /api/v1/admin/users responded 200 in 8.3894 ms
2026-05-20 03:02:21.794 +03:00 [INF] HTTP GET /api/v1/admin/jobs responded 200 in 10.6143 ms
2026-05-20 03:02:21.802 +03:00 [INF] HTTP GET /api/v1/admin/users responded 200 in 9.6114 ms
2026-05-20 03:02:21.818 +03:00 [INF] HTTP GET /api/v1/admin/jobs responded 200 in 21.1567 ms
2026-05-20 03:02:21.834 +03:00 [INF] HTTP GET /api/v1/admin/dashboard responded 200 in 52.0007 ms
2026-05-20 03:02:21.900 +03:00 [INF] HTTP GET /api/v1/admin/dashboard responded 200 in 64.1906 ms
2026-05-20 03:02:49.873 +03:00 [INF] HTTP GET /api/v1/admin/users responded 200 in 10.2504 ms
2026-05-20 03:02:49.896 +03:00 [INF] HTTP GET /api/v1/admin/jobs responded 200 in 32.2564 ms
2026-05-20 03:02:49.909 +03:00 [INF] HTTP GET /api/v1/admin/users responded 200 in 5.8650 ms
2026-05-20 03:02:49.917 +03:00 [INF] HTTP GET /api/v1/admin/jobs responded 200 in 10.5458 ms
2026-05-20 03:02:49.995 +03:00 [INF] HTTP GET /api/v1/admin/dashboard responded 200 in 132.5503 ms
2026-05-20 03:02:50.027 +03:00 [INF] HTTP GET /api/v1/admin/dashboard responded 200 in 28.4433 ms
2026-05-20 03:03:18.954 +03:00 [WRN] Entity 'User' has a global query filter defined and is the required end of a relationship with the entity 'Message'. This may lead to unexpected results when the required entity is filtered out. Either configure the navigation as optional, or define matching query filters for both entities in the navigation. See https://go.microsoft.com/fwlink/?linkid=2131316 for more information.
2026-05-20 03:03:18.997 +03:00 [WRN] Entity 'User' has a global query filter defined and is the required end of a relationship with the entity 'Notification'. This may lead to unexpected results when the required entity is filtered out. Either configure the navigation as optional, or define matching query filters for both entities in the navigation. See https://go.microsoft.com/fwlink/?linkid=2131316 for more information.
2026-05-20 03:03:18.997 +03:00 [WRN] Entity 'Job' has a global query filter defined and is the required end of a relationship with the entity 'SavedJob'. This may lead to unexpected results when the required entity is filtered out. Either configure the navigation as optional, or define matching query filters for both entities in the navigation. See https://go.microsoft.com/fwlink/?linkid=2131316 for more information.
2026-05-20 03:03:18.997 +03:00 [WRN] Entity 'User' has a global query filter defined and is the required end of a relationship with the entity 'Subscription'. This may lead to unexpected results when the required entity is filtered out. Either configure the navigation as optional, or define matching query filters for both entities in the navigation. See https://go.microsoft.com/fwlink/?linkid=2131316 for more information.
2026-05-20 03:03:18.997 +03:00 [WRN] Entity 'User' has a global query filter defined and is the required end of a relationship with the entity 'UsherProfile'. This may lead to unexpected results when the required entity is filtered out. Either configure the navigation as optional, or define matching query filters for both entities in the navigation. See https://go.microsoft.com/fwlink/?linkid=2131316 for more information.
2026-05-20 03:03:19.071 +03:00 [WRN] No store type was specified for the decimal property 'ExpectedSalaryPerDay' on entity type 'UsherProfile'. This will cause values to be silently truncated if they do not fit in the default precision and scale. Explicitly specify the SQL server column type that can accommodate all the values in 'OnModelCreating' using 'HasColumnType', specify precision and scale using 'HasPrecision', or configure a value converter using 'HasConversion'.
2026-05-20 03:03:19.977 +03:00 [INF] ✅ Database migrated and seeded successfully
2026-05-20 03:03:19.982 +03:00 [INF] 🚀 UshersEg API running at 
2026-05-20 03:03:20.548 +03:00 [INF] HTTP GET /api/v1/users/me responded 200 in 400.1938 ms
2026-05-20 03:03:20.855 +03:00 [INF] HTTP GET /api/v1/admin/users responded 200 in 187.8065 ms
2026-05-20 03:03:20.875 +03:00 [INF] HTTP GET /api/v1/admin/users responded 200 in 17.4883 ms
2026-05-20 03:03:20.998 +03:00 [INF] HTTP GET /api/v1/admin/dashboard responded 200 in 330.0752 ms
2026-05-20 03:03:21.051 +03:00 [INF] HTTP GET /api/v1/admin/jobs responded 200 in 382.9575 ms
2026-05-20 03:03:21.090 +03:00 [INF] HTTP GET /api/v1/admin/dashboard responded 200 in 90.8334 ms
2026-05-20 03:03:21.100 +03:00 [INF] HTTP GET /api/v1/admin/jobs responded 200 in 47.5883 ms
2026-05-20 03:03:28.398 +03:00 [INF] HTTP GET /api/v1/admin/jobs responded 200 in 12.1771 ms
2026-05-20 03:04:13.584 +03:00 [INF] HTTP GET /api/v1/users/me responded 200 in 9.3971 ms
2026-05-20 03:04:36.403 +03:00 [INF] HTTP GET /api/v1/users/me responded 200 in 4.9581 ms
2026-05-20 03:04:44.329 +03:00 [INF] HTTP GET /api/v1/admin/users responded 200 in 9.8011 ms
2026-05-20 03:04:44.333 +03:00 [INF] HTTP GET /api/v1/admin/jobs responded 200 in 14.3131 ms
2026-05-20 03:04:44.338 +03:00 [INF] HTTP GET /api/v1/admin/users responded 200 in 7.5280 ms
2026-05-20 03:04:44.342 +03:00 [INF] HTTP GET /api/v1/admin/jobs responded 200 in 6.1886 ms
2026-05-20 03:04:44.363 +03:00 [INF] HTTP GET /api/v1/admin/dashboard responded 200 in 44.5063 ms
2026-05-20 03:04:44.382 +03:00 [INF] HTTP GET /api/v1/admin/dashboard responded 200 in 15.4865 ms
2026-05-20 03:06:32.042 +03:00 [INF] HTTP GET /api/v1/users/me responded 200 in 170.1342 ms
2026-05-20 03:06:35.964 +03:00 [INF] HTTP GET /api/v1/users/me responded 200 in 8.6788 ms
2026-05-20 03:07:02.710 +03:00 [WRN] Entity 'User' has a global query filter defined and is the required end of a relationship with the entity 'Message'. This may lead to unexpected results when the required entity is filtered out. Either configure the navigation as optional, or define matching query filters for both entities in the navigation. See https://go.microsoft.com/fwlink/?linkid=2131316 for more information.
2026-05-20 03:07:02.738 +03:00 [WRN] Entity 'User' has a global query filter defined and is the required end of a relationship with the entity 'Notification'. This may lead to unexpected results when the required entity is filtered out. Either configure the navigation as optional, or define matching query filters for both entities in the navigation. See https://go.microsoft.com/fwlink/?linkid=2131316 for more information.
2026-05-20 03:07:02.738 +03:00 [WRN] Entity 'Job' has a global query filter defined and is the required end of a relationship with the entity 'SavedJob'. This may lead to unexpected results when the required entity is filtered out. Either configure the navigation as optional, or define matching query filters for both entities in the navigation. See https://go.microsoft.com/fwlink/?linkid=2131316 for more information.
2026-05-20 03:07:02.738 +03:00 [WRN] Entity 'User' has a global query filter defined and is the required end of a relationship with the entity 'Subscription'. This may lead to unexpected results when the required entity is filtered out. Either configure the navigation as optional, or define matching query filters for both entities in the navigation. See https://go.microsoft.com/fwlink/?linkid=2131316 for more information.
2026-05-20 03:07:02.738 +03:00 [WRN] Entity 'User' has a global query filter defined and is the required end of a relationship with the entity 'UsherProfile'. This may lead to unexpected results when the required entity is filtered out. Either configure the navigation as optional, or define matching query filters for both entities in the navigation. See https://go.microsoft.com/fwlink/?linkid=2131316 for more information.
2026-05-20 03:07:02.793 +03:00 [WRN] No store type was specified for the decimal property 'ExpectedSalaryPerDay' on entity type 'UsherProfile'. This will cause values to be silently truncated if they do not fit in the default precision and scale. Explicitly specify the SQL server column type that can accommodate all the values in 'OnModelCreating' using 'HasColumnType', specify precision and scale using 'HasPrecision', or configure a value converter using 'HasConversion'.
2026-05-20 03:07:03.551 +03:00 [INF] ✅ Database migrated and seeded successfully
2026-05-20 03:07:03.556 +03:00 [INF] 🚀 UshersEg API running at 
2026-05-20 03:07:39.179 +03:00 [INF] HTTP GET /api/v1/users/me responded 200 in 368.0625 ms
2026-05-20 03:08:16.934 +03:00 [INF] 📧 [LINK GENERATED] Password Reset to ahmohamed324@gmail.com: http://localhost:3000/reset-password?token=da4450c2e0784326baafd6ed068d4391
2026-05-20 03:08:18.430 +03:00 [INF] ✅ Email sent successfully to ahmohamed324@gmail.com
2026-05-20 03:08:18.434 +03:00 [INF] HTTP POST /api/v1/auth/forgot-password responded 200 in 1726.0660 ms
