2026-05-17 18:30:00.647 +03:00 [WRN] Entity 'User' has a global query filter defined and is the required end of a relationship with the entity 'Message'. This may lead to unexpected results when the required entity is filtered out. Either configure the navigation as optional, or define matching query filters for both entities in the navigation. See https://go.microsoft.com/fwlink/?linkid=2131316 for more information.
2026-05-17 18:30:00.681 +03:00 [WRN] Entity 'User' has a global query filter defined and is the required end of a relationship with the entity 'Notification'. This may lead to unexpected results when the required entity is filtered out. Either configure the navigation as optional, or define matching query filters for both entities in the navigation. See https://go.microsoft.com/fwlink/?linkid=2131316 for more information.
2026-05-17 18:30:00.681 +03:00 [WRN] Entity 'Job' has a global query filter defined and is the required end of a relationship with the entity 'SavedJob'. This may lead to unexpected results when the required entity is filtered out. Either configure the navigation as optional, or define matching query filters for both entities in the navigation. See https://go.microsoft.com/fwlink/?linkid=2131316 for more information.
2026-05-17 18:30:00.681 +03:00 [WRN] Entity 'User' has a global query filter defined and is the required end of a relationship with the entity 'Subscription'. This may lead to unexpected results when the required entity is filtered out. Either configure the navigation as optional, or define matching query filters for both entities in the navigation. See https://go.microsoft.com/fwlink/?linkid=2131316 for more information.
2026-05-17 18:30:00.682 +03:00 [WRN] Entity 'User' has a global query filter defined and is the required end of a relationship with the entity 'UsherProfile'. This may lead to unexpected results when the required entity is filtered out. Either configure the navigation as optional, or define matching query filters for both entities in the navigation. See https://go.microsoft.com/fwlink/?linkid=2131316 for more information.
2026-05-17 18:30:00.757 +03:00 [WRN] No store type was specified for the decimal property 'ExpectedSalaryPerDay' on entity type 'UsherProfile'. This will cause values to be silently truncated if they do not fit in the default precision and scale. Explicitly specify the SQL server column type that can accommodate all the values in 'OnModelCreating' using 'HasColumnType', specify precision and scale using 'HasPrecision', or configure a value converter using 'HasConversion'.
2026-05-17 18:30:01.927 +03:00 [INF] ✅ Database migrated and seeded successfully
2026-05-17 18:30:01.934 +03:00 [INF] 🚀 UshersEg API running at 
2026-05-17 18:38:02.567 +03:00 [WRN] Entity 'User' has a global query filter defined and is the required end of a relationship with the entity 'Message'. This may lead to unexpected results when the required entity is filtered out. Either configure the navigation as optional, or define matching query filters for both entities in the navigation. See https://go.microsoft.com/fwlink/?linkid=2131316 for more information.
2026-05-17 18:38:02.593 +03:00 [WRN] Entity 'User' has a global query filter defined and is the required end of a relationship with the entity 'Notification'. This may lead to unexpected results when the required entity is filtered out. Either configure the navigation as optional, or define matching query filters for both entities in the navigation. See https://go.microsoft.com/fwlink/?linkid=2131316 for more information.
2026-05-17 18:38:02.594 +03:00 [WRN] Entity 'Job' has a global query filter defined and is the required end of a relationship with the entity 'SavedJob'. This may lead to unexpected results when the required entity is filtered out. Either configure the navigation as optional, or define matching query filters for both entities in the navigation. See https://go.microsoft.com/fwlink/?linkid=2131316 for more information.
2026-05-17 18:38:02.594 +03:00 [WRN] Entity 'User' has a global query filter defined and is the required end of a relationship with the entity 'Subscription'. This may lead to unexpected results when the required entity is filtered out. Either configure the navigation as optional, or define matching query filters for both entities in the navigation. See https://go.microsoft.com/fwlink/?linkid=2131316 for more information.
2026-05-17 18:38:02.594 +03:00 [WRN] Entity 'User' has a global query filter defined and is the required end of a relationship with the entity 'UsherProfile'. This may lead to unexpected results when the required entity is filtered out. Either configure the navigation as optional, or define matching query filters for both entities in the navigation. See https://go.microsoft.com/fwlink/?linkid=2131316 for more information.
2026-05-17 18:38:02.641 +03:00 [WRN] No store type was specified for the decimal property 'ExpectedSalaryPerDay' on entity type 'UsherProfile'. This will cause values to be silently truncated if they do not fit in the default precision and scale. Explicitly specify the SQL server column type that can accommodate all the values in 'OnModelCreating' using 'HasColumnType', specify precision and scale using 'HasPrecision', or configure a value converter using 'HasConversion'.
2026-05-17 18:38:03.302 +03:00 [INF] ✅ Database migrated and seeded successfully
2026-05-17 18:38:03.306 +03:00 [INF] 🚀 UshersEg API running at 
2026-05-17 18:38:49.997 +03:00 [INF] 📧 [LINK GENERATED] Password Reset to ahmohamed324@gmail.com: http://localhost:3000/reset-password?token=ea82f36ec3c84446955d993fb241fad6
2026-05-17 18:38:51.749 +03:00 [INF] ✅ Email sent successfully to ahmohamed324@gmail.com
2026-05-17 18:38:51.765 +03:00 [INF] HTTP POST /api/v1/auth/forgot-password responded 200 in 2186.4809 ms
2026-05-17 18:40:46.428 +03:00 [WRN] Entity 'User' has a global query filter defined and is the required end of a relationship with the entity 'Message'. This may lead to unexpected results when the required entity is filtered out. Either configure the navigation as optional, or define matching query filters for both entities in the navigation. See https://go.microsoft.com/fwlink/?linkid=2131316 for more information.
2026-05-17 18:40:46.457 +03:00 [WRN] Entity 'User' has a global query filter defined and is the required end of a relationship with the entity 'Notification'. This may lead to unexpected results when the required entity is filtered out. Either configure the navigation as optional, or define matching query filters for both entities in the navigation. See https://go.microsoft.com/fwlink/?linkid=2131316 for more information.
2026-05-17 18:40:46.458 +03:00 [WRN] Entity 'Job' has a global query filter defined and is the required end of a relationship with the entity 'SavedJob'. This may lead to unexpected results when the required entity is filtered out. Either configure the navigation as optional, or define matching query filters for both entities in the navigation. See https://go.microsoft.com/fwlink/?linkid=2131316 for more information.
2026-05-17 18:40:46.458 +03:00 [WRN] Entity 'User' has a global query filter defined and is the required end of a relationship with the entity 'Subscription'. This may lead to unexpected results when the required entity is filtered out. Either configure the navigation as optional, or define matching query filters for both entities in the navigation. See https://go.microsoft.com/fwlink/?linkid=2131316 for more information.
2026-05-17 18:40:46.458 +03:00 [WRN] Entity 'User' has a global query filter defined and is the required end of a relationship with the entity 'UsherProfile'. This may lead to unexpected results when the required entity is filtered out. Either configure the navigation as optional, or define matching query filters for both entities in the navigation. See https://go.microsoft.com/fwlink/?linkid=2131316 for more information.
2026-05-17 18:40:46.508 +03:00 [WRN] No store type was specified for the decimal property 'ExpectedSalaryPerDay' on entity type 'UsherProfile'. This will cause values to be silently truncated if they do not fit in the default precision and scale. Explicitly specify the SQL server column type that can accommodate all the values in 'OnModelCreating' using 'HasColumnType', specify precision and scale using 'HasPrecision', or configure a value converter using 'HasConversion'.
2026-05-17 18:40:47.243 +03:00 [INF] ✅ Database migrated and seeded successfully
2026-05-17 18:40:47.248 +03:00 [INF] 🚀 UshersEg API running at 
2026-05-17 18:42:21.132 +03:00 [INF] 📧 [LINK GENERATED] Password Reset to ahmohamed324@gmail.com: http://localhost:3000/reset-password?token=ad128c53559e4fd290fb703bbdc1f65c
2026-05-17 18:42:23.011 +03:00 [INF] ✅ Email sent successfully to ahmohamed324@gmail.com
2026-05-17 18:42:23.038 +03:00 [INF] HTTP POST /api/v1/auth/forgot-password responded 200 in 2472.5521 ms
2026-05-17 19:11:11.555 +03:00 [WRN] Entity 'User' has a global query filter defined and is the required end of a relationship with the entity 'Message'. This may lead to unexpected results when the required entity is filtered out. Either configure the navigation as optional, or define matching query filters for both entities in the navigation. See https://go.microsoft.com/fwlink/?linkid=2131316 for more information.
2026-05-17 19:11:11.607 +03:00 [WRN] Entity 'User' has a global query filter defined and is the required end of a relationship with the entity 'Notification'. This may lead to unexpected results when the required entity is filtered out. Either configure the navigation as optional, or define matching query filters for both entities in the navigation. See https://go.microsoft.com/fwlink/?linkid=2131316 for more information.
2026-05-17 19:11:11.608 +03:00 [WRN] Entity 'Job' has a global query filter defined and is the required end of a relationship with the entity 'SavedJob'. This may lead to unexpected results when the required entity is filtered out. Either configure the navigation as optional, or define matching query filters for both entities in the navigation. See https://go.microsoft.com/fwlink/?linkid=2131316 for more information.
2026-05-17 19:11:11.608 +03:00 [WRN] Entity 'User' has a global query filter defined and is the required end of a relationship with the entity 'Subscription'. This may lead to unexpected results when the required entity is filtered out. Either configure the navigation as optional, or define matching query filters for both entities in the navigation. See https://go.microsoft.com/fwlink/?linkid=2131316 for more information.
2026-05-17 19:11:11.609 +03:00 [WRN] Entity 'User' has a global query filter defined and is the required end of a relationship with the entity 'UsherProfile'. This may lead to unexpected results when the required entity is filtered out. Either configure the navigation as optional, or define matching query filters for both entities in the navigation. See https://go.microsoft.com/fwlink/?linkid=2131316 for more information.
2026-05-17 19:11:11.752 +03:00 [WRN] No store type was specified for the decimal property 'ExpectedSalaryPerDay' on entity type 'UsherProfile'. This will cause values to be silently truncated if they do not fit in the default precision and scale. Explicitly specify the SQL server column type that can accommodate all the values in 'OnModelCreating' using 'HasColumnType', specify precision and scale using 'HasPrecision', or configure a value converter using 'HasConversion'.
2026-05-17 19:11:13.179 +03:00 [INF] ✅ Database migrated and seeded successfully
2026-05-17 19:11:13.189 +03:00 [INF] 🚀 UshersEg API running at 
2026-05-17 19:11:34.833 +03:00 [INF] 📧 [LINK GENERATED] Password Reset to ahmohamed324@gmail.com: http://localhost:3000/reset-password?token=1dc0538971274320a259eaa19e203a73
2026-05-17 19:11:36.613 +03:00 [INF] ✅ Email sent successfully to ahmohamed324@gmail.com
2026-05-17 19:11:36.651 +03:00 [INF] HTTP POST /api/v1/auth/forgot-password responded 200 in 2486.6092 ms
2026-05-17 19:12:25.345 +03:00 [INF] 📧 [LINK GENERATED] Password Reset to ahmohamed324@gmail.com: http://localhost:3000/reset-password?token=530c4e44c6744d949a948cf70cb1b054
2026-05-17 19:12:26.647 +03:00 [INF] ✅ Email sent successfully to ahmohamed324@gmail.com
2026-05-17 19:12:26.650 +03:00 [INF] HTTP POST /api/v1/auth/forgot-password responded 200 in 1415.0603 ms
2026-05-17 19:22:50.720 +03:00 [WRN] Entity 'User' has a global query filter defined and is the required end of a relationship with the entity 'Message'. This may lead to unexpected results when the required entity is filtered out. Either configure the navigation as optional, or define matching query filters for both entities in the navigation. See https://go.microsoft.com/fwlink/?linkid=2131316 for more information.
2026-05-17 19:22:50.750 +03:00 [WRN] Entity 'User' has a global query filter defined and is the required end of a relationship with the entity 'Notification'. This may lead to unexpected results when the required entity is filtered out. Either configure the navigation as optional, or define matching query filters for both entities in the navigation. See https://go.microsoft.com/fwlink/?linkid=2131316 for more information.
2026-05-17 19:22:50.750 +03:00 [WRN] Entity 'Job' has a global query filter defined and is the required end of a relationship with the entity 'SavedJob'. This may lead to unexpected results when the required entity is filtered out. Either configure the navigation as optional, or define matching query filters for both entities in the navigation. See https://go.microsoft.com/fwlink/?linkid=2131316 for more information.
2026-05-17 19:22:50.750 +03:00 [WRN] Entity 'User' has a global query filter defined and is the required end of a relationship with the entity 'Subscription'. This may lead to unexpected results when the required entity is filtered out. Either configure the navigation as optional, or define matching query filters for both entities in the navigation. See https://go.microsoft.com/fwlink/?linkid=2131316 for more information.
2026-05-17 19:22:50.750 +03:00 [WRN] Entity 'User' has a global query filter defined and is the required end of a relationship with the entity 'UsherProfile'. This may lead to unexpected results when the required entity is filtered out. Either configure the navigation as optional, or define matching query filters for both entities in the navigation. See https://go.microsoft.com/fwlink/?linkid=2131316 for more information.
2026-05-17 19:22:50.804 +03:00 [WRN] No store type was specified for the decimal property 'ExpectedSalaryPerDay' on entity type 'UsherProfile'. This will cause values to be silently truncated if they do not fit in the default precision and scale. Explicitly specify the SQL server column type that can accommodate all the values in 'OnModelCreating' using 'HasColumnType', specify precision and scale using 'HasPrecision', or configure a value converter using 'HasConversion'.
2026-05-17 19:22:51.523 +03:00 [INF] ✅ Database migrated and seeded successfully
2026-05-17 19:22:51.527 +03:00 [INF] 🚀 UshersEg API running at 
2026-05-17 19:24:46.833 +03:00 [INF] 📧 [LINK GENERATED] Password Reset to ahmohamed324@gmail.com: http://localhost:3000/reset-password?token=b40854d3ed1c44dfb5d9ba343994e65a
2026-05-17 19:24:48.170 +03:00 [INF] ✅ Email sent successfully to ahmohamed324@gmail.com
2026-05-17 19:24:48.184 +03:00 [INF] HTTP POST /api/v1/auth/forgot-password responded 200 in 1699.9354 ms
2026-05-17 19:25:25.289 +03:00 [INF] HTTP POST /api/v1/auth/reset-password responded 200 in 435.5108 ms
2026-05-17 19:25:29.707 +03:00 [INF] HTTP POST /api/v1/auth/login responded 200 in 453.3965 ms
2026-05-17 19:26:19.764 +03:00 [INF] HTTP POST /api/v1/auth/login responded 200 in 135.4109 ms
2026-05-17 19:26:20.138 +03:00 [INF] HTTP GET /api/v1/jobs/my responded 401 in 15.8083 ms
2026-05-17 19:26:20.142 +03:00 [INF] HTTP GET /api/v1/jobs/my responded 401 in 2.2326 ms
2026-05-17 19:26:20.175 +03:00 [INF] HTTP POST /api/v1/auth/refresh-token responded 200 in 30.0191 ms
2026-05-17 19:26:20.178 +03:00 [INF] HTTP POST /api/v1/auth/refresh-token responded 200 in 31.8795 ms
2026-05-17 19:26:20.180 +03:00 [INF] HTTP GET /api/v1/jobs/my responded 401 in 1.6999 ms
2026-05-17 19:26:20.183 +03:00 [INF] HTTP GET /api/v1/jobs/my responded 401 in 0.3851 ms
2026-05-17 19:26:35.462 +03:00 [INF] HTTP GET /api/v1/companies/my responded 401 in 0.6626 ms
2026-05-17 19:26:35.464 +03:00 [INF] HTTP GET /api/v1/companies/my responded 401 in 0.2376 ms
2026-05-17 19:26:35.501 +03:00 [INF] HTTP POST /api/v1/auth/refresh-token responded 200 in 24.3381 ms
2026-05-17 19:26:35.501 +03:00 [INF] HTTP POST /api/v1/auth/refresh-token responded 200 in 25.0256 ms
2026-05-17 19:26:35.508 +03:00 [INF] HTTP GET /api/v1/companies/my responded 401 in 0.3311 ms
2026-05-17 19:26:35.511 +03:00 [INF] HTTP GET /api/v1/companies/my responded 401 in 0.4760 ms
2026-05-17 19:26:40.929 +03:00 [INF] HTTP POST /api/v1/companies/upload-logo responded 401 in 0.5941 ms
2026-05-17 19:26:40.943 +03:00 [INF] HTTP POST /api/v1/auth/refresh-token responded 401 in 4.9643 ms
2026-05-17 19:27:11.228 +03:00 [INF] HTTP GET /api/v1/users/me responded 401 in 1.1410 ms
2026-05-17 19:27:11.242 +03:00 [INF] HTTP POST /api/v1/auth/refresh-token responded 200 in 6.1081 ms
2026-05-17 19:27:11.249 +03:00 [INF] HTTP GET /api/v1/users/me responded 401 in 0.6144 ms
2026-05-17 19:27:23.834 +03:00 [INF] HTTP POST /api/v1/auth/login responded 200 in 135.7353 ms
2026-05-17 19:27:24.176 +03:00 [INF] HTTP GET /api/v1/jobs/my responded 401 in 0.9169 ms
2026-05-17 19:27:24.178 +03:00 [INF] HTTP GET /api/v1/jobs/my responded 401 in 0.2525 ms
2026-05-17 19:27:24.198 +03:00 [INF] HTTP POST /api/v1/auth/refresh-token responded 200 in 6.2215 ms
2026-05-17 19:27:24.200 +03:00 [INF] HTTP POST /api/v1/auth/refresh-token responded 200 in 8.3231 ms
2026-05-17 19:27:24.206 +03:00 [INF] HTTP GET /api/v1/jobs/my responded 401 in 0.3018 ms
2026-05-17 19:27:24.208 +03:00 [INF] HTTP GET /api/v1/jobs/my responded 401 in 0.2463 ms
2026-05-17 19:28:27.664 +03:00 [INF] HTTP GET /api/v1/users/me responded 401 in 0.2133 ms
2026-05-17 19:28:27.697 +03:00 [INF] HTTP POST /api/v1/auth/refresh-token responded 200 in 20.4739 ms
2026-05-17 19:28:27.700 +03:00 [INF] HTTP GET /api/v1/users/me responded 401 in 0.2514 ms
2026-05-17 19:28:51.117 +03:00 [INF] HTTP POST /api/v1/auth/login responded 200 in 145.1880 ms
2026-05-17 19:28:51.319 +03:00 [INF] HTTP GET /api/v1/jobs/my responded 401 in 0.3682 ms
2026-05-17 19:28:51.321 +03:00 [INF] HTTP GET /api/v1/jobs/my responded 401 in 0.2243 ms
2026-05-17 19:28:51.334 +03:00 [INF] HTTP POST /api/v1/auth/refresh-token responded 200 in 8.3359 ms
2026-05-17 19:28:51.337 +03:00 [INF] HTTP POST /api/v1/auth/refresh-token responded 200 in 9.6776 ms
2026-05-17 19:28:51.339 +03:00 [INF] HTTP GET /api/v1/jobs/my responded 401 in 0.4544 ms
2026-05-17 19:28:51.342 +03:00 [INF] HTTP GET /api/v1/jobs/my responded 401 in 0.2162 ms
2026-05-17 19:29:48.202 +03:00 [INF] HTTP GET /api/v1/users/me responded 401 in 0.3339 ms
2026-05-17 19:29:48.248 +03:00 [INF] HTTP POST /api/v1/auth/refresh-token responded 200 in 35.0848 ms
2026-05-17 19:29:48.252 +03:00 [INF] HTTP GET /api/v1/users/me responded 401 in 0.2516 ms
2026-05-17 19:29:57.692 +03:00 [INF] HTTP POST /api/v1/auth/login responded 200 in 169.0079 ms
2026-05-17 19:29:57.996 +03:00 [INF] HTTP GET /api/v1/jobs/my responded 401 in 0.2564 ms
2026-05-17 19:29:57.998 +03:00 [INF] HTTP GET /api/v1/jobs/my responded 401 in 0.2314 ms
2026-05-17 19:29:58.013 +03:00 [INF] HTTP POST /api/v1/auth/refresh-token responded 200 in 9.0650 ms
2026-05-17 19:29:58.013 +03:00 [INF] HTTP POST /api/v1/auth/refresh-token responded 200 in 8.1760 ms
2026-05-17 19:29:58.019 +03:00 [INF] HTTP GET /api/v1/jobs/my responded 401 in 0.2680 ms
2026-05-17 19:29:58.023 +03:00 [INF] HTTP GET /api/v1/jobs/my responded 401 in 0.4846 ms
2026-05-17 19:30:18.243 +03:00 [INF] HTTP GET /api/v1/companies/my responded 401 in 0.2686 ms
2026-05-17 19:30:18.244 +03:00 [INF] HTTP GET /api/v1/companies/my responded 401 in 0.2016 ms
2026-05-17 19:30:18.258 +03:00 [INF] HTTP POST /api/v1/auth/refresh-token responded 401 in 1.7582 ms
2026-05-17 19:30:18.259 +03:00 [INF] HTTP POST /api/v1/auth/refresh-token responded 401 in 2.9604 ms
2026-05-17 19:30:22.458 +03:00 [INF] HTTP POST /api/v1/auth/login responded 200 in 127.3689 ms
2026-05-17 19:30:22.735 +03:00 [INF] HTTP GET /api/v1/jobs/my responded 401 in 0.3772 ms
2026-05-17 19:30:22.737 +03:00 [INF] HTTP GET /api/v1/jobs/my responded 401 in 0.1687 ms
2026-05-17 19:30:22.750 +03:00 [INF] HTTP POST /api/v1/auth/refresh-token responded 401 in 2.2660 ms
2026-05-17 19:30:22.750 +03:00 [INF] HTTP POST /api/v1/auth/refresh-token responded 200 in 5.7560 ms
2026-05-17 19:30:22.756 +03:00 [INF] HTTP GET /api/v1/jobs/my responded 401 in 0.3556 ms
2026-05-17 19:30:28.345 +03:00 [INF] HTTP POST /api/v1/auth/login responded 200 in 125.3277 ms
2026-05-17 19:30:28.624 +03:00 [INF] HTTP GET /api/v1/jobs/my responded 401 in 0.2004 ms
2026-05-17 19:30:28.625 +03:00 [INF] HTTP GET /api/v1/jobs/my responded 401 in 0.3185 ms
2026-05-17 19:30:28.641 +03:00 [INF] HTTP POST /api/v1/auth/refresh-token responded 200 in 5.5820 ms
2026-05-17 19:30:28.643 +03:00 [INF] HTTP POST /api/v1/auth/refresh-token responded 401 in 3.0736 ms
2026-05-17 19:30:28.652 +03:00 [INF] HTTP GET /api/v1/jobs/my responded 401 in 0.2224 ms
2026-05-17 19:30:39.274 +03:00 [INF] HTTP POST /api/v1/auth/login responded 200 in 127.8381 ms
2026-05-17 19:30:39.509 +03:00 [INF] HTTP GET /api/v1/jobs/my responded 401 in 1.0519 ms
2026-05-17 19:30:39.510 +03:00 [INF] HTTP GET /api/v1/jobs/my responded 401 in 0.2976 ms
2026-05-17 19:30:39.528 +03:00 [INF] HTTP POST /api/v1/auth/refresh-token responded 200 in 7.0038 ms
2026-05-17 19:30:39.533 +03:00 [INF] HTTP POST /api/v1/auth/refresh-token responded 200 in 11.0824 ms
2026-05-17 19:30:39.534 +03:00 [INF] HTTP GET /api/v1/jobs/my responded 401 in 0.2308 ms
2026-05-17 19:30:39.543 +03:00 [INF] HTTP GET /api/v1/jobs/my responded 401 in 0.2586 ms
2026-05-17 19:30:40.982 +03:00 [INF] HTTP GET /api/v1/companies/my responded 401 in 0.2176 ms
2026-05-17 19:30:40.983 +03:00 [INF] HTTP GET /api/v1/companies/my responded 401 in 0.1455 ms
2026-05-17 19:30:41.005 +03:00 [INF] HTTP POST /api/v1/auth/refresh-token responded 200 in 6.5815 ms
2026-05-17 19:30:41.007 +03:00 [INF] HTTP POST /api/v1/auth/refresh-token responded 200 in 6.7833 ms
2026-05-17 19:30:41.010 +03:00 [INF] HTTP GET /api/v1/companies/my responded 401 in 0.2119 ms
2026-05-17 19:30:41.012 +03:00 [INF] HTTP GET /api/v1/companies/my responded 401 in 0.2329 ms
2026-05-17 19:30:45.481 +03:00 [INF] HTTP POST /api/v1/companies/upload-logo responded 401 in 0.3175 ms
2026-05-17 19:30:45.508 +03:00 [INF] HTTP POST /api/v1/auth/refresh-token responded 200 in 7.0144 ms
2026-05-17 19:30:45.513 +03:00 [INF] HTTP POST /api/v1/companies/upload-logo responded 401 in 0.2054 ms
2026-05-17 19:32:21.321 +03:00 [INF] HTTP GET /api/v1/users/me responded 401 in 0.3944 ms
2026-05-17 19:32:21.333 +03:00 [INF] HTTP GET /api/v1/users/me responded 401 in 0.2561 ms
2026-05-17 19:32:21.351 +03:00 [INF] HTTP POST /api/v1/auth/refresh-token responded 200 in 25.4002 ms
2026-05-17 19:32:21.355 +03:00 [INF] HTTP POST /api/v1/auth/refresh-token responded 401 in 2.9218 ms
2026-05-17 19:32:21.483 +03:00 [INF] HTTP GET /api/v1/users/me responded 200 in 124.7061 ms
2026-05-17 19:32:56.400 +03:00 [INF] HTTP POST /api/v1/auth/login responded 200 in 133.6250 ms
2026-05-17 19:32:57.020 +03:00 [INF] HTTP GET /api/v1/jobs/my responded 200 in 160.2191 ms
2026-05-17 19:32:57.027 +03:00 [INF] HTTP GET /api/v1/jobs/my responded 200 in 5.7016 ms
2026-05-17 19:32:58.336 +03:00 [INF] HTTP GET /api/v1/companies/my responded 404 in 55.7577 ms
2026-05-17 19:32:58.339 +03:00 [INF] HTTP GET /api/v1/companies/my responded 404 in 2.4504 ms
2026-05-17 19:33:03.363 +03:00 [ERR] HTTP POST /api/v1/companies/upload-logo responded 500 in 38.4461 ms
System.Collections.Generic.KeyNotFoundException: Company not found.
   at UshersEg.Infrastructure.Services.CompanyService.UploadLogoAsync(Guid userId, Stream fileStream, String fileName) in C:\Users\kemo\Downloads\ushers.eg\backend\src\UshersEg.Infrastructure\Services\CompanyService.cs:line 89
   at UshersEg.API.Controllers.CompaniesController.UploadLogo(IFormFile file) in C:\Users\kemo\Downloads\ushers.eg\backend\src\UshersEg.API\Controllers\CompaniesController.cs:line 64
   at lambda_method1316(Closure, Object)
   at Microsoft.AspNetCore.Mvc.Infrastructure.ActionMethodExecutor.AwaitableObjectResultExecutor.Execute(ActionContext actionContext, IActionResultTypeMapper mapper, ObjectMethodExecutor executor, Object controller, Object[] arguments)
   at Microsoft.AspNetCore.Mvc.Infrastructure.ControllerActionInvoker.<InvokeActionMethodAsync>g__Awaited|12_0(ControllerActionInvoker invoker, ValueTask`1 actionResultValueTask)
   at Microsoft.AspNetCore.Mvc.Infrastructure.ControllerActionInvoker.<InvokeNextActionFilterAsync>g__Awaited|10_0(ControllerActionInvoker invoker, Task lastTask, State next, Scope scope, Object state, Boolean isCompleted)
   at Microsoft.AspNetCore.Mvc.Infrastructure.ControllerActionInvoker.Rethrow(ActionExecutedContextSealed context)
   at Microsoft.AspNetCore.Mvc.Infrastructure.ControllerActionInvoker.Next(State& next, Scope& scope, Object& state, Boolean& isCompleted)
   at Microsoft.AspNetCore.Mvc.Infrastructure.ControllerActionInvoker.<InvokeInnerFilterAsync>g__Awaited|13_0(ControllerActionInvoker invoker, Task lastTask, State next, Scope scope, Object state, Boolean isCompleted)
   at Microsoft.AspNetCore.Mvc.Infrastructure.ResourceInvoker.<InvokeNextResourceFilter>g__Awaited|25_0(ResourceInvoker invoker, Task lastTask, State next, Scope scope, Object state, Boolean isCompleted)
   at Microsoft.AspNetCore.Mvc.Infrastructure.ResourceInvoker.Rethrow(ResourceExecutedContextSealed context)
   at Microsoft.AspNetCore.Mvc.Infrastructure.ResourceInvoker.Next(State& next, Scope& scope, Object& state, Boolean& isCompleted)
   at Microsoft.AspNetCore.Mvc.Infrastructure.ResourceInvoker.<InvokeFilterPipelineAsync>g__Awaited|20_0(ResourceInvoker invoker, Task lastTask, State next, Scope scope, Object state, Boolean isCompleted)
   at Microsoft.AspNetCore.Mvc.Infrastructure.ResourceInvoker.<InvokeAsync>g__Awaited|17_0(ResourceInvoker invoker, Task task, IDisposable scope)
   at Microsoft.AspNetCore.Mvc.Infrastructure.ResourceInvoker.<InvokeAsync>g__Awaited|17_0(ResourceInvoker invoker, Task task, IDisposable scope)
   at Microsoft.AspNetCore.Authorization.AuthorizationMiddleware.Invoke(HttpContext context)
   at Microsoft.AspNetCore.Authentication.AuthenticationMiddleware.Invoke(HttpContext context)
   at Serilog.AspNetCore.RequestLoggingMiddleware.Invoke(HttpContext httpContext)
2026-05-17 19:33:03.385 +03:00 [ERR] Unhandled exception: Company not found.
System.Collections.Generic.KeyNotFoundException: Company not found.
   at UshersEg.Infrastructure.Services.CompanyService.UploadLogoAsync(Guid userId, Stream fileStream, String fileName) in C:\Users\kemo\Downloads\ushers.eg\backend\src\UshersEg.Infrastructure\Services\CompanyService.cs:line 89
   at UshersEg.API.Controllers.CompaniesController.UploadLogo(IFormFile file) in C:\Users\kemo\Downloads\ushers.eg\backend\src\UshersEg.API\Controllers\CompaniesController.cs:line 64
   at lambda_method1316(Closure, Object)
   at Microsoft.AspNetCore.Mvc.Infrastructure.ActionMethodExecutor.AwaitableObjectResultExecutor.Execute(ActionContext actionContext, IActionResultTypeMapper mapper, ObjectMethodExecutor executor, Object controller, Object[] arguments)
   at Microsoft.AspNetCore.Mvc.Infrastructure.ControllerActionInvoker.<InvokeActionMethodAsync>g__Awaited|12_0(ControllerActionInvoker invoker, ValueTask`1 actionResultValueTask)
   at Microsoft.AspNetCore.Mvc.Infrastructure.ControllerActionInvoker.<InvokeNextActionFilterAsync>g__Awaited|10_0(ControllerActionInvoker invoker, Task lastTask, State next, Scope scope, Object state, Boolean isCompleted)
   at Microsoft.AspNetCore.Mvc.Infrastructure.ControllerActionInvoker.Rethrow(ActionExecutedContextSealed context)
   at Microsoft.AspNetCore.Mvc.Infrastructure.ControllerActionInvoker.Next(State& next, Scope& scope, Object& state, Boolean& isCompleted)
   at Microsoft.AspNetCore.Mvc.Infrastructure.ControllerActionInvoker.<InvokeInnerFilterAsync>g__Awaited|13_0(ControllerActionInvoker invoker, Task lastTask, State next, Scope scope, Object state, Boolean isCompleted)
   at Microsoft.AspNetCore.Mvc.Infrastructure.ResourceInvoker.<InvokeNextResourceFilter>g__Awaited|25_0(ResourceInvoker invoker, Task lastTask, State next, Scope scope, Object state, Boolean isCompleted)
   at Microsoft.AspNetCore.Mvc.Infrastructure.ResourceInvoker.Rethrow(ResourceExecutedContextSealed context)
   at Microsoft.AspNetCore.Mvc.Infrastructure.ResourceInvoker.Next(State& next, Scope& scope, Object& state, Boolean& isCompleted)
   at Microsoft.AspNetCore.Mvc.Infrastructure.ResourceInvoker.<InvokeFilterPipelineAsync>g__Awaited|20_0(ResourceInvoker invoker, Task lastTask, State next, Scope scope, Object state, Boolean isCompleted)
   at Microsoft.AspNetCore.Mvc.Infrastructure.ResourceInvoker.<InvokeAsync>g__Awaited|17_0(ResourceInvoker invoker, Task task, IDisposable scope)
   at Microsoft.AspNetCore.Mvc.Infrastructure.ResourceInvoker.<InvokeAsync>g__Awaited|17_0(ResourceInvoker invoker, Task task, IDisposable scope)
   at Microsoft.AspNetCore.Authorization.AuthorizationMiddleware.Invoke(HttpContext context)
   at Microsoft.AspNetCore.Authentication.AuthenticationMiddleware.Invoke(HttpContext context)
   at Serilog.AspNetCore.RequestLoggingMiddleware.Invoke(HttpContext httpContext)
   at Swashbuckle.AspNetCore.SwaggerUI.SwaggerUIMiddleware.Invoke(HttpContext httpContext)
   at Swashbuckle.AspNetCore.Swagger.SwaggerMiddleware.Invoke(HttpContext httpContext, ISwaggerProvider swaggerProvider)
   at UshersEg.API.Middleware.GlobalExceptionMiddleware.InvokeAsync(HttpContext context) in C:\Users\kemo\Downloads\ushers.eg\backend\src\UshersEg.API\Middleware\GlobalExceptionMiddleware.cs:line 22
2026-05-17 19:33:15.623 +03:00 [INF] HTTP GET /api/v1/users/me responded 200 in 39.1962 ms
2026-05-17 19:33:15.827 +03:00 [INF] HTTP GET /api/v1/companies/my responded 404 in 20.8252 ms
2026-05-17 19:33:15.833 +03:00 [INF] HTTP GET /api/v1/companies/my responded 404 in 3.2432 ms
2026-05-17 19:33:15.841 +03:00 [INF] HTTP GET /api/v1/jobs/my responded 200 in 33.5126 ms
2026-05-17 19:33:15.853 +03:00 [INF] HTTP GET /api/v1/jobs/my responded 200 in 9.7944 ms
2026-05-17 19:33:20.689 +03:00 [ERR] HTTP POST /api/v1/companies/upload-logo responded 500 in 5.8864 ms
System.Collections.Generic.KeyNotFoundException: Company not found.
   at UshersEg.Infrastructure.Services.CompanyService.UploadLogoAsync(Guid userId, Stream fileStream, String fileName) in C:\Users\kemo\Downloads\ushers.eg\backend\src\UshersEg.Infrastructure\Services\CompanyService.cs:line 89
   at UshersEg.API.Controllers.CompaniesController.UploadLogo(IFormFile file) in C:\Users\kemo\Downloads\ushers.eg\backend\src\UshersEg.API\Controllers\CompaniesController.cs:line 64
   at lambda_method1316(Closure, Object)
   at Microsoft.AspNetCore.Mvc.Infrastructure.ActionMethodExecutor.AwaitableObjectResultExecutor.Execute(ActionContext actionContext, IActionResultTypeMapper mapper, ObjectMethodExecutor executor, Object controller, Object[] arguments)
   at Microsoft.AspNetCore.Mvc.Infrastructure.ControllerActionInvoker.<InvokeActionMethodAsync>g__Awaited|12_0(ControllerActionInvoker invoker, ValueTask`1 actionResultValueTask)
   at Microsoft.AspNetCore.Mvc.Infrastructure.ControllerActionInvoker.<InvokeNextActionFilterAsync>g__Awaited|10_0(ControllerActionInvoker invoker, Task lastTask, State next, Scope scope, Object state, Boolean isCompleted)
   at Microsoft.AspNetCore.Mvc.Infrastructure.ControllerActionInvoker.Rethrow(ActionExecutedContextSealed context)
   at Microsoft.AspNetCore.Mvc.Infrastructure.ControllerActionInvoker.Next(State& next, Scope& scope, Object& state, Boolean& isCompleted)
   at Microsoft.AspNetCore.Mvc.Infrastructure.ControllerActionInvoker.<InvokeInnerFilterAsync>g__Awaited|13_0(ControllerActionInvoker invoker, Task lastTask, State next, Scope scope, Object state, Boolean isCompleted)
   at Microsoft.AspNetCore.Mvc.Infrastructure.ResourceInvoker.<InvokeNextResourceFilter>g__Awaited|25_0(ResourceInvoker invoker, Task lastTask, State next, Scope scope, Object state, Boolean isCompleted)
   at Microsoft.AspNetCore.Mvc.Infrastructure.ResourceInvoker.Rethrow(ResourceExecutedContextSealed context)
   at Microsoft.AspNetCore.Mvc.Infrastructure.ResourceInvoker.Next(State& next, Scope& scope, Object& state, Boolean& isCompleted)
   at Microsoft.AspNetCore.Mvc.Infrastructure.ResourceInvoker.<InvokeFilterPipelineAsync>g__Awaited|20_0(ResourceInvoker invoker, Task lastTask, State next, Scope scope, Object state, Boolean isCompleted)
   at Microsoft.AspNetCore.Mvc.Infrastructure.ResourceInvoker.<InvokeAsync>g__Awaited|17_0(ResourceInvoker invoker, Task task, IDisposable scope)
   at Microsoft.AspNetCore.Mvc.Infrastructure.ResourceInvoker.<InvokeAsync>g__Awaited|17_0(ResourceInvoker invoker, Task task, IDisposable scope)
   at Microsoft.AspNetCore.Authorization.AuthorizationMiddleware.Invoke(HttpContext context)
   at Microsoft.AspNetCore.Authentication.AuthenticationMiddleware.Invoke(HttpContext context)
   at Serilog.AspNetCore.RequestLoggingMiddleware.Invoke(HttpContext httpContext)
2026-05-17 19:33:20.690 +03:00 [ERR] Unhandled exception: Company not found.
System.Collections.Generic.KeyNotFoundException: Company not found.
   at UshersEg.Infrastructure.Services.CompanyService.UploadLogoAsync(Guid userId, Stream fileStream, String fileName) in C:\Users\kemo\Downloads\ushers.eg\backend\src\UshersEg.Infrastructure\Services\CompanyService.cs:line 89
   at UshersEg.API.Controllers.CompaniesController.UploadLogo(IFormFile file) in C:\Users\kemo\Downloads\ushers.eg\backend\src\UshersEg.API\Controllers\CompaniesController.cs:line 64
   at lambda_method1316(Closure, Object)
   at Microsoft.AspNetCore.Mvc.Infrastructure.ActionMethodExecutor.AwaitableObjectResultExecutor.Execute(ActionContext actionContext, IActionResultTypeMapper mapper, ObjectMethodExecutor executor, Object controller, Object[] arguments)
   at Microsoft.AspNetCore.Mvc.Infrastructure.ControllerActionInvoker.<InvokeActionMethodAsync>g__Awaited|12_0(ControllerActionInvoker invoker, ValueTask`1 actionResultValueTask)
   at Microsoft.AspNetCore.Mvc.Infrastructure.ControllerActionInvoker.<InvokeNextActionFilterAsync>g__Awaited|10_0(ControllerActionInvoker invoker, Task lastTask, State next, Scope scope, Object state, Boolean isCompleted)
   at Microsoft.AspNetCore.Mvc.Infrastructure.ControllerActionInvoker.Rethrow(ActionExecutedContextSealed context)
   at Microsoft.AspNetCore.Mvc.Infrastructure.ControllerActionInvoker.Next(State& next, Scope& scope, Object& state, Boolean& isCompleted)
   at Microsoft.AspNetCore.Mvc.Infrastructure.ControllerActionInvoker.<InvokeInnerFilterAsync>g__Awaited|13_0(ControllerActionInvoker invoker, Task lastTask, State next, Scope scope, Object state, Boolean isCompleted)
   at Microsoft.AspNetCore.Mvc.Infrastructure.ResourceInvoker.<InvokeNextResourceFilter>g__Awaited|25_0(ResourceInvoker invoker, Task lastTask, State next, Scope scope, Object state, Boolean isCompleted)
   at Microsoft.AspNetCore.Mvc.Infrastructure.ResourceInvoker.Rethrow(ResourceExecutedContextSealed context)
   at Microsoft.AspNetCore.Mvc.Infrastructure.ResourceInvoker.Next(State& next, Scope& scope, Object& state, Boolean& isCompleted)
   at Microsoft.AspNetCore.Mvc.Infrastructure.ResourceInvoker.<InvokeFilterPipelineAsync>g__Awaited|20_0(ResourceInvoker invoker, Task lastTask, State next, Scope scope, Object state, Boolean isCompleted)
   at Microsoft.AspNetCore.Mvc.Infrastructure.ResourceInvoker.<InvokeAsync>g__Awaited|17_0(ResourceInvoker invoker, Task task, IDisposable scope)
   at Microsoft.AspNetCore.Mvc.Infrastructure.ResourceInvoker.<InvokeAsync>g__Awaited|17_0(ResourceInvoker invoker, Task task, IDisposable scope)
   at Microsoft.AspNetCore.Authorization.AuthorizationMiddleware.Invoke(HttpContext context)
   at Microsoft.AspNetCore.Authentication.AuthenticationMiddleware.Invoke(HttpContext context)
   at Serilog.AspNetCore.RequestLoggingMiddleware.Invoke(HttpContext httpContext)
   at Swashbuckle.AspNetCore.SwaggerUI.SwaggerUIMiddleware.Invoke(HttpContext httpContext)
   at Swashbuckle.AspNetCore.Swagger.SwaggerMiddleware.Invoke(HttpContext httpContext, ISwaggerProvider swaggerProvider)
   at UshersEg.API.Middleware.GlobalExceptionMiddleware.InvokeAsync(HttpContext context) in C:\Users\kemo\Downloads\ushers.eg\backend\src\UshersEg.API\Middleware\GlobalExceptionMiddleware.cs:line 22
2026-05-17 19:34:20.283 +03:00 [WRN] Entity 'User' has a global query filter defined and is the required end of a relationship with the entity 'Message'. This may lead to unexpected results when the required entity is filtered out. Either configure the navigation as optional, or define matching query filters for both entities in the navigation. See https://go.microsoft.com/fwlink/?linkid=2131316 for more information.
2026-05-17 19:34:20.311 +03:00 [WRN] Entity 'User' has a global query filter defined and is the required end of a relationship with the entity 'Notification'. This may lead to unexpected results when the required entity is filtered out. Either configure the navigation as optional, or define matching query filters for both entities in the navigation. See https://go.microsoft.com/fwlink/?linkid=2131316 for more information.
2026-05-17 19:34:20.312 +03:00 [WRN] Entity 'Job' has a global query filter defined and is the required end of a relationship with the entity 'SavedJob'. This may lead to unexpected results when the required entity is filtered out. Either configure the navigation as optional, or define matching query filters for both entities in the navigation. See https://go.microsoft.com/fwlink/?linkid=2131316 for more information.
2026-05-17 19:34:20.312 +03:00 [WRN] Entity 'User' has a global query filter defined and is the required end of a relationship with the entity 'Subscription'. This may lead to unexpected results when the required entity is filtered out. Either configure the navigation as optional, or define matching query filters for both entities in the navigation. See https://go.microsoft.com/fwlink/?linkid=2131316 for more information.
2026-05-17 19:34:20.312 +03:00 [WRN] Entity 'User' has a global query filter defined and is the required end of a relationship with the entity 'UsherProfile'. This may lead to unexpected results when the required entity is filtered out. Either configure the navigation as optional, or define matching query filters for both entities in the navigation. See https://go.microsoft.com/fwlink/?linkid=2131316 for more information.
2026-05-17 19:34:20.366 +03:00 [WRN] No store type was specified for the decimal property 'ExpectedSalaryPerDay' on entity type 'UsherProfile'. This will cause values to be silently truncated if they do not fit in the default precision and scale. Explicitly specify the SQL server column type that can accommodate all the values in 'OnModelCreating' using 'HasColumnType', specify precision and scale using 'HasPrecision', or configure a value converter using 'HasConversion'.
2026-05-17 19:34:21.086 +03:00 [INF] ✅ Database migrated and seeded successfully
2026-05-17 19:34:21.091 +03:00 [INF] 🚀 UshersEg API running at 
2026-05-17 19:35:06.967 +03:00 [INF] HTTP GET /api/v1/users/me responded 200 in 374.5078 ms
2026-05-17 19:35:07.299 +03:00 [INF] HTTP GET /api/v1/companies/my responded 404 in 147.9395 ms
2026-05-17 19:35:07.312 +03:00 [INF] HTTP GET /api/v1/companies/my responded 404 in 11.0981 ms
2026-05-17 19:35:07.353 +03:00 [INF] HTTP GET /api/v1/jobs/my responded 200 in 201.7875 ms
2026-05-17 19:35:07.362 +03:00 [INF] HTTP GET /api/v1/jobs/my responded 200 in 7.1134 ms
2026-05-17 19:35:11.316 +03:00 [INF] HTTP POST /api/v1/companies/upload-logo responded 200 in 178.1470 ms
2026-05-17 19:35:18.313 +03:00 [INF] HTTP GET /api/v1/users/me responded 200 in 15.5837 ms
2026-05-17 19:35:18.553 +03:00 [INF] HTTP GET /api/v1/companies/my responded 200 in 32.1630 ms
2026-05-17 19:35:18.556 +03:00 [INF] HTTP GET /api/v1/jobs/my responded 200 in 33.1397 ms
2026-05-17 19:35:18.567 +03:00 [INF] HTTP GET /api/v1/jobs/my responded 200 in 8.5785 ms
2026-05-17 19:35:18.570 +03:00 [INF] HTTP GET /api/v1/companies/my responded 200 in 14.8114 ms
2026-05-17 19:35:49.683 +03:00 [INF] HTTP GET /api/v1/users/me responded 200 in 26.7839 ms
2026-05-17 19:35:49.911 +03:00 [INF] HTTP GET /api/v1/users/me responded 200 in 4.3329 ms
2026-05-17 19:35:50.060 +03:00 [INF] HTTP GET /api/v1/jobs/my responded 200 in 41.6352 ms
2026-05-17 19:35:50.078 +03:00 [INF] HTTP GET /api/v1/jobs/my responded 200 in 12.4638 ms
2026-05-17 19:35:52.331 +03:00 [INF] HTTP GET /api/v1/companies/my responded 200 in 9.8961 ms
2026-05-17 19:35:52.335 +03:00 [INF] HTTP GET /api/v1/companies/my responded 200 in 2.3967 ms
2026-05-17 19:35:57.952 +03:00 [INF] HTTP GET /api/v1/users/me responded 200 in 41.5872 ms
2026-05-17 19:35:58.169 +03:00 [INF] HTTP GET /api/v1/companies/my responded 200 in 3.7460 ms
2026-05-17 19:35:58.172 +03:00 [INF] HTTP GET /api/v1/jobs/my responded 200 in 6.0802 ms
2026-05-17 19:35:58.174 +03:00 [INF] HTTP GET /api/v1/companies/my responded 200 in 3.2215 ms
2026-05-17 19:35:58.177 +03:00 [INF] HTTP GET /api/v1/jobs/my responded 200 in 3.2911 ms
2026-05-17 19:36:02.788 +03:00 [INF] HTTP GET /api/v1/users/me responded 200 in 3.8202 ms
2026-05-17 19:36:02.985 +03:00 [INF] HTTP GET /api/v1/jobs/my responded 200 in 4.0182 ms
2026-05-17 19:36:02.990 +03:00 [INF] HTTP GET /api/v1/jobs/my responded 200 in 3.8680 ms
2026-05-17 19:36:47.594 +03:00 [INF] HTTP GET /api/v1/companies/my responded 200 in 16.3276 ms
2026-05-17 19:36:47.597 +03:00 [INF] HTTP GET /api/v1/companies/my responded 200 in 2.2394 ms
2026-05-17 19:37:04.225 +03:00 [INF] HTTP GET /api/v1/users/me responded 200 in 9.0030 ms
2026-05-17 19:37:04.585 +03:00 [INF] HTTP GET /api/v1/users/me responded 200 in 3.2798 ms
2026-05-17 19:37:04.916 +03:00 [INF] HTTP GET /api/v1/companies/my responded 200 in 5.0390 ms
2026-05-17 19:37:04.921 +03:00 [INF] HTTP GET /api/v1/companies/my responded 200 in 3.5428 ms
2026-05-17 19:37:04.932 +03:00 [INF] HTTP GET /api/v1/jobs/my responded 200 in 20.4070 ms
2026-05-17 19:37:04.938 +03:00 [INF] HTTP GET /api/v1/jobs/my responded 200 in 4.1509 ms
2026-05-17 19:37:11.860 +03:00 [INF] HTTP GET /api/v1/users/me responded 200 in 2.9440 ms
2026-05-17 19:37:12.057 +03:00 [INF] HTTP GET /api/v1/companies/my responded 200 in 3.7631 ms
2026-05-17 19:37:12.059 +03:00 [INF] HTTP GET /api/v1/jobs/my responded 200 in 4.0387 ms
2026-05-17 19:37:12.062 +03:00 [INF] HTTP GET /api/v1/companies/my responded 200 in 3.2656 ms
2026-05-17 19:37:12.064 +03:00 [INF] HTTP GET /api/v1/jobs/my responded 200 in 3.9280 ms
2026-05-17 19:37:15.308 +03:00 [INF] HTTP GET /api/v1/users/me responded 200 in 5.6520 ms
2026-05-17 19:37:15.554 +03:00 [INF] HTTP GET /api/v1/jobs/my responded 200 in 3.9001 ms
2026-05-17 19:37:15.561 +03:00 [INF] HTTP GET /api/v1/jobs/my responded 200 in 4.5087 ms
2026-05-17 19:38:00.879 +03:00 [INF] HTTP GET /api/v1/companies/my responded 200 in 11.2197 ms
2026-05-17 19:38:00.884 +03:00 [INF] HTTP GET /api/v1/companies/my responded 200 in 2.8622 ms
2026-05-17 19:38:28.461 +03:00 [INF] HTTP GET /api/v1/users/me responded 200 in 9.6712 ms
2026-05-17 19:38:28.754 +03:00 [INF] HTTP GET /api/v1/users/me responded 200 in 3.6696 ms
2026-05-17 19:38:29.126 +03:00 [INF] HTTP GET /api/v1/companies/my responded 200 in 3.0352 ms
2026-05-17 19:38:29.132 +03:00 [INF] HTTP GET /api/v1/companies/my responded 200 in 2.4304 ms
2026-05-17 19:38:29.146 +03:00 [INF] HTTP GET /api/v1/jobs/my responded 200 in 21.6326 ms
2026-05-17 19:38:29.152 +03:00 [INF] HTTP GET /api/v1/jobs/my responded 200 in 3.6204 ms
2026-05-17 19:38:35.259 +03:00 [INF] HTTP GET /api/v1/users/me responded 200 in 17.3925 ms
2026-05-17 19:38:35.475 +03:00 [INF] HTTP GET /api/v1/companies/my responded 200 in 14.8663 ms
2026-05-17 19:38:35.480 +03:00 [INF] HTTP GET /api/v1/companies/my responded 200 in 3.6123 ms
2026-05-17 19:38:35.481 +03:00 [INF] HTTP GET /api/v1/jobs/my responded 200 in 20.8489 ms
2026-05-17 19:38:35.485 +03:00 [INF] HTTP GET /api/v1/jobs/my responded 200 in 2.7094 ms
2026-05-17 19:38:50.704 +03:00 [INF] HTTP GET /api/v1/users/me responded 200 in 204.8967 ms
2026-05-17 19:38:50.727 +03:00 [INF] HTTP GET /api/v1/users/me responded 200 in 7.7362 ms
2026-05-17 19:38:51.019 +03:00 [INF] HTTP GET /api/v1/companies/my responded 200 in 19.3044 ms
2026-05-17 19:38:51.023 +03:00 [INF] HTTP GET /api/v1/companies/my responded 200 in 2.8348 ms
2026-05-17 19:38:51.037 +03:00 [INF] HTTP GET /api/v1/jobs/my responded 200 in 36.9853 ms
2026-05-17 19:38:51.049 +03:00 [INF] HTTP GET /api/v1/jobs/my responded 200 in 9.2788 ms
2026-05-17 19:38:56.548 +03:00 [INF] HTTP POST /api/v1/companies/upload-logo responded 200 in 21.5179 ms
2026-05-17 19:39:01.569 +03:00 [INF] HTTP GET /api/v1/users/me responded 200 in 22.3209 ms
2026-05-17 19:39:01.749 +03:00 [INF] HTTP GET /api/v1/companies/my responded 200 in 13.7394 ms
2026-05-17 19:39:01.752 +03:00 [INF] HTTP GET /api/v1/companies/my responded 200 in 1.8641 ms
2026-05-17 19:39:01.754 +03:00 [INF] HTTP GET /api/v1/jobs/my responded 200 in 17.9796 ms
2026-05-17 19:39:01.758 +03:00 [INF] HTTP GET /api/v1/jobs/my responded 200 in 2.8138 ms
2026-05-17 19:39:48.786 +03:00 [INF] HTTP GET /api/v1/users/me responded 200 in 7.4703 ms
2026-05-17 19:39:52.092 +03:00 [INF] HTTP GET /api/v1/users/me responded 200 in 23.5379 ms
2026-05-17 19:39:52.299 +03:00 [INF] HTTP GET /api/v1/companies/my responded 200 in 21.3465 ms
2026-05-17 19:39:52.310 +03:00 [INF] HTTP GET /api/v1/jobs/my responded 200 in 30.8135 ms
2026-05-17 19:39:52.315 +03:00 [INF] HTTP GET /api/v1/companies/my responded 200 in 14.4992 ms
2026-05-17 19:39:52.337 +03:00 [INF] HTTP GET /api/v1/jobs/my responded 200 in 24.6139 ms
2026-05-17 19:39:58.077 +03:00 [INF] HTTP POST /api/v1/companies/upload-logo responded 200 in 6.3041 ms
2026-05-17 19:40:00.632 +03:00 [INF] HTTP POST /api/v1/companies responded 200 in 65.2665 ms
2026-05-17 19:40:52.599 +03:00 [INF] HTTP GET /api/v1/users/me responded 200 in 8.4732 ms
2026-05-17 19:40:52.813 +03:00 [INF] HTTP GET /api/v1/companies/my responded 200 in 13.1636 ms
2026-05-17 19:40:52.826 +03:00 [INF] HTTP GET /api/v1/companies/my responded 200 in 2.0363 ms
2026-05-17 19:40:52.827 +03:00 [INF] HTTP GET /api/v1/jobs/my responded 200 in 25.8953 ms
2026-05-17 19:40:52.831 +03:00 [INF] HTTP GET /api/v1/jobs/my responded 200 in 2.5810 ms
2026-05-17 19:41:08.295 +03:00 [INF] HTTP GET /api/v1/companies/my responded 200 in 11.1859 ms
2026-05-17 19:41:08.298 +03:00 [INF] HTTP GET /api/v1/companies/my responded 200 in 1.6038 ms
2026-05-17 19:42:57.208 +03:00 [INF] HTTP GET /api/v1/companies/my responded 200 in 11.7557 ms
2026-05-17 19:42:57.211 +03:00 [INF] HTTP GET /api/v1/companies/my responded 200 in 1.9581 ms
2026-05-17 19:43:01.944 +03:00 [INF] HTTP GET /api/v1/companies/my responded 200 in 1.9908 ms
2026-05-17 19:43:01.946 +03:00 [INF] HTTP GET /api/v1/companies/my responded 200 in 1.3700 ms
2026-05-17 19:43:45.533 +03:00 [INF] HTTP POST /api/v1/jobs responded 201 in 184.9638 ms
2026-05-17 19:43:45.565 +03:00 [INF] HTTP GET /api/v1/jobs/my responded 200 in 26.4469 ms
2026-05-17 19:44:40.592 +03:00 [INF] HTTP GET /api/v1/companies/my responded 200 in 24.1713 ms
2026-05-17 19:44:40.595 +03:00 [INF] HTTP GET /api/v1/companies/my responded 200 in 2.0255 ms
2026-05-17 19:45:16.507 +03:00 [INF] HTTP POST /api/v1/jobs responded 201 in 24.1767 ms
2026-05-17 19:45:16.532 +03:00 [INF] HTTP GET /api/v1/jobs/my responded 200 in 19.5885 ms
2026-05-17 19:45:57.923 +03:00 [INF] HTTP GET /api/v1/users/me responded 200 in 14.0329 ms
2026-05-17 19:45:58.105 +03:00 [INF] HTTP GET /api/v1/jobs/my responded 200 in 26.2895 ms
2026-05-17 19:45:58.109 +03:00 [INF] HTTP GET /api/v1/jobs/my responded 200 in 3.0383 ms
2026-05-17 19:46:04.731 +03:00 [INF] HTTP GET /api/v1/users/me responded 200 in 1.8144 ms
2026-05-17 19:46:04.880 +03:00 [INF] HTTP GET /api/v1/jobs/my responded 200 in 3.5453 ms
2026-05-17 19:46:04.885 +03:00 [INF] HTTP GET /api/v1/jobs/my responded 200 in 3.1961 ms
2026-05-17 19:46:14.405 +03:00 [INF] HTTP POST /api/v1/auth/login responded 401 in 315.3480 ms
2026-05-17 19:46:17.964 +03:00 [INF] HTTP POST /api/v1/auth/login responded 200 in 154.6489 ms
2026-05-17 19:46:18.306 +03:00 [INF] HTTP GET /api/v1/jobs/my responded 200 in 7.7396 ms
2026-05-17 19:46:18.312 +03:00 [INF] HTTP GET /api/v1/jobs/my responded 200 in 4.1935 ms
2026-05-17 19:46:35.030 +03:00 [INF] HTTP POST /api/v1/auth/login responded 401 in 137.7747 ms
2026-05-17 19:46:54.480 +03:00 [INF] HTTP POST /api/v1/auth/login responded 200 in 128.2276 ms
2026-05-17 19:46:54.782 +03:00 [INF] HTTP GET /api/v1/jobs/my responded 200 in 20.7366 ms
2026-05-17 19:46:54.786 +03:00 [INF] HTTP GET /api/v1/jobs/my responded 200 in 2.7334 ms
2026-05-17 19:46:58.294 +03:00 [INF] HTTP GET /api/v1/users/me responded 200 in 4.3265 ms
2026-05-17 19:47:03.831 +03:00 [INF] HTTP GET /api/v1/users/me responded 200 in 1.4902 ms
2026-05-17 19:47:03.990 +03:00 [INF] HTTP GET /api/v1/jobs/my responded 200 in 3.2860 ms
2026-05-17 19:47:03.994 +03:00 [INF] HTTP GET /api/v1/jobs/my responded 200 in 2.5546 ms
2026-05-17 19:47:46.860 +03:00 [INF] HTTP GET /api/v1/users/me responded 200 in 7.9763 ms
2026-05-17 19:47:56.279 +03:00 [INF] HTTP GET /api/v1/users/me responded 200 in 1.8297 ms
2026-05-17 19:47:56.457 +03:00 [INF] HTTP GET /api/v1/jobs/my responded 200 in 22.7898 ms
2026-05-17 19:47:56.462 +03:00 [INF] HTTP GET /api/v1/jobs/my responded 200 in 3.9542 ms
2026-05-17 19:48:09.729 +03:00 [INF] HTTP GET /api/v1/companies/my responded 200 in 10.3125 ms
2026-05-17 19:48:09.732 +03:00 [INF] HTTP GET /api/v1/companies/my responded 200 in 1.7728 ms
2026-05-17 19:49:40.300 +03:00 [INF] HTTP GET /api/v1/jobs/8cbedae5-747b-4e90-98c5-2eb3c0963d7b responded 200 in 152.5025 ms
2026-05-17 19:49:40.306 +03:00 [INF] HTTP GET /api/v1/jobs/8cbedae5-747b-4e90-98c5-2eb3c0963d7b responded 200 in 4.6110 ms
2026-05-17 20:58:29.445 +03:00 [WRN] Entity 'User' has a global query filter defined and is the required end of a relationship with the entity 'Message'. This may lead to unexpected results when the required entity is filtered out. Either configure the navigation as optional, or define matching query filters for both entities in the navigation. See https://go.microsoft.com/fwlink/?linkid=2131316 for more information.
2026-05-17 20:58:29.585 +03:00 [WRN] Entity 'User' has a global query filter defined and is the required end of a relationship with the entity 'Notification'. This may lead to unexpected results when the required entity is filtered out. Either configure the navigation as optional, or define matching query filters for both entities in the navigation. See https://go.microsoft.com/fwlink/?linkid=2131316 for more information.
2026-05-17 20:58:29.586 +03:00 [WRN] Entity 'Job' has a global query filter defined and is the required end of a relationship with the entity 'SavedJob'. This may lead to unexpected results when the required entity is filtered out. Either configure the navigation as optional, or define matching query filters for both entities in the navigation. See https://go.microsoft.com/fwlink/?linkid=2131316 for more information.
2026-05-17 20:58:29.586 +03:00 [WRN] Entity 'User' has a global query filter defined and is the required end of a relationship with the entity 'Subscription'. This may lead to unexpected results when the required entity is filtered out. Either configure the navigation as optional, or define matching query filters for both entities in the navigation. See https://go.microsoft.com/fwlink/?linkid=2131316 for more information.
2026-05-17 20:58:29.587 +03:00 [WRN] Entity 'User' has a global query filter defined and is the required end of a relationship with the entity 'UsherProfile'. This may lead to unexpected results when the required entity is filtered out. Either configure the navigation as optional, or define matching query filters for both entities in the navigation. See https://go.microsoft.com/fwlink/?linkid=2131316 for more information.
2026-05-17 20:58:29.803 +03:00 [WRN] No store type was specified for the decimal property 'ExpectedSalaryPerDay' on entity type 'UsherProfile'. This will cause values to be silently truncated if they do not fit in the default precision and scale. Explicitly specify the SQL server column type that can accommodate all the values in 'OnModelCreating' using 'HasColumnType', specify precision and scale using 'HasPrecision', or configure a value converter using 'HasConversion'.
2026-05-17 20:58:33.126 +03:00 [INF] ✅ Database migrated and seeded successfully
2026-05-17 20:58:33.143 +03:00 [INF] 🚀 UshersEg API running at 
2026-05-17 21:00:24.649 +03:00 [INF] HTTP GET /api/v1/jobs responded 200 in 2303.3064 ms
2026-05-17 21:00:36.591 +03:00 [INF] HTTP GET /api/v1/jobs/b92689a3-9af1-46be-a059-43836c9eb4d9 responded 200 in 819.2626 ms
2026-05-17 21:00:36.662 +03:00 [INF] HTTP GET /api/v1/jobs/b92689a3-9af1-46be-a059-43836c9eb4d9 responded 200 in 57.4686 ms
2026-05-17 21:03:21.311 +03:00 [INF] 📧 [LINK GENERATED] Welcome to test1@example.com (zeyad) as Usher
2026-05-17 21:03:25.650 +03:00 [INF] ✅ Email sent successfully to test1@example.com
2026-05-17 21:03:25.801 +03:00 [INF] HTTP POST /api/v1/auth/register responded 200 in 6246.3113 ms
2026-05-17 21:03:41.827 +03:00 [INF] HTTP POST /api/v1/auth/login responded 200 in 575.2110 ms
2026-05-17 21:03:43.638 +03:00 [INF] HTTP GET /api/v1/jobs/saved responded 200 in 522.7722 ms
2026-05-17 21:03:43.662 +03:00 [INF] HTTP GET /api/v1/jobs/saved responded 200 in 19.9468 ms
2026-05-17 21:03:43.749 +03:00 [INF] HTTP GET /api/v1/applications/my responded 200 in 636.9123 ms
2026-05-17 21:03:43.764 +03:00 [INF] HTTP GET /api/v1/applications/my responded 200 in 11.9776 ms
2026-05-17 21:04:08.086 +03:00 [INF] HTTP GET /api/v1/jobs responded 200 in 118.1238 ms
2026-05-17 21:04:21.623 +03:00 [INF] HTTP GET /api/v1/jobs/saved responded 200 in 12.0496 ms
2026-05-17 21:04:21.626 +03:00 [INF] HTTP GET /api/v1/applications/my responded 200 in 15.0165 ms
2026-05-17 21:04:21.635 +03:00 [INF] HTTP GET /api/v1/jobs/saved responded 200 in 9.5247 ms
2026-05-17 21:04:21.639 +03:00 [INF] HTTP GET /api/v1/applications/my responded 200 in 9.8815 ms
2026-05-17 21:04:29.047 +03:00 [INF] HTTP GET /api/v1/users/me responded 200 in 177.1398 ms
2026-05-17 21:04:29.076 +03:00 [INF] HTTP GET /api/v1/users/me responded 200 in 27.0392 ms
2026-05-17 21:05:05.854 +03:00 [INF] HTTP GET /api/v1/jobs responded 200 in 45.9660 ms
2026-05-17 21:05:18.329 +03:00 [INF] HTTP GET /api/v1/jobs/b92689a3-9af1-46be-a059-43836c9eb4d9 responded 200 in 50.0926 ms
2026-05-17 21:05:18.345 +03:00 [INF] HTTP GET /api/v1/jobs/b92689a3-9af1-46be-a059-43836c9eb4d9 responded 200 in 14.1765 ms
2026-05-17 21:05:23.644 +03:00 [INF] HTTP GET /api/v1/jobs responded 200 in 16.0422 ms
2026-05-17 21:05:27.653 +03:00 [INF] HTTP GET /api/v1/jobs/68b433b0-6906-4b2f-a94f-ac0abb2c6a04 responded 200 in 12.7309 ms
2026-05-17 21:05:27.667 +03:00 [INF] HTTP GET /api/v1/jobs/68b433b0-6906-4b2f-a94f-ac0abb2c6a04 responded 200 in 12.7785 ms
2026-05-17 21:05:32.024 +03:00 [INF] HTTP GET /api/v1/jobs responded 200 in 41.5294 ms
2026-05-17 21:05:33.690 +03:00 [INF] HTTP GET /api/v1/jobs/8cbedae5-747b-4e90-98c5-2eb3c0963d7b responded 200 in 67.5317 ms
2026-05-17 21:05:33.706 +03:00 [INF] HTTP GET /api/v1/jobs/8cbedae5-747b-4e90-98c5-2eb3c0963d7b responded 200 in 13.6985 ms
2026-05-17 21:05:36.508 +03:00 [INF] HTTP POST /api/v1/applications responded 200 in 705.0627 ms
2026-05-17 21:05:36.577 +03:00 [INF] HTTP GET /api/v1/jobs/8cbedae5-747b-4e90-98c5-2eb3c0963d7b responded 200 in 62.2244 ms
2026-05-17 21:05:40.608 +03:00 [INF] HTTP GET /api/v1/jobs responded 200 in 29.7961 ms
2026-05-17 21:05:42.234 +03:00 [INF] HTTP GET /api/v1/jobs/saved responded 200 in 30.9357 ms
2026-05-17 21:05:42.245 +03:00 [INF] HTTP GET /api/v1/jobs/saved responded 200 in 8.5234 ms
2026-05-17 21:05:42.250 +03:00 [INF] HTTP GET /api/v1/applications/my responded 200 in 46.5629 ms
2026-05-17 21:05:42.262 +03:00 [INF] HTTP GET /api/v1/applications/my responded 200 in 8.5397 ms
2026-05-17 21:05:48.920 +03:00 [INF] HTTP GET /api/v1/users/me responded 200 in 8.2667 ms
2026-05-17 21:05:48.927 +03:00 [INF] HTTP GET /api/v1/users/me responded 200 in 4.5357 ms
2026-05-17 21:06:40.495 +03:00 [INF] HTTP PUT /api/v1/users/profile responded 200 in 86.9648 ms
2026-05-17 21:06:40.639 +03:00 [INF] HTTP PUT /api/v1/users/usher-profile responded 200 in 132.5089 ms
2026-05-17 21:09:54.320 +03:00 [INF] 📧 [LINK GENERATED] Welcome to zeeyaaad30@gmail.com (zeyad) as Usher
2026-05-17 21:09:56.200 +03:00 [INF] ✅ Email sent successfully to zeeyaaad30@gmail.com
2026-05-17 21:09:56.223 +03:00 [INF] HTTP POST /api/v1/auth/register responded 200 in 2479.9565 ms
2026-05-17 21:10:14.959 +03:00 [INF] HTTP POST /api/v1/auth/login responded 200 in 462.7765 ms
2026-05-17 21:10:15.357 +03:00 [INF] HTTP GET /api/v1/jobs/saved responded 200 in 40.8245 ms
2026-05-17 21:10:15.366 +03:00 [INF] HTTP GET /api/v1/applications/my responded 200 in 52.3963 ms
2026-05-17 21:10:15.368 +03:00 [INF] HTTP GET /api/v1/jobs/saved responded 200 in 7.9518 ms
2026-05-17 21:10:15.378 +03:00 [INF] HTTP GET /api/v1/applications/my responded 200 in 9.6340 ms
2026-05-17 21:11:07.014 +03:00 [INF] 📧 [LINK GENERATED] Password Reset to zeeyaaad30@gmail.com: http://localhost:3000/reset-password?token=ae1c037bbb474d3c8ecf254a7e1a4c96
2026-05-17 21:11:09.046 +03:00 [INF] ✅ Email sent successfully to zeeyaaad30@gmail.com
2026-05-17 21:11:09.052 +03:00 [INF] HTTP POST /api/v1/auth/forgot-password responded 200 in 2151.4266 ms
2026-05-17 21:12:57.706 +03:00 [INF] HTTP POST /api/v1/auth/login responded 200 in 467.5030 ms
2026-05-17 21:12:58.090 +03:00 [INF] HTTP GET /api/v1/jobs/saved responded 200 in 42.0967 ms
2026-05-17 21:12:58.102 +03:00 [INF] HTTP GET /api/v1/jobs/saved responded 200 in 8.8601 ms
2026-05-17 21:12:58.102 +03:00 [INF] HTTP GET /api/v1/applications/my responded 200 in 55.0661 ms
2026-05-17 21:12:58.115 +03:00 [INF] HTTP GET /api/v1/applications/my responded 200 in 8.6784 ms
2026-05-17 21:13:08.420 +03:00 [INF] HTTP GET /api/v1/jobs responded 200 in 42.3257 ms
2026-05-17 21:15:18.603 +03:00 [INF] HTTP GET /api/v1/jobs/saved responded 200 in 36.0356 ms
2026-05-17 21:15:18.615 +03:00 [INF] HTTP GET /api/v1/jobs/saved responded 200 in 9.1476 ms
2026-05-17 21:15:18.615 +03:00 [INF] HTTP GET /api/v1/applications/my responded 200 in 47.8515 ms
2026-05-17 21:15:18.629 +03:00 [INF] HTTP GET /api/v1/applications/my responded 200 in 9.3082 ms
2026-05-17 21:15:30.021 +03:00 [INF] HTTP GET /api/v1/users/me responded 200 in 22.2674 ms
2026-05-17 21:15:30.029 +03:00 [INF] HTTP GET /api/v1/users/me responded 200 in 6.0964 ms
2026-05-17 21:15:47.320 +03:00 [INF] HTTP POST /api/v1/users/upload-formal-photo responded 200 in 115.4378 ms
2026-05-17 21:15:55.576 +03:00 [INF] HTTP POST /api/v1/users/upload-casual-photo responded 200 in 79.0261 ms
2026-05-17 21:19:49.461 +03:00 [INF] HTTP PUT /api/v1/users/profile responded 200 in 46.7124 ms
2026-05-17 21:19:49.517 +03:00 [INF] HTTP PUT /api/v1/users/usher-profile responded 200 in 44.9555 ms
2026-05-17 21:19:54.578 +03:00 [INF] HTTP PUT /api/v1/users/profile responded 200 in 26.8280 ms
2026-05-17 21:19:54.603 +03:00 [INF] HTTP PUT /api/v1/users/usher-profile responded 200 in 13.4126 ms
2026-05-17 21:19:59.486 +03:00 [INF] HTTP GET /api/v1/jobs responded 200 in 43.4727 ms
2026-05-17 21:20:04.468 +03:00 [INF] HTTP GET /api/v1/jobs/8cbedae5-747b-4e90-98c5-2eb3c0963d7b responded 200 in 41.8991 ms
2026-05-17 21:20:04.482 +03:00 [INF] HTTP GET /api/v1/jobs/8cbedae5-747b-4e90-98c5-2eb3c0963d7b responded 200 in 11.1428 ms
2026-05-17 21:20:07.036 +03:00 [INF] HTTP POST /api/v1/applications responded 200 in 50.9959 ms
2026-05-17 21:20:07.055 +03:00 [INF] HTTP GET /api/v1/jobs/8cbedae5-747b-4e90-98c5-2eb3c0963d7b responded 200 in 10.0191 ms
2026-05-17 21:20:15.044 +03:00 [INF] HTTP GET /api/v1/jobs responded 200 in 12.2603 ms
2026-05-17 21:20:37.417 +03:00 [INF] HTTP GET /api/v1/users/me responded 200 in 5.6011 ms
2026-05-17 21:20:43.547 +03:00 [INF] HTTP GET /api/v1/users/me responded 200 in 6.0557 ms
2026-05-17 21:21:23.394 +03:00 [INF] HTTP GET /api/v1/users/me responded 200 in 23.5397 ms
2026-05-17 21:21:25.591 +03:00 [INF] HTTP GET /api/v1/jobs responded 200 in 47.4309 ms
2026-05-17 21:21:27.557 +03:00 [INF] HTTP GET /api/v1/jobs/8cbedae5-747b-4e90-98c5-2eb3c0963d7b responded 200 in 73.8051 ms
2026-05-17 21:21:27.572 +03:00 [INF] HTTP GET /api/v1/jobs/8cbedae5-747b-4e90-98c5-2eb3c0963d7b responded 200 in 12.1010 ms
2026-05-17 21:21:29.284 +03:00 [INF] HTTP GET /api/v1/jobs responded 200 in 14.3060 ms
2026-05-17 21:21:31.223 +03:00 [INF] HTTP GET /api/v1/users/me responded 200 in 9.9380 ms
2026-05-17 21:21:31.241 +03:00 [INF] HTTP GET /api/v1/users/me responded 200 in 10.2019 ms
2026-05-17 21:21:31.299 +03:00 [INF] HTTP GET /api/v1/jobs/saved responded 200 in 80.8014 ms
2026-05-17 21:21:31.311 +03:00 [INF] HTTP GET /api/v1/jobs/saved responded 200 in 9.5026 ms
2026-05-17 21:21:31.318 +03:00 [INF] HTTP GET /api/v1/applications/my responded 200 in 101.8710 ms
2026-05-17 21:21:31.333 +03:00 [INF] HTTP GET /api/v1/applications/my responded 200 in 12.2004 ms
2026-05-17 21:33:47.431 +03:00 [INF] HTTP POST /api/v1/auth/login responded 401 in 443.8648 ms
2026-05-17 21:33:51.716 +03:00 [INF] HTTP POST /api/v1/auth/login responded 200 in 475.3869 ms
2026-05-17 21:33:52.247 +03:00 [INF] HTTP GET /api/v1/jobs/saved responded 200 in 59.5214 ms
2026-05-17 21:33:52.258 +03:00 [INF] HTTP GET /api/v1/jobs/saved responded 200 in 8.1767 ms
2026-05-17 21:33:52.289 +03:00 [INF] HTTP GET /api/v1/applications/my responded 200 in 102.2346 ms
2026-05-17 21:33:52.309 +03:00 [INF] HTTP GET /api/v1/applications/my responded 200 in 16.3398 ms
2026-05-17 21:34:27.472 +03:00 [INF] HTTP POST /api/v1/auth/login responded 401 in 425.5370 ms
2026-05-17 21:34:27.584 +03:00 [INF] HTTP POST /api/v1/auth/refresh-token responded 200 in 99.3255 ms
2026-05-17 21:34:28.055 +03:00 [INF] HTTP POST /api/v1/auth/login responded 401 in 460.7822 ms
2026-05-17 21:34:57.921 +03:00 [INF] HTTP POST /api/v1/auth/login responded 401 in 456.3085 ms
2026-05-17 21:34:57.958 +03:00 [INF] HTTP POST /api/v1/auth/refresh-token responded 200 in 25.9570 ms
2026-05-17 21:34:58.442 +03:00 [INF] HTTP POST /api/v1/auth/login responded 401 in 474.4893 ms
2026-05-17 21:36:19.758 +03:00 [INF] HTTP POST /api/v1/auth/login responded 401 in 441.1866 ms
2026-05-17 21:36:19.792 +03:00 [INF] HTTP POST /api/v1/auth/refresh-token responded 200 in 21.4801 ms
2026-05-17 21:36:20.284 +03:00 [INF] HTTP POST /api/v1/auth/login responded 401 in 480.3954 ms
2026-05-17 21:36:33.887 +03:00 [INF] HTTP POST /api/v1/auth/register responded 400 in 12.1368 ms
2026-05-17 21:36:51.770 +03:00 [INF] HTTP GET /api/v1/users/me responded 200 in 19.1496 ms
2026-05-17 21:36:51.779 +03:00 [INF] HTTP GET /api/v1/users/me responded 200 in 4.8332 ms
2026-05-17 21:36:51.807 +03:00 [INF] HTTP GET /api/v1/jobs/saved responded 200 in 49.4620 ms
2026-05-17 21:36:51.810 +03:00 [INF] HTTP GET /api/v1/applications/my responded 200 in 53.5142 ms
2026-05-17 21:36:51.817 +03:00 [INF] HTTP GET /api/v1/jobs/saved responded 200 in 7.3756 ms
2026-05-17 21:36:51.821 +03:00 [INF] HTTP GET /api/v1/applications/my responded 200 in 8.3599 ms
2026-05-17 21:36:57.017 +03:00 [INF] HTTP POST /api/v1/auth/login responded 401 in 412.9927 ms
2026-05-17 21:36:59.824 +03:00 [INF] HTTP POST /api/v1/auth/login responded 401 in 429.1822 ms
2026-05-17 21:37:51.175 +03:00 [INF] HTTP POST /api/v1/auth/register responded 400 in 14.9676 ms
2026-05-17 21:38:29.647 +03:00 [INF] 📧 [LINK GENERATED] Welcome to ushers.recruting@gmail.com (KAMAL) as Employer
2026-05-17 21:38:34.720 +03:00 [INF] ✅ Email sent successfully to ushers.recruting@gmail.com
2026-05-17 21:38:34.732 +03:00 [INF] HTTP POST /api/v1/auth/register responded 200 in 5543.2790 ms
2026-05-17 21:38:40.093 +03:00 [INF] HTTP POST /api/v1/auth/login responded 200 in 445.8206 ms
2026-05-17 21:38:41.121 +03:00 [INF] HTTP GET /api/v1/jobs/my responded 200 in 374.0193 ms
2026-05-17 21:38:41.132 +03:00 [INF] HTTP GET /api/v1/jobs/my responded 200 in 8.3213 ms
2026-05-17 21:39:00.292 +03:00 [INF] HTTP POST /api/v1/auth/login responded 200 in 416.6770 ms
2026-05-17 21:39:00.659 +03:00 [INF] HTTP GET /api/v1/jobs/saved responded 200 in 37.4259 ms
2026-05-17 21:39:00.670 +03:00 [INF] HTTP GET /api/v1/jobs/saved responded 200 in 8.6564 ms
2026-05-17 21:39:00.673 +03:00 [INF] HTTP GET /api/v1/applications/my responded 200 in 51.5908 ms
2026-05-17 21:39:00.686 +03:00 [INF] HTTP GET /api/v1/applications/my responded 200 in 10.5038 ms
2026-05-17 21:39:45.268 +03:00 [INF] HTTP POST /api/v1/auth/login responded 200 in 440.5867 ms
2026-05-17 21:39:45.922 +03:00 [INF] HTTP GET /api/v1/jobs/my responded 200 in 51.2133 ms
2026-05-17 21:39:45.938 +03:00 [INF] HTTP GET /api/v1/jobs/my responded 200 in 8.0573 ms
2026-05-17 21:40:31.850 +03:00 [INF] HTTP GET /api/v1/companies/my responded 404 in 193.1435 ms
2026-05-17 21:40:31.859 +03:00 [INF] HTTP GET /api/v1/companies/my responded 404 in 6.0281 ms
2026-05-17 22:07:15.907 +03:00 [INF] HTTP POST /api/v1/companies/upload-logo responded 200 in 41.2499 ms
2026-05-17 22:07:41.257 +03:00 [INF] HTTP POST /api/v1/companies responded 200 in 53.2290 ms
2026-05-17 22:12:08.329 +03:00 [INF] HTTP POST /api/v1/jobs responded 201 in 73.4983 ms
2026-05-17 22:12:08.349 +03:00 [INF] HTTP GET /api/v1/jobs/my responded 200 in 15.7833 ms
2026-05-17 22:12:21.618 +03:00 [INF] HTTP GET /api/v1/users/me responded 200 in 5.9904 ms
2026-05-17 22:12:21.689 +03:00 [INF] HTTP GET /api/v1/jobs/saved responded 200 in 12.5566 ms
2026-05-17 22:12:21.693 +03:00 [INF] HTTP GET /api/v1/jobs/saved responded 200 in 3.1017 ms
2026-05-17 22:12:21.699 +03:00 [INF] HTTP GET /api/v1/applications/my responded 200 in 23.1152 ms
2026-05-17 22:12:21.703 +03:00 [INF] HTTP GET /api/v1/applications/my responded 200 in 3.1315 ms
2026-05-17 22:12:24.177 +03:00 [INF] HTTP GET /api/v1/jobs responded 200 in 11.1529 ms
2026-05-17 22:12:33.253 +03:00 [INF] HTTP GET /api/v1/jobs/415bc38b-a537-431c-b630-0d2766cad730 responded 200 in 23.0003 ms
2026-05-17 22:12:33.258 +03:00 [INF] HTTP GET /api/v1/jobs/415bc38b-a537-431c-b630-0d2766cad730 responded 200 in 3.4935 ms
2026-05-17 22:12:35.186 +03:00 [INF] HTTP POST /api/v1/applications responded 200 in 21.2260 ms
2026-05-17 22:12:35.205 +03:00 [INF] HTTP GET /api/v1/jobs/415bc38b-a537-431c-b630-0d2766cad730 responded 200 in 15.8258 ms
2026-05-17 22:12:39.101 +03:00 [INF] HTTP GET /api/v1/jobs responded 200 in 8.4390 ms
2026-05-17 22:12:41.174 +03:00 [INF] HTTP GET /api/v1/jobs/saved responded 200 in 13.4316 ms
2026-05-17 22:12:41.177 +03:00 [INF] HTTP GET /api/v1/jobs/saved responded 200 in 1.9633 ms
2026-05-17 22:12:41.178 +03:00 [INF] HTTP GET /api/v1/applications/my responded 200 in 17.5195 ms
2026-05-17 22:12:41.181 +03:00 [INF] HTTP GET /api/v1/applications/my responded 200 in 2.6908 ms
2026-05-17 22:12:43.617 +03:00 [INF] HTTP GET /api/v1/users/me responded 200 in 9.5391 ms
2026-05-17 22:12:43.666 +03:00 [INF] HTTP GET /api/v1/jobs/saved responded 200 in 10.2096 ms
2026-05-17 22:12:43.670 +03:00 [INF] HTTP GET /api/v1/applications/my responded 200 in 14.0490 ms
2026-05-17 22:12:43.670 +03:00 [INF] HTTP GET /api/v1/jobs/saved responded 200 in 2.8469 ms
2026-05-17 22:12:43.676 +03:00 [INF] HTTP GET /api/v1/applications/my responded 200 in 4.4340 ms
2026-05-17 22:13:10.833 +03:00 [INF] HTTP GET /api/v1/users/me responded 200 in 4.9858 ms
2026-05-17 22:13:10.955 +03:00 [INF] HTTP GET /api/v1/jobs/my responded 200 in 18.8417 ms
2026-05-17 22:13:10.961 +03:00 [INF] HTTP GET /api/v1/jobs/my responded 200 in 4.3188 ms
2026-05-17 22:14:34.707 +03:00 [INF] HTTP GET /api/v1/jobs responded 200 in 13.0748 ms
2026-05-17 22:15:29.571 +03:00 [INF] HTTP GET /api/v1/jobs/415bc38b-a537-431c-b630-0d2766cad730 responded 200 in 18.5049 ms
2026-05-17 22:15:29.576 +03:00 [INF] HTTP GET /api/v1/jobs/415bc38b-a537-431c-b630-0d2766cad730 responded 200 in 4.4828 ms
2026-05-17 22:15:33.813 +03:00 [INF] HTTP GET /api/v1/users/me responded 200 in 5.1360 ms
2026-05-17 22:15:38.024 +03:00 [INF] HTTP GET /api/v1/users/me responded 200 in 2.8615 ms
2026-05-17 22:15:38.027 +03:00 [INF] HTTP GET /api/v1/jobs/415bc38b-a537-431c-b630-0d2766cad730 responded 200 in 4.5906 ms
